../Core/Src/Tetris_Logic.c:12:12:BuildTetrominoe	408	static
../Core/Src/Tetris_Logic.c:212:12:RotateTetrominoe	168	static
../Core/Src/Tetris_Logic.c:333:12:ShiftTetrominoe	104	static
../Core/Src/Tetris_Logic.c:448:6:DrawBoard	24	static
../Core/Src/Tetris_Logic.c:524:6:DrawBlock	24	static
../Core/Src/Tetris_Logic.c:540:6:DrawTetrominoe	24	static
../Core/Src/Tetris_Logic.c:562:6:CheckCollision	24	static
../Core/Src/Tetris_Logic.c:584:6:DrawStartScreen	304	static
../Core/Src/Tetris_Logic.c:759:7:InitBoard	344	static
../Core/Src/Tetris_Logic.c:781:7:SetTetrominoe	184	static
../Core/Src/Tetris_Logic.c:803:6:CheckValidSpawn	16	static
../Core/Src/Tetris_Logic.c:823:6:DrawEndScreen	8	static
