../Core/Src/Tetris_Logic.c:12:12:BuildTetrominoe	408	static
../Core/Src/Tetris_Logic.c:212:12:RotateTetrominoe	336	static
../Core/Src/Tetris_Logic.c:343:12:ShiftTetrominoe	272	static
../Core/Src/Tetris_Logic.c:467:6:DrawBoard	16	static
../Core/Src/Tetris_Logic.c:504:6:UpdateBoard	16	static
../Core/Src/Tetris_Logic.c:546:6:DrawBlock	24	static
../Core/Src/Tetris_Logic.c:562:6:DrawTetrominoe	24	static
../Core/Src/Tetris_Logic.c:584:6:CheckCollision	24	static
../Core/Src/Tetris_Logic.c:606:6:DrawStartScreen	328	static
../Core/Src/Tetris_Logic.c:778:7:InitBoard	192	static
../Core/Src/Tetris_Logic.c:800:7:SetTetrominoe	368	static
../Core/Src/Tetris_Logic.c:824:6:DrawEndScreen	8	static
../Core/Src/Tetris_Logic.c:844:6:CheckOverlap	24	static
../Core/Src/Tetris_Logic.c:864:6:CheckRow	16	static
../Core/Src/Tetris_Logic.c:879:7:CheckTetris	200	static
../Core/Src/Tetris_Logic.c:929:12:NewTetrominoe	216	static
