../Core/Src/Tetris_Logic.c:16:12:BuildTetrominoe	392	static
../Core/Src/Tetris_Logic.c:217:12:RotateTetrominoe	320	static
../Core/Src/Tetris_Logic.c:347:12:ShiftTetrominoe	256	static
../Core/Src/Tetris_Logic.c:470:6:DrawBoard	16	static
../Core/Src/Tetris_Logic.c:506:6:UpdateBoard	16	static
../Core/Src/Tetris_Logic.c:551:6:DrawBlock	24	static
../Core/Src/Tetris_Logic.c:567:6:DrawTetrominoe	24	static
../Core/Src/Tetris_Logic.c:589:6:CheckCollision	24	static
../Core/Src/Tetris_Logic.c:611:6:DrawStartScreen	312	static
../Core/Src/Tetris_Logic.c:794:7:InitBoard	192	static
../Core/Src/Tetris_Logic.c:816:7:SetTetrominoe	368	static
../Core/Src/Tetris_Logic.c:840:6:DrawEndScreen	16	static
../Core/Src/Tetris_Logic.c:925:6:CheckOverlap	24	static
../Core/Src/Tetris_Logic.c:945:6:CheckRow	16	static
../Core/Src/Tetris_Logic.c:960:7:CheckTetris	360	static
../Core/Src/Tetris_Logic.c:999:12:NewTetrominoe	216	static
../Core/Src/Tetris_Logic.c:1010:6:ReturnEnd	4	static
../Core/Src/Tetris_Logic.c:1017:6:IncTime	4	static
