../Core/Src/Tetris_Logic.c:15:12:BuildTetrominoe	408	static
../Core/Src/Tetris_Logic.c:217:12:RotateTetrominoe	336	static
../Core/Src/Tetris_Logic.c:348:12:ShiftTetrominoe	272	static
../Core/Src/Tetris_Logic.c:472:6:DrawBoard	16	static
../Core/Src/Tetris_Logic.c:509:6:UpdateBoard	16	static
../Core/Src/Tetris_Logic.c:551:6:DrawBlock	24	static
../Core/Src/Tetris_Logic.c:567:6:DrawTetrominoe	24	static
../Core/Src/Tetris_Logic.c:589:6:CheckCollision	24	static
../Core/Src/Tetris_Logic.c:611:6:DrawStartScreen	336	static
../Core/Src/Tetris_Logic.c:794:7:InitBoard	192	static
../Core/Src/Tetris_Logic.c:816:7:SetTetrominoe	368	static
../Core/Src/Tetris_Logic.c:840:6:DrawEndScreen	16	static
../Core/Src/Tetris_Logic.c:873:6:CheckOverlap	24	static
../Core/Src/Tetris_Logic.c:893:6:CheckRow	16	static
../Core/Src/Tetris_Logic.c:908:7:CheckTetris	200	static
../Core/Src/Tetris_Logic.c:958:12:NewTetrominoe	216	static
../Core/Src/Tetris_Logic.c:969:6:ReturnEnd	4	static
../Core/Src/Tetris_Logic.c:976:6:IncTime	4	static
