../Core/Src/Tetris_Logic.c:16:12:BuildTetrominoe	408	static
../Core/Src/Tetris_Logic.c:218:12:RotateTetrominoe	336	static
../Core/Src/Tetris_Logic.c:349:12:ShiftTetrominoe	272	static
../Core/Src/Tetris_Logic.c:473:6:DrawBoard	16	static
../Core/Src/Tetris_Logic.c:510:6:UpdateBoard	16	static
../Core/Src/Tetris_Logic.c:555:6:DrawBlock	24	static
../Core/Src/Tetris_Logic.c:571:6:DrawTetrominoe	24	static
../Core/Src/Tetris_Logic.c:593:6:CheckCollision	24	static
../Core/Src/Tetris_Logic.c:615:6:DrawStartScreen	336	static
../Core/Src/Tetris_Logic.c:804:7:InitBoard	192	static
../Core/Src/Tetris_Logic.c:826:7:SetTetrominoe	368	static
../Core/Src/Tetris_Logic.c:850:6:DrawEndScreen	16	static
../Core/Src/Tetris_Logic.c:906:6:CheckOverlap	24	static
../Core/Src/Tetris_Logic.c:926:6:CheckRow	16	static
../Core/Src/Tetris_Logic.c:941:7:CheckTetris	360	static
../Core/Src/Tetris_Logic.c:980:12:NewTetrominoe	216	static
../Core/Src/Tetris_Logic.c:991:6:ReturnEnd	4	static
../Core/Src/Tetris_Logic.c:998:6:IncTime	4	static
