Archive member included to satisfy reference by file (symbol)

C:/ST/STM32CubeIDE_1.16.0/STM32CubeIDE/plugins/com.st.stm32cube.ide.mcu.externaltools.gnu-tools-for-stm32.12.3.rel1.win32_1.0.200.202406191623/tools/bin/../lib/gcc/arm-none-eabi/12.3.1/../../../../arm-none-eabi/lib/thumb/v7e-m+fp/hard\libc_nano.a(libc_a-exit.o)
                              C:/ST/STM32CubeIDE_1.16.0/STM32CubeIDE/plugins/com.st.stm32cube.ide.mcu.externaltools.gnu-tools-for-stm32.12.3.rel1.win32_1.0.200.202406191623/tools/bin/../lib/gcc/arm-none-eabi/12.3.1/../../../../arm-none-eabi/lib/thumb/v7e-m+fp/hard/crt0.o (exit)
C:/ST/STM32CubeIDE_1.16.0/STM32CubeIDE/plugins/com.st.stm32cube.ide.mcu.externaltools.gnu-tools-for-stm32.12.3.rel1.win32_1.0.200.202406191623/tools/bin/../lib/gcc/arm-none-eabi/12.3.1/../../../../arm-none-eabi/lib/thumb/v7e-m+fp/hard\libc_nano.a(libc_a-findfp.o)
                              C:/ST/STM32CubeIDE_1.16.0/STM32CubeIDE/plugins/com.st.stm32cube.ide.mcu.externaltools.gnu-tools-for-stm32.12.3.rel1.win32_1.0.200.202406191623/tools/bin/../lib/gcc/arm-none-eabi/12.3.1/../../../../arm-none-eabi/lib/thumb/v7e-m+fp/hard\libc_nano.a(libc_a-exit.o) (__stdio_exit_handler)
C:/ST/STM32CubeIDE_1.16.0/STM32CubeIDE/plugins/com.st.stm32cube.ide.mcu.externaltools.gnu-tools-for-stm32.12.3.rel1.win32_1.0.200.202406191623/tools/bin/../lib/gcc/arm-none-eabi/12.3.1/../../../../arm-none-eabi/lib/thumb/v7e-m+fp/hard\libc_nano.a(libc_a-fwalk.o)
                              C:/ST/STM32CubeIDE_1.16.0/STM32CubeIDE/plugins/com.st.stm32cube.ide.mcu.externaltools.gnu-tools-for-stm32.12.3.rel1.win32_1.0.200.202406191623/tools/bin/../lib/gcc/arm-none-eabi/12.3.1/../../../../arm-none-eabi/lib/thumb/v7e-m+fp/hard\libc_nano.a(libc_a-findfp.o) (_fwalk_sglue)
C:/ST/STM32CubeIDE_1.16.0/STM32CubeIDE/plugins/com.st.stm32cube.ide.mcu.externaltools.gnu-tools-for-stm32.12.3.rel1.win32_1.0.200.202406191623/tools/bin/../lib/gcc/arm-none-eabi/12.3.1/../../../../arm-none-eabi/lib/thumb/v7e-m+fp/hard\libc_nano.a(libc_a-stdio.o)
                              C:/ST/STM32CubeIDE_1.16.0/STM32CubeIDE/plugins/com.st.stm32cube.ide.mcu.externaltools.gnu-tools-for-stm32.12.3.rel1.win32_1.0.200.202406191623/tools/bin/../lib/gcc/arm-none-eabi/12.3.1/../../../../arm-none-eabi/lib/thumb/v7e-m+fp/hard\libc_nano.a(libc_a-findfp.o) (__sread)
C:/ST/STM32CubeIDE_1.16.0/STM32CubeIDE/plugins/com.st.stm32cube.ide.mcu.externaltools.gnu-tools-for-stm32.12.3.rel1.win32_1.0.200.202406191623/tools/bin/../lib/gcc/arm-none-eabi/12.3.1/../../../../arm-none-eabi/lib/thumb/v7e-m+fp/hard\libc_nano.a(libc_a-memset.o)
                              C:/ST/STM32CubeIDE_1.16.0/STM32CubeIDE/plugins/com.st.stm32cube.ide.mcu.externaltools.gnu-tools-for-stm32.12.3.rel1.win32_1.0.200.202406191623/tools/bin/../lib/gcc/arm-none-eabi/12.3.1/../../../../arm-none-eabi/lib/thumb/v7e-m+fp/hard/crt0.o (memset)
C:/ST/STM32CubeIDE_1.16.0/STM32CubeIDE/plugins/com.st.stm32cube.ide.mcu.externaltools.gnu-tools-for-stm32.12.3.rel1.win32_1.0.200.202406191623/tools/bin/../lib/gcc/arm-none-eabi/12.3.1/../../../../arm-none-eabi/lib/thumb/v7e-m+fp/hard\libc_nano.a(libc_a-closer.o)
                              C:/ST/STM32CubeIDE_1.16.0/STM32CubeIDE/plugins/com.st.stm32cube.ide.mcu.externaltools.gnu-tools-for-stm32.12.3.rel1.win32_1.0.200.202406191623/tools/bin/../lib/gcc/arm-none-eabi/12.3.1/../../../../arm-none-eabi/lib/thumb/v7e-m+fp/hard\libc_nano.a(libc_a-stdio.o) (_close_r)
C:/ST/STM32CubeIDE_1.16.0/STM32CubeIDE/plugins/com.st.stm32cube.ide.mcu.externaltools.gnu-tools-for-stm32.12.3.rel1.win32_1.0.200.202406191623/tools/bin/../lib/gcc/arm-none-eabi/12.3.1/../../../../arm-none-eabi/lib/thumb/v7e-m+fp/hard\libc_nano.a(libc_a-reent.o)
                              C:/ST/STM32CubeIDE_1.16.0/STM32CubeIDE/plugins/com.st.stm32cube.ide.mcu.externaltools.gnu-tools-for-stm32.12.3.rel1.win32_1.0.200.202406191623/tools/bin/../lib/gcc/arm-none-eabi/12.3.1/../../../../arm-none-eabi/lib/thumb/v7e-m+fp/hard\libc_nano.a(libc_a-closer.o) (errno)
C:/ST/STM32CubeIDE_1.16.0/STM32CubeIDE/plugins/com.st.stm32cube.ide.mcu.externaltools.gnu-tools-for-stm32.12.3.rel1.win32_1.0.200.202406191623/tools/bin/../lib/gcc/arm-none-eabi/12.3.1/../../../../arm-none-eabi/lib/thumb/v7e-m+fp/hard\libc_nano.a(libc_a-impure.o)
                              C:/ST/STM32CubeIDE_1.16.0/STM32CubeIDE/plugins/com.st.stm32cube.ide.mcu.externaltools.gnu-tools-for-stm32.12.3.rel1.win32_1.0.200.202406191623/tools/bin/../lib/gcc/arm-none-eabi/12.3.1/../../../../arm-none-eabi/lib/thumb/v7e-m+fp/hard\libc_nano.a(libc_a-reent.o) (_impure_ptr)
C:/ST/STM32CubeIDE_1.16.0/STM32CubeIDE/plugins/com.st.stm32cube.ide.mcu.externaltools.gnu-tools-for-stm32.12.3.rel1.win32_1.0.200.202406191623/tools/bin/../lib/gcc/arm-none-eabi/12.3.1/../../../../arm-none-eabi/lib/thumb/v7e-m+fp/hard\libc_nano.a(libc_a-lseekr.o)
[...]
Memory Configuration

Name             Origin             Length             Attributes
CCMRAM           0x10000000         0x00010000         xrw
RAM              0x20000000         0x00030000         xrw
FLASH            0x08000000         0x00200000         xr
*default*        0x00000000         0xffffffff

Linker script and memory map

LOAD C:/ST/STM32CubeIDE_1.16.0/STM32CubeIDE/plugins/com.st.stm32cube.ide.mcu.externaltools.gnu-tools-for-stm32.12.3.rel1.win32_1.0.200.202406191623/tools/bin/../lib/gcc/arm-none-eabi/12.3.1/thumb/v7e-m+fp/hard/crti.o
LOAD C:/ST/STM32CubeIDE_1.16.0/STM32CubeIDE/plugins/com.st.stm32cube.ide.mcu.externaltools.gnu-tools-for-stm32.12.3.rel1.win32_1.0.200.202406191623/tools/bin/../lib/gcc/arm-none-eabi/12.3.1/thumb/v7e-m+fp/hard/crtbegin.o
LOAD C:/ST/STM32CubeIDE_1.16.0/STM32CubeIDE/plugins/com.st.stm32cube.ide.mcu.externaltools.gnu-tools-for-stm32.12.3.rel1.win32_1.0.200.202406191623/tools/bin/../lib/gcc/arm-none-eabi/12.3.1/../../../../arm-none-eabi/lib/thumb/v7e-m+fp/hard/crt0.o
LOAD ./Core/Src/ApplicationCode.o
LOAD ./Core/Src/Button_Driver.o
LOAD ./Core/Src/LCD_Driver.o
LOAD ./Core/Src/Tetris_Logic.o
LOAD ./Core/Src/Timer_Driver.o
LOAD ./Core/Src/fonts.o
LOAD ./Core/Src/ili9341.o
LOAD ./Core/Src/main.o
LOAD ./Core/Src/stm32f4xx_hal_msp.o
LOAD ./Core/Src/stm32f4xx_it.o
LOAD ./Core/Src/stmpe811.o
LOAD ./Core/Src/syscalls.o
LOAD ./Core/Src/sysmem.o
LOAD ./Core/Src/system_stm32f4xx.o
LOAD ./Core/Startup/startup_stm32f429zitx.o
LOAD ./Drivers/STM32F4xx_HAL_Driver/Src/stm32f4xx_hal.o
LOAD ./Drivers/STM32F4xx_HAL_Driver/Src/stm32f4xx_hal_cortex.o
LOAD ./Drivers/STM32F4xx_HAL_Driver/Src/stm32f4xx_hal_dma.o
LOAD ./Drivers/STM32F4xx_HAL_Driver/Src/stm32f4xx_hal_dma_ex.o
LOAD ./Drivers/STM32F4xx_HAL_Driver/Src/stm32f4xx_hal_dsi.o
LOAD ./Drivers/STM32F4xx_HAL_Driver/Src/stm32f4xx_hal_exti.o
LOAD ./Drivers/STM32F4xx_HAL_Driver/Src/stm32f4xx_hal_flash.o
LOAD ./Drivers/STM32F4xx_HAL_Driver/Src/stm32f4xx_hal_flash_ex.o
LOAD ./Drivers/STM32F4xx_HAL_Driver/Src/stm32f4xx_hal_flash_ramfunc.o
LOAD ./Drivers/STM32F4xx_HAL_Driver/Src/stm32f4xx_hal_gpio.o
LOAD ./Drivers/STM32F4xx_HAL_Driver/Src/stm32f4xx_hal_i2c.o
LOAD ./Drivers/STM32F4xx_HAL_Driver/Src/stm32f4xx_hal_i2c_ex.o
LOAD ./Drivers/STM32F4xx_HAL_Driver/Src/stm32f4xx_hal_ltdc.o
LOAD ./Drivers/STM32F4xx_HAL_Driver/Src/stm32f4xx_hal_ltdc_ex.o
LOAD ./Drivers/STM32F4xx_HAL_Driver/Src/stm32f4xx_hal_pwr.o
LOAD ./Drivers/STM32F4xx_HAL_Driver/Src/stm32f4xx_hal_pwr_ex.o
LOAD ./Drivers/STM32F4xx_HAL_Driver/Src/stm32f4xx_hal_rcc.o
LOAD ./Drivers/STM32F4xx_HAL_Driver/Src/stm32f4xx_hal_rcc_ex.o
LOAD ./Drivers/STM32F4xx_HAL_Driver/Src/stm32f4xx_hal_rng.o
LOAD ./Drivers/STM32F4xx_HAL_Driver/Src/stm32f4xx_hal_spi.o
LOAD ./Drivers/STM32F4xx_HAL_Driver/Src/stm32f4xx_hal_tim.o
LOAD ./Drivers/STM32F4xx_HAL_Driver/Src/stm32f4xx_hal_tim_ex.o
START GROUP
LOAD C:/ST/STM32CubeIDE_1.16.0/STM32CubeIDE/plugins/com.st.stm32cube.ide.mcu.externaltools.gnu-tools-for-stm32.12.3.rel1.win32_1.0.200.202406191623/tools/bin/../lib/gcc/arm-none-eabi/12.3.1/../../../../arm-none-eabi/lib/thumb/v7e-m+fp/hard\libc_nano.a
LOAD C:/ST/STM32CubeIDE_1.16.0/STM32CubeIDE/plugins/com.st.stm32cube.ide.mcu.externaltools.gnu-tools-for-stm32.12.3.rel1.win32_1.0.200.202406191623/tools/bin/../lib/gcc/arm-none-eabi/12.3.1/../../../../arm-none-eabi/lib/thumb/v7e-m+fp/hard\libm.a
END GROUP
START GROUP
LOAD C:/ST/STM32CubeIDE_1.16.0/STM32CubeIDE/plugins/com.st.stm32cube.ide.mcu.externaltools.gnu-tools-for-stm32.12.3.rel1.win32_1.0.200.202406191623/tools/bin/../lib/gcc/arm-none-eabi/12.3.1/thumb/v7e-m+fp/hard\libgcc.a
LOAD C:/ST/STM32CubeIDE_1.16.0/STM32CubeIDE/plugins/com.st.stm32cube.ide.mcu.externaltools.gnu-tools-for-stm32.12.3.rel1.win32_1.0.200.202406191623/tools/bin/../lib/gcc/arm-none-eabi/12.3.1/../../../../arm-none-eabi/lib/thumb/v7e-m+fp/hard\libc_nano.a
END GROUP
START GROUP
LOAD C:/ST/STM32CubeIDE_1.16.0/STM32CubeIDE/plugins/com.st.stm32cube.ide.mcu.externaltools.gnu-tools-for-stm32.12.3.rel1.win32_1.0.200.202406191623/tools/bin/../lib/gcc/arm-none-eabi/12.3.1/thumb/v7e-m+fp/hard\libgcc.a
LOAD C:/ST/STM32CubeIDE_1.16.0/STM32CubeIDE/plugins/com.st.stm32cube.ide.mcu.externaltools.gnu-tools-for-stm32.12.3.rel1.win32_1.0.200.202406191623/tools/bin/../lib/gcc/arm-none-eabi/12.3.1/../../../../arm-none-eabi/lib/thumb/v7e-m+fp/hard\libc_nano.a
LOAD C:/ST/STM32CubeIDE_1.16.0/STM32CubeIDE/plugins/com.st.stm32cube.ide.mcu.externaltools.gnu-tools-for-stm32.12.3.rel1.win32_1.0.200.202406191623/tools/bin/../lib/gcc/arm-none-eabi/12.3.1/../../../../arm-none-eabi/lib/thumb/v7e-m+fp/hard\libnosys.a
END GROUP
START GROUP
LOAD C:/ST/STM32CubeIDE_1.16.0/STM32CubeIDE/plugins/com.st.stm32cube.ide.mcu.externaltools.gnu-tools-for-stm32.12.3.rel1.win32_1.0.200.202406191623/tools/bin/../lib/gcc/arm-none-eabi/12.3.1/thumb/v7e-m+fp/hard\libgcc.a
LOAD C:/ST/STM32CubeIDE_1.16.0/STM32CubeIDE/plugins/com.st.stm32cube.ide.mcu.externaltools.gnu-tools-for-stm32.12.3.rel1.win32_1.0.200.202406191623/tools/bin/../lib/gcc/arm-none-eabi/12.3.1/../../../../arm-none-eabi/lib/thumb/v7e-m+fp/hard\libc_nano.a
LOAD C:/ST/STM32CubeIDE_1.16.0/STM32CubeIDE/plugins/com.st.stm32cube.ide.mcu.externaltools.gnu-tools-for-stm32.12.3.rel1.win32_1.0.200.202406191623/tools/bin/../lib/gcc/arm-none-eabi/12.3.1/../../../../arm-none-eabi/lib/thumb/v7e-m+fp/hard\libnosys.a
END GROUP
LOAD C:/ST/STM32CubeIDE_1.16.0/STM32CubeIDE/plugins/com.st.stm32cube.ide.mcu.externaltools.gnu-tools-for-stm32.12.3.rel1.win32_1.0.200.202406191623/tools/bin/../lib/gcc/arm-none-eabi/12.3.1/thumb/v7e-m+fp/hard/crtend.o
LOAD C:/ST/STM32CubeIDE_1.16.0/STM32CubeIDE/plugins/com.st.stm32cube.ide.mcu.externaltools.gnu-tools-for-stm32.12.3.rel1.win32_1.0.200.202406191623/tools/bin/../lib/gcc/arm-none-eabi/12.3.1/thumb/v7e-m+fp/hard/crtn.o
                0x20030000                        _estack = (ORIGIN (RAM) + LENGTH (RAM))
                0x00000200                        _Min_Heap_Size = 0x200
                0x00000400                        _Min_Stack_Size = 0x400

.isr_vector     0x08000000      0x1ac
                0x08000000                        . = ALIGN (0x4)
 *(.isr_vector)
 .isr_vector    0x08000000      0x1ac ./Core/Startup/startup_stm32f429zitx.o
                0x08000000                g_pfnVectors
                0x080001ac                        . = ALIGN (0x4)

.text           0x080001ac     0x519c
                0x080001ac                        . = ALIGN (0x4)
 *(.text)
 .text          0x080001ac       0x40 C:/ST/STM32CubeIDE_1.16.0/STM32CubeIDE/plugins/com.st.stm32cube.ide.mcu.externaltools.gnu-tools-for-stm32.12.3.rel1.win32_1.0.200.202406191623/tools/bin/../lib/gcc/arm-none-eabi/12.3.1/thumb/v7e-m+fp/hard/crtbegin.o
 .text          0x080001ec       0x30 C:/ST/STM32CubeIDE_1.16.0/STM32CubeIDE/plugins/com.st.stm32cube.ide.mcu.externaltools.gnu-tools-for-stm32.12.3.rel1.win32_1.0.200.202406191623/tools/bin/../lib/gcc/arm-none-eabi/12.3.1/thumb/v7e-m+fp/hard\libgcc.a(_aeabi_uldivmod.o)
                0x080001ec                __aeabi_uldivmod
 .text          0x0800021c      0x2bc C:/ST/STM32CubeIDE_1.16.0/STM32CubeIDE/plugins/com.st.stm32cube.ide.mcu.externaltools.gnu-tools-for-stm32.12.3.rel1.win32_1.0.200.202406191623/tools/bin/../lib/gcc/arm-none-eabi/12.3.1/thumb/v7e-m+fp/hard\libgcc.a(_udivmoddi4.o)
                0x0800021c                __udivmoddi4
 .text          0x080004d8        0x4 C:/ST/STM32CubeIDE_1.16.0/STM32CubeIDE/plugins/com.st.stm32cube.ide.mcu.externaltools.gnu-tools-for-stm32.12.3.rel1.win32_1.0.200.202406191623/tools/bin/../lib/gcc/arm-none-eabi/12.3.1/thumb/v7e-m+fp/hard\libgcc.a(_dvmd_tls.o)
                0x080004d8                __aeabi_idiv0
                0x080004d8                __aeabi_ldiv0
 *(.text*)
 .text.ApplicationInit
                0x080004dc       0x26 ./Core/Src/ApplicationCode.o
                0x080004dc                ApplicationInit
 .text.LCD_Visual_Demo
                0x08000502       0x10 ./Core/Src/ApplicationCode.o
                0x08000502                LCD_Visual_Demo
 *fill*         0x08000512        0x2 
 .text.EXTI0_IRQHandler
                0x08000514       0x60 ./Core/Src/ApplicationCode.o
                0x08000514                EXTI0_IRQHandler
 .text.Button_Init_InterruptMode
                0x08000574       0x60 ./Core/Src/Button_Driver.o
                0x08000574                Button_Init_InterruptMode
 .text.LCD_GPIO_Init
                0x080005d4      0x190 ./Core/Src/LCD_Driver.o
                0x080005d4                LCD_GPIO_Init
 .text.LTCD_Layer_Init
                0x08000764       0x80 ./Core/Src/LCD_Driver.o
                0x08000764                LTCD_Layer_Init
 .text.LTCD__Init
                0x080007e4       0xbc ./Core/Src/LCD_Driver.o
                0x080007e4                LTCD__Init
 .text.LCD_Draw_Pixel
                0x080008a0       0x3c ./Core/Src/LCD_Driver.o
                0x080008a0                LCD_Draw_Pixel
 .text.LCD_Draw_Vertical_Line
                0x080008dc       0x4e ./Core/Src/LCD_Driver.o
                0x080008dc                LCD_Draw_Vertical_Line
 .text.LCD_Draw_Horizontal_Line
                0x0800092a       0x4e ./Core/Src/LCD_Driver.o
                0x0800092a                LCD_Draw_Horizontal_Line
 .text.LCD_Clear
                0x08000978       0x44 ./Core/Src/LCD_Driver.o
                0x08000978                LCD_Clear
 .text.LCD_SetTextColor
                0x080009bc       0x20 ./Core/Src/LCD_Driver.o
                0x080009bc                LCD_SetTextColor
 .text.LCD_SetFont
                0x080009dc       0x20 ./Core/Src/LCD_Driver.o
                0x080009dc                LCD_SetFont
 .text.LCD_Draw_Char
                0x080009fc       0xdc ./Core/Src/LCD_Driver.o
                0x080009fc                LCD_Draw_Char
 .text.LCD_DisplayChar
                0x08000ad8       0x44 ./Core/Src/LCD_Driver.o
                0x08000ad8                LCD_DisplayChar
 .text.LCD_Error_Handler
                0x08000b1c        0xc ./Core/Src/LCD_Driver.o
                0x08000b1c                LCD_Error_Handler
 .text.BuildTetrominoe
                0x08000b28      0x474 ./Core/Src/Tetris_Logic.o
                0x08000b28                BuildTetrominoe
 .text.RotateTetrominoe
                0x08000f9c      0x368 ./Core/Src/Tetris_Logic.o
                0x08000f9c                RotateTetrominoe
 .text.ShiftTetrominoe
                0x08001304      0x2d4 ./Core/Src/Tetris_Logic.o
                0x08001304                ShiftTetrominoe
 .text.DrawBoard
                0x080015d8       0xcc ./Core/Src/Tetris_Logic.o
                0x080015d8                DrawBoard
 .text.DrawBlock
                0x080016a4       0x66 ./Core/Src/Tetris_Logic.o
                0x080016a4                DrawBlock
 .text.DrawTetrominoe
                0x0800170a       0x8a ./Core/Src/Tetris_Logic.o
                0x0800170a                DrawTetrominoe
 .text.DrawStartScreen
                0x08001794      0x8a0 ./Core/Src/Tetris_Logic.o
                0x08001794                DrawStartScreen
 .text.Timer6Init
                0x08002034       0x7c ./Core/Src/Timer_Driver.o
                0x08002034                Timer6Init
 .text.StartTimer
                0x080020b0       0x14 ./Core/Src/Timer_Driver.o
                0x080020b0                StartTimer
 .text.ili9341_Init
                0x080020c4      0x294 ./Core/Src/ili9341.o
                0x080020c4                ili9341_Init
 .text.ili9341_Write_Reg
                0x08002358       0x1a ./Core/Src/ili9341.o
                0x08002358                ili9341_Write_Reg
 .text.ili9341_Send_Data
                0x08002372       0x1a ./Core/Src/ili9341.o
                0x08002372                ili9341_Send_Data
 .text.SPI_Init
                0x0800238c       0x74 ./Core/Src/ili9341.o
 .text.SPI_Write
                0x08002400       0x3c ./Core/Src/ili9341.o
 .text.SPI_Error
                0x0800243c       0x18 ./Core/Src/ili9341.o
 .text.SPI_MspInit
                0x08002454       0x74 ./Core/Src/ili9341.o
 .text.LCD_IO_Init
                0x080024c8       0xf0 ./Core/Src/ili9341.o
                0x080024c8                LCD_IO_Init
 .text.LCD_IO_WriteData
                0x080025b8       0x44 ./Core/Src/ili9341.o
                0x080025b8                LCD_IO_WriteData
 .text.LCD_IO_WriteReg
                0x080025fc       0x44 ./Core/Src/ili9341.o
                0x080025fc                LCD_IO_WriteReg
 .text.LCD_Delay
                0x08002640       0x16 ./Core/Src/ili9341.o
                0x08002640                LCD_Delay
 .text.main     0x08002656       0x24 ./Core/Src/main.o
                0x08002656                main
 *fill*         0x0800267a        0x2 
 .text.SystemClockOverride
                0x0800267c       0x80 ./Core/Src/main.o
                0x0800267c                SystemClockOverride
 .text.Error_Handler
                0x080026fc        0xc ./Core/Src/main.o
                0x080026fc                Error_Handler
 .text.HAL_MspInit
                0x08002708       0x50 ./Core/Src/stm32f4xx_hal_msp.o
                0x08002708                HAL_MspInit
 .text.HAL_LTDC_MspInit
                0x08002758      0x250 ./Core/Src/stm32f4xx_hal_msp.o
                0x08002758                HAL_LTDC_MspInit
 .text.HAL_SPI_MspInit
                0x080029a8       0x90 ./Core/Src/stm32f4xx_hal_msp.o
                0x080029a8                HAL_SPI_MspInit
 .text.HAL_SPI_MspDeInit
                0x08002a38       0x3c ./Core/Src/stm32f4xx_hal_msp.o
                0x08002a38                HAL_SPI_MspDeInit
 .text.HAL_TIM_Base_MspInit
                0x08002a74       0x50 ./Core/Src/stm32f4xx_hal_msp.o
                0x08002a74                HAL_TIM_Base_MspInit
 .text.NMI_Handler
                0x08002ac4        0x8 ./Core/Src/stm32f4xx_it.o
                0x08002ac4                NMI_Handler
 .text.HardFault_Handler
                0x08002acc        0x8 ./Core/Src/stm32f4xx_it.o
                0x08002acc                HardFault_Handler
 .text.MemManage_Handler
                0x08002ad4        0x8 ./Core/Src/stm32f4xx_it.o
                0x08002ad4                MemManage_Handler
 .text.BusFault_Handler
                0x08002adc        0x8 ./Core/Src/stm32f4xx_it.o
                0x08002adc                BusFault_Handler
 .text.UsageFault_Handler
                0x08002ae4        0x8 ./Core/Src/stm32f4xx_it.o
                0x08002ae4                UsageFault_Handler
 .text.SVC_Handler
                0x08002aec        0xe ./Core/Src/stm32f4xx_it.o
                0x08002aec                SVC_Handler
 .text.DebugMon_Handler
                0x08002afa        0xe ./Core/Src/stm32f4xx_it.o
                0x08002afa                DebugMon_Handler
 .text.PendSV_Handler
                0x08002b08        0xe ./Core/Src/stm32f4xx_it.o
                0x08002b08                PendSV_Handler
 .text.SysTick_Handler
                0x08002b16        0xc ./Core/Src/stm32f4xx_it.o
                0x08002b16                SysTick_Handler
 *fill*         0x08002b22        0x2 
 .text.TIM6_DAC_IRQHandler
                0x08002b24       0x14 ./Core/Src/stm32f4xx_it.o
                0x08002b24                TIM6_DAC_IRQHandler
 .text.initialise_monitor_handles
                0x08002b38        0xe ./Core/Src/syscalls.o
                0x08002b38                initialise_monitor_handles
 *fill*         0x08002b46        0x2 
 .text.SystemInit
                0x08002b48       0x24 ./Core/Src/system_stm32f4xx.o
                0x08002b48                SystemInit
 .text.Reset_Handler
                0x08002b6c       0x50 ./Core/Startup/startup_stm32f429zitx.o
                0x08002b6c                Reset_Handler
 .text.Default_Handler
                0x08002bbc        0x2 ./Core/Startup/startup_stm32f429zitx.o
                0x08002bbc                RTC_Alarm_IRQHandler
                0x08002bbc                HASH_RNG_IRQHandler
                0x08002bbc                EXTI2_IRQHandler
                0x08002bbc                TIM8_CC_IRQHandler
                0x08002bbc                UART8_IRQHandler
                0x08002bbc                SPI4_IRQHandler
                0x08002bbc                TIM1_CC_IRQHandler
                0x08002bbc                DMA2_Stream5_IRQHandler
                0x08002bbc                DMA1_Stream5_IRQHandler
                0x08002bbc                PVD_IRQHandler
                0x08002bbc                SDIO_IRQHandler
                0x08002bbc                TAMP_STAMP_IRQHandler
                0x08002bbc                CAN2_RX1_IRQHandler
                0x08002bbc                EXTI3_IRQHandler
                0x08002bbc                TIM8_TRG_COM_TIM14_IRQHandler
                0x08002bbc                TIM1_UP_TIM10_IRQHandler
                0x08002bbc                TIM8_UP_TIM13_IRQHandler
                0x08002bbc                I2C3_ER_IRQHandler
                0x08002bbc                I2C2_EV_IRQHandler
                0x08002bbc                DMA1_Stream2_IRQHandler
                0x08002bbc                CAN1_RX0_IRQHandler
                0x08002bbc                FPU_IRQHandler
                0x08002bbc                OTG_HS_WKUP_IRQHandler
                0x08002bbc                LTDC_ER_IRQHandler
                0x08002bbc                CAN2_SCE_IRQHandler
                0x08002bbc                DMA2_Stream2_IRQHandler
                0x08002bbc                SPI1_IRQHandler
                0x08002bbc                TIM1_BRK_TIM9_IRQHandler
                0x08002bbc                DCMI_IRQHandler
                0x08002bbc                CAN2_RX0_IRQHandler
                0x08002bbc                DMA2_Stream3_IRQHandler
                0x08002bbc                USART6_IRQHandler
                0x08002bbc                USART3_IRQHandler
                0x08002bbc                CAN1_RX1_IRQHandler
                0x08002bbc                UART5_IRQHandler
                0x08002bbc                DMA2_Stream0_IRQHandler
                0x08002bbc                TIM4_IRQHandler
                0x08002bbc                I2C1_EV_IRQHandler
                0x08002bbc                DMA1_Stream6_IRQHandler
                0x08002bbc                DMA1_Stream1_IRQHandler
                0x08002bbc                UART4_IRQHandler
                0x08002bbc                TIM3_IRQHandler
                0x08002bbc                RCC_IRQHandler
                0x08002bbc                TIM8_BRK_TIM12_IRQHandler
                0x08002bbc                Default_Handler
                0x08002bbc                EXTI15_10_IRQHandler
                0x08002bbc                ADC_IRQHandler
                0x08002bbc                DMA1_Stream7_IRQHandler
                0x08002bbc                SPI5_IRQHandler
                0x08002bbc                TIM7_IRQHandler
                0x08002bbc                CAN2_TX_IRQHandler
                0x08002bbc                TIM5_IRQHandler
                0x08002bbc                DMA2_Stream7_IRQHandler
                0x08002bbc                I2C3_EV_IRQHandler
                0x08002bbc                EXTI9_5_IRQHandler
                0x08002bbc                RTC_WKUP_IRQHandler
                0x08002bbc                LTDC_IRQHandler
                0x08002bbc                ETH_WKUP_IRQHandler
                0x08002bbc                SPI2_IRQHandler
                0x08002bbc                OTG_HS_EP1_IN_IRQHandler
                0x08002bbc                DMA1_Stream0_IRQHandler
                0x08002bbc                CAN1_TX_IRQHandler
                0x08002bbc                EXTI4_IRQHandler
                0x08002bbc                ETH_IRQHandler
                0x08002bbc                OTG_HS_EP1_OUT_IRQHandler
                0x08002bbc                WWDG_IRQHandler
                0x08002bbc                SPI6_IRQHandler
                0x08002bbc                TIM2_IRQHandler
                0x08002bbc                OTG_FS_WKUP_IRQHandler
                0x08002bbc                TIM1_TRG_COM_TIM11_IRQHandler
                0x08002bbc                OTG_HS_IRQHandler
                0x08002bbc                DMA2D_IRQHandler
                0x08002bbc                EXTI1_IRQHandler
                0x08002bbc                UART7_IRQHandler
                0x08002bbc                USART2_IRQHandler
                0x08002bbc                I2C2_ER_IRQHandler
                0x08002bbc                DMA2_Stream1_IRQHandler
                0x08002bbc                CAN1_SCE_IRQHandler
                0x08002bbc                FLASH_IRQHandler
                0x08002bbc                DMA2_Stream4_IRQHandler
                0x08002bbc                USART1_IRQHandler
                0x08002bbc                OTG_FS_IRQHandler
                0x08002bbc                SPI3_IRQHandler
                0x08002bbc                DMA1_Stream4_IRQHandler
                0x08002bbc                I2C1_ER_IRQHandler
                0x08002bbc                FMC_IRQHandler
                0x08002bbc                DMA2_Stream6_IRQHandler
                0x08002bbc                SAI1_IRQHandler
                0x08002bbc                DMA1_Stream3_IRQHandler
 *fill*         0x08002bbe        0x2 
 .text.HAL_Init
                0x08002bc0       0x44 ./Drivers/STM32F4xx_HAL_Driver/Src/stm32f4xx_hal.o
                0x08002bc0                HAL_Init
 .text.HAL_InitTick
                0x08002c04       0x60 ./Drivers/STM32F4xx_HAL_Driver/Src/stm32f4xx_hal.o
                0x08002c04                HAL_InitTick
 .text.HAL_IncTick
                0x08002c64       0x28 ./Drivers/STM32F4xx_HAL_Driver/Src/stm32f4xx_hal.o
                0x08002c64                HAL_IncTick
 .text.HAL_GetTick
                0x08002c8c       0x18 ./Drivers/STM32F4xx_HAL_Driver/Src/stm32f4xx_hal.o
                0x08002c8c                HAL_GetTick
 .text.HAL_Delay
                0x08002ca4       0x48 ./Drivers/STM32F4xx_HAL_Driver/Src/stm32f4xx_hal.o
                0x08002ca4                HAL_Delay
 .text.__NVIC_SetPriorityGrouping
                0x08002cec       0x48 ./Drivers/STM32F4xx_HAL_Driver/Src/stm32f4xx_hal_cortex.o
 .text.__NVIC_GetPriorityGrouping
                0x08002d34       0x1c ./Drivers/STM32F4xx_HAL_Driver/Src/stm32f4xx_hal_cortex.o
 .text.__NVIC_EnableIRQ
                0x08002d50       0x3c ./Drivers/STM32F4xx_HAL_Driver/Src/stm32f4xx_hal_cortex.o
 .text.__NVIC_DisableIRQ
                0x08002d8c       0x48 ./Drivers/STM32F4xx_HAL_Driver/Src/stm32f4xx_hal_cortex.o
 .text.__NVIC_SetPriority
                0x08002dd4       0x54 ./Drivers/STM32F4xx_HAL_Driver/Src/stm32f4xx_hal_cortex.o
 .text.NVIC_EncodePriority
                0x08002e28       0x66 ./Drivers/STM32F4xx_HAL_Driver/Src/stm32f4xx_hal_cortex.o
 *fill*         0x08002e8e        0x2 
 .text.SysTick_Config
                0x08002e90       0x44 ./Drivers/STM32F4xx_HAL_Driver/Src/stm32f4xx_hal_cortex.o
 .text.HAL_NVIC_SetPriorityGrouping
                0x08002ed4       0x16 ./Drivers/STM32F4xx_HAL_Driver/Src/stm32f4xx_hal_cortex.o
                0x08002ed4                HAL_NVIC_SetPriorityGrouping
 .text.HAL_NVIC_SetPriority
                0x08002eea       0x38 ./Drivers/STM32F4xx_HAL_Driver/Src/stm32f4xx_hal_cortex.o
                0x08002eea                HAL_NVIC_SetPriority
 .text.HAL_NVIC_EnableIRQ
                0x08002f22       0x1c ./Drivers/STM32F4xx_HAL_Driver/Src/stm32f4xx_hal_cortex.o
                0x08002f22                HAL_NVIC_EnableIRQ
 .text.HAL_NVIC_DisableIRQ
                0x08002f3e       0x1c ./Drivers/STM32F4xx_HAL_Driver/Src/stm32f4xx_hal_cortex.o
                0x08002f3e                HAL_NVIC_DisableIRQ
 .text.HAL_SYSTICK_Config
                0x08002f5a       0x18 ./Drivers/STM32F4xx_HAL_Driver/Src/stm32f4xx_hal_cortex.o
                0x08002f5a                HAL_SYSTICK_Config
 *fill*         0x08002f72        0x2 
 .text.HAL_EXTI_ClearPending
                0x08002f74       0x30 ./Drivers/STM32F4xx_HAL_Driver/Src/stm32f4xx_hal_exti.o
                0x08002f74                HAL_EXTI_ClearPending
 .text.HAL_GPIO_Init
                0x08002fa4      0x358 ./Drivers/STM32F4xx_HAL_Driver/Src/stm32f4xx_hal_gpio.o
                0x08002fa4                HAL_GPIO_Init
 .text.HAL_GPIO_DeInit
                0x080032fc      0x218 ./Drivers/STM32F4xx_HAL_Driver/Src/stm32f4xx_hal_gpio.o
                0x080032fc                HAL_GPIO_DeInit
 .text.HAL_GPIO_WritePin
                0x08003514       0x32 ./Drivers/STM32F4xx_HAL_Driver/Src/stm32f4xx_hal_gpio.o
                0x08003514                HAL_GPIO_WritePin
 *fill*         0x08003546        0x2 
 .text.HAL_LTDC_Init
                0x08003548      0x1a0 ./Drivers/STM32F4xx_HAL_Driver/Src/stm32f4xx_hal_ltdc.o
                0x08003548                HAL_LTDC_Init
 .text.HAL_LTDC_ConfigLayer
                0x080036e8       0x7c ./Drivers/STM32F4xx_HAL_Driver/Src/stm32f4xx_hal_ltdc.o
                0x080036e8                HAL_LTDC_ConfigLayer
 .text.LTDC_SetConfig
                0x08003764      0x32e ./Drivers/STM32F4xx_HAL_Driver/Src/stm32f4xx_hal_ltdc.o
 *fill*         0x08003a92        0x2 
 .text.HAL_RCC_OscConfig
                0x08003a94      0x4f0 ./Drivers/STM32F4xx_HAL_Driver/Src/stm32f4xx_hal_rcc.o
                0x08003a94                HAL_RCC_OscConfig
 .text.HAL_RCC_ClockConfig
                0x08003f84      0x1cc ./Drivers/STM32F4xx_HAL_Driver/Src/stm32f4xx_hal_rcc.o
                0x08003f84                HAL_RCC_ClockConfig
 .text.HAL_RCC_GetSysClockFreq
                0x08004150      0x20c ./Drivers/STM32F4xx_HAL_Driver/Src/stm32f4xx_hal_rcc.o
                0x08004150                HAL_RCC_GetSysClockFreq
 .text.HAL_RCCEx_PeriphCLKConfig
                0x0800435c      0x380 ./Drivers/STM32F4xx_HAL_Driver/Src/stm32f4xx_hal_rcc_ex.o
                0x0800435c                HAL_RCCEx_PeriphCLKConfig
 .text.HAL_SPI_Init
                0x080046dc      0x112 ./Drivers/STM32F4xx_HAL_Driver/Src/stm32f4xx_hal_spi.o
                0x080046dc                HAL_SPI_Init
 .text.HAL_SPI_DeInit
                0x080047ee       0x50 ./Drivers/STM32F4xx_HAL_Driver/Src/stm32f4xx_hal_spi.o
                0x080047ee                HAL_SPI_DeInit
 .text.HAL_SPI_Transmit
                0x0800483e      0x288 ./Drivers/STM32F4xx_HAL_Driver/Src/stm32f4xx_hal_spi.o
                0x0800483e                HAL_SPI_Transmit
 .text.HAL_SPI_GetState
                0x08004ac6       0x1c ./Drivers/STM32F4xx_HAL_Driver/Src/stm32f4xx_hal_spi.o
                0x08004ac6                HAL_SPI_GetState
 *fill*         0x08004ae2        0x2 
 .text.SPI_WaitFlagStateUntilTimeout
                0x08004ae4      0x110 ./Drivers/STM32F4xx_HAL_Driver/Src/stm32f4xx_hal_spi.o
 .text.SPI_EndRxTxTransaction
                0x08004bf4       0xa8 ./Drivers/STM32F4xx_HAL_Driver/Src/stm32f4xx_hal_spi.o
 .text.HAL_TIM_Base_Init
                0x08004c9c       0x9e ./Drivers/STM32F4xx_HAL_Driver/Src/stm32f4xx_hal_tim.o
                0x08004c9c                HAL_TIM_Base_Init
 *fill*         0x08004d3a        0x2 
 .text.HAL_TIM_Base_Start_IT
                0x08004d3c       0xe0 ./Drivers/STM32F4xx_HAL_Driver/Src/stm32f4xx_hal_tim.o
                0x08004d3c                HAL_TIM_Base_Start_IT
 .text.HAL_TIM_IRQHandler
                0x08004e1c      0x1e0 ./Drivers/STM32F4xx_HAL_Driver/Src/stm32f4xx_hal_tim.o
                0x08004e1c                HAL_TIM_IRQHandler
 .text.HAL_TIM_PeriodElapsedCallback
                0x08004ffc       0x14 ./Drivers/STM32F4xx_HAL_Driver/Src/stm32f4xx_hal_tim.o
                0x08004ffc                HAL_TIM_PeriodElapsedCallback
 .text.HAL_TIM_OC_DelayElapsedCallback
                0x08005010       0x14 ./Drivers/STM32F4xx_HAL_Driver/Src/stm32f4xx_hal_tim.o
                0x08005010                HAL_TIM_OC_DelayElapsedCallback
 .text.HAL_TIM_IC_CaptureCallback
                0x08005024       0x14 ./Drivers/STM32F4xx_HAL_Driver/Src/stm32f4xx_hal_tim.o
                0x08005024                HAL_TIM_IC_CaptureCallback
 .text.HAL_TIM_PWM_PulseFinishedCallback
                0x08005038       0x14 ./Drivers/STM32F4xx_HAL_Driver/Src/stm32f4xx_hal_tim.o
                0x08005038                HAL_TIM_PWM_PulseFinishedCallback
 .text.HAL_TIM_TriggerCallback
                0x0800504c       0x14 ./Drivers/STM32F4xx_HAL_Driver/Src/stm32f4xx_hal_tim.o
                0x0800504c                HAL_TIM_TriggerCallback
 .text.TIM_Base_SetConfig
                0x08005060      0x158 ./Drivers/STM32F4xx_HAL_Driver/Src/stm32f4xx_hal_tim.o
                0x08005060                TIM_Base_SetConfig
 .text.HAL_TIMEx_MasterConfigSynchronization
                0x080051b8       0xf8 ./Drivers/STM32F4xx_HAL_Driver/Src/stm32f4xx_hal_tim_ex.o
                0x080051b8                HAL_TIMEx_MasterConfigSynchronization
 .text.HAL_TIMEx_CommutCallback
                0x080052b0       0x14 ./Drivers/STM32F4xx_HAL_Driver/Src/stm32f4xx_hal_tim_ex.o
                0x080052b0                HAL_TIMEx_CommutCallback
 .text.HAL_TIMEx_BreakCallback
                0x080052c4       0x14 ./Drivers/STM32F4xx_HAL_Driver/Src/stm32f4xx_hal_tim_ex.o
                0x080052c4                HAL_TIMEx_BreakCallback
 .text.memset   0x080052d8       0x10 C:/ST/STM32CubeIDE_1.16.0/STM32CubeIDE/plugins/com.st.stm32cube.ide.mcu.externaltools.gnu-tools-for-stm32.12.3.rel1.win32_1.0.200.202406191623/tools/bin/../lib/gcc/arm-none-eabi/12.3.1/../../../../arm-none-eabi/lib/thumb/v7e-m+fp/hard\libc_nano.a(libc_a-memset.o)
                0x080052d8                memset
 .text.__libc_init_array
                0x080052e8       0x48 C:/ST/STM32CubeIDE_1.16.0/STM32CubeIDE/plugins/com.st.stm32cube.ide.mcu.externaltools.gnu-tools-for-stm32.12.3.rel1.win32_1.0.200.202406191623/tools/bin/../lib/gcc/arm-none-eabi/12.3.1/../../../../arm-none-eabi/lib/thumb/v7e-m+fp/hard\libc_nano.a(libc_a-init.o)
                0x080052e8                __libc_init_array
 *(.glue_7)
 .glue_7        0x08005330        0x0 linker stubs
 *(.glue_7t)
 .glue_7t       0x08005330        0x0 linker stubs
 *(.eh_frame)
 .eh_frame      0x08005330        0x0 C:/ST/STM32CubeIDE_1.16.0/STM32CubeIDE/plugins/com.st.stm32cube.ide.mcu.externaltools.gnu-tools-for-stm32.12.3.rel1.win32_1.0.200.202406191623/tools/bin/../lib/gcc/arm-none-eabi/12.3.1/thumb/v7e-m+fp/hard/crtbegin.o
 *(.init)
 .init          0x08005330        0x4 C:/ST/STM32CubeIDE_1.16.0/STM32CubeIDE/plugins/com.st.stm32cube.ide.mcu.externaltools.gnu-tools-for-stm32.12.3.rel1.win32_1.0.200.202406191623/tools/bin/../lib/gcc/arm-none-eabi/12.3.1/thumb/v7e-m+fp/hard/crti.o
                0x08005330                _init
 .init          0x08005334        0x8 C:/ST/STM32CubeIDE_1.16.0/STM32CubeIDE/plugins/com.st.stm32cube.ide.mcu.externaltools.gnu-tools-for-stm32.12.3.rel1.win32_1.0.200.202406191623/tools/bin/../lib/gcc/arm-none-eabi/12.3.1/thumb/v7e-m+fp/hard/crtn.o
 *(.fini)
 .fini          0x0800533c        0x4 C:/ST/STM32CubeIDE_1.16.0/STM32CubeIDE/plugins/com.st.stm32cube.ide.mcu.externaltools.gnu-tools-for-stm32.12.3.rel1.win32_1.0.200.202406191623/tools/bin/../lib/gcc/arm-none-eabi/12.3.1/thumb/v7e-m+fp/hard/crti.o
                0x0800533c                _fini
 .fini          0x08005340        0x8 C:/ST/STM32CubeIDE_1.16.0/STM32CubeIDE/plugins/com.st.stm32cube.ide.mcu.externaltools.gnu-tools-for-stm32.12.3.rel1.win32_1.0.200.202406191623/tools/bin/../lib/gcc/arm-none-eabi/12.3.1/thumb/v7e-m+fp/hard/crtn.o
                0x08005348                        . = ALIGN (0x4)
                0x08005348                        _etext = .

.vfp11_veneer   0x08005348        0x0
 .vfp11_veneer  0x08005348        0x0 linker stubs

.v4_bx          0x08005348        0x0
 .v4_bx         0x08005348        0x0 linker stubs

.iplt           0x08005348        0x0
 .iplt          0x08005348        0x0 C:/ST/STM32CubeIDE_1.16.0/STM32CubeIDE/plugins/com.st.stm32cube.ide.mcu.externaltools.gnu-tools-for-stm32.12.3.rel1.win32_1.0.200.202406191623/tools/bin/../lib/gcc/arm-none-eabi/12.3.1/thumb/v7e-m+fp/hard/crtbegin.o

.rodata         0x08005348     0x1b5c
                0x08005348                        . = ALIGN (0x4)
 *(.rodata)
 .rodata        0x08005348       0x79 ./Core/Src/Tetris_Logic.o
 *(.rodata*)
 *fill*         0x080053c1        0x3 
 .rodata.ASCII16x24_Table
                0x080053c4     0x11d0 ./Core/Src/fonts.o
                0x080053c4                ASCII16x24_Table
 .rodata.ASCII12x12_Table
                0x08006594      0x900 ./Core/Src/fonts.o
                0x08006594                ASCII12x12_Table
 .rodata.AHBPrescTable
                0x08006e94       0x10 ./Core/Src/system_stm32f4xx.o
                0x08006e94                AHBPrescTable
                0x08006ea4                        . = ALIGN (0x4)

.ARM.extab      0x08006ea4        0x0
                0x08006ea4                        . = ALIGN (0x4)
 *(.ARM.extab* .gnu.linkonce.armextab.*)
                0x08006ea4                        . = ALIGN (0x4)

.ARM            0x08006ea4        0x8
                0x08006ea4                        . = ALIGN (0x4)
                0x08006ea4                        __exidx_start = .
 *(.ARM.exidx*)
 .ARM.exidx     0x08006ea4        0x8 C:/ST/STM32CubeIDE_1.16.0/STM32CubeIDE/plugins/com.st.stm32cube.ide.mcu.externaltools.gnu-tools-for-stm32.12.3.rel1.win32_1.0.200.202406191623/tools/bin/../lib/gcc/arm-none-eabi/12.3.1/thumb/v7e-m+fp/hard\libgcc.a(_udivmoddi4.o)
                0x08006eac                        __exidx_end = .
                0x08006eac                        . = ALIGN (0x4)

.preinit_array  0x08006eac        0x0
                0x08006eac                        . = ALIGN (0x4)
                0x08006eac                        PROVIDE (__preinit_array_start = .)
 *(.preinit_array*)
                0x08006eac                        PROVIDE (__preinit_array_end = .)
                0x08006eac                        . = ALIGN (0x4)

.init_array     0x08006eac        0x4
                0x08006eac                        . = ALIGN (0x4)
                0x08006eac                        PROVIDE (__init_array_start = .)
 *(SORT_BY_NAME(.init_array.*))
 *(.init_array*)
 .init_array    0x08006eac        0x4 C:/ST/STM32CubeIDE_1.16.0/STM32CubeIDE/plugins/com.st.stm32cube.ide.mcu.externaltools.gnu-tools-for-stm32.12.3.rel1.win32_1.0.200.202406191623/tools/bin/../lib/gcc/arm-none-eabi/12.3.1/thumb/v7e-m+fp/hard/crtbegin.o
                0x08006eb0                        PROVIDE (__init_array_end = .)
                0x08006eb0                        . = ALIGN (0x4)

.fini_array     0x08006eb0        0x4
                0x08006eb0                        . = ALIGN (0x4)
                [!provide]                        PROVIDE (__fini_array_start = .)
 *(SORT_BY_NAME(.fini_array.*))
 *(.fini_array*)
 .fini_array    0x08006eb0        0x4 C:/ST/STM32CubeIDE_1.16.0/STM32CubeIDE/plugins/com.st.stm32cube.ide.mcu.externaltools.gnu-tools-for-stm32.12.3.rel1.win32_1.0.200.202406191623/tools/bin/../lib/gcc/arm-none-eabi/12.3.1/thumb/v7e-m+fp/hard/crtbegin.o
                [!provide]                        PROVIDE (__fini_array_end = .)
                0x08006eb4                        . = ALIGN (0x4)
                0x08006eb4                        _sidata = LOADADDR (.data)

.rel.dyn        0x08006eb4        0x0
 .rel.iplt      0x08006eb4        0x0 C:/ST/STM32CubeIDE_1.16.0/STM32CubeIDE/plugins/com.st.stm32cube.ide.mcu.externaltools.gnu-tools-for-stm32.12.3.rel1.win32_1.0.200.202406191623/tools/bin/../lib/gcc/arm-none-eabi/12.3.1/thumb/v7e-m+fp/hard/crtbegin.o

.data           0x20000000       0x24 load address 0x08006eb4
                0x20000000                        . = ALIGN (0x4)
                0x20000000                        _sdata = .
 *(.data)
 *(.data*)
 .data.CurrentTextColor
                0x20000000        0x2 ./Core/Src/LCD_Driver.o
 *fill*         0x20000002        0x2 
 .data.Font16x24
                0x20000004        0x8 ./Core/Src/fonts.o
                0x20000004                Font16x24
 .data.Font12x12
                0x2000000c        0x8 ./Core/Src/fonts.o
                0x2000000c                Font12x12
 .data.SpiTimeout
                0x20000014        0x4 ./Core/Src/ili9341.o
                0x20000014                SpiTimeout
 .data.SystemCoreClock
                0x20000018        0x4 ./Core/Src/system_stm32f4xx.o
                0x20000018                SystemCoreClock
 .data.uwTickPrio
                0x2000001c        0x4 ./Drivers/STM32F4xx_HAL_Driver/Src/stm32f4xx_hal.o
                0x2000001c                uwTickPrio
 .data.uwTickFreq
                0x20000020        0x1 ./Drivers/STM32F4xx_HAL_Driver/Src/stm32f4xx_hal.o
                0x20000020                uwTickFreq
 *(.RamFunc)
 *(.RamFunc*)
                0x20000024                        . = ALIGN (0x4)
 *fill*         0x20000021        0x3 
                0x20000024                        _edata = .
                0x08006ed8                        _siccmram = LOADADDR (.ccmram)

.igot.plt       0x20000024        0x0 load address 0x08006ed8
 .igot.plt      0x20000024        0x0 C:/ST/STM32CubeIDE_1.16.0/STM32CubeIDE/plugins/com.st.stm32cube.ide.mcu.externaltools.gnu-tools-for-stm32.12.3.rel1.win32_1.0.200.202406191623/tools/bin/../lib/gcc/arm-none-eabi/12.3.1/thumb/v7e-m+fp/hard/crtbegin.o

.ccmram         0x10000000        0x0 load address 0x08006ed8
                0x10000000                        . = ALIGN (0x4)
                0x10000000                        _sccmram = .
 *(.ccmram)
 *(.ccmram*)
                0x10000000                        . = ALIGN (0x4)
                0x10000000                        _eccmram = .
                0x10000000                        . = ALIGN (0x4)

.bss            0x20000024    0x259bc
                0x20000024                        _sbss = .
                0x20000024                        __bss_start__ = _sbss
 *(.bss)
 .bss           0x20000024       0x1c C:/ST/STM32CubeIDE_1.16.0/STM32CubeIDE/plugins/com.st.stm32cube.ide.mcu.externaltools.gnu-tools-for-stm32.12.3.rel1.win32_1.0.200.202406191623/tools/bin/../lib/gcc/arm-none-eabi/12.3.1/thumb/v7e-m+fp/hard/crtbegin.o
 *(.bss*)
 .bss.tetrominoe
                0x20000040       0x1a ./Core/Src/ApplicationCode.o
 *fill*         0x2000005a        0x2 
 .bss.hltdc     0x2000005c       0xa8 ./Core/Src/LCD_Driver.o
 .bss.PeriphClkInitStruct
                0x20000104       0x30 ./Core/Src/LCD_Driver.o
 .bss.LCD_Currentfonts
                0x20000134        0x4 ./Core/Src/LCD_Driver.o
 .bss.frameBuffer
                0x20000138    0x25800 ./Core/Src/LCD_Driver.o
                0x20000138                frameBuffer
 .bss.htim6     0x20025938       0x48 ./Core/Src/Timer_Driver.o
                0x20025938                htim6
 .bss.SpiHandle
                0x20025980       0x58 ./Core/Src/ili9341.o
 .bss.Is_LCD_IO_Initialized
                0x200259d8        0x1 ./Core/Src/ili9341.o
 *fill*         0x200259d9        0x3 
 .bss.uwTick    0x200259dc        0x4 ./Drivers/STM32F4xx_HAL_Driver/Src/stm32f4xx_hal.o
                0x200259dc                uwTick
 *(COMMON)
                0x200259e0                        . = ALIGN (0x4)
                0x200259e0                        _ebss = .
                0x200259e0                        __bss_end__ = _ebss

._user_heap_stack
                0x200259e0      0x600
                0x200259e0                        . = ALIGN (0x8)
                [!provide]                        PROVIDE (end = .)
                0x200259e0                        PROVIDE (_end = .)
                0x20025be0                        . = (. + _Min_Heap_Size)
 *fill*         0x200259e0      0x200 
                0x20025fe0                        . = (. + _Min_Stack_Size)
 *fill*         0x20025be0      0x400 
                0x20025fe0                        . = ALIGN (0x8)

/DISCARD/
 libc.a(*)
 libm.a(*)
 libgcc.a(*)

.ARM.attributes
                0x00000000       0x30
 *(.ARM.attributes)
 .ARM.attributes
                0x00000000       0x22 C:/ST/STM32CubeIDE_1.16.0/STM32CubeIDE/plugins/com.st.stm32cube.ide.mcu.externaltools.gnu-tools-for-stm32.12.3.rel1.win32_1.0.200.202406191623/tools/bin/../lib/gcc/arm-none-eabi/12.3.1/thumb/v7e-m+fp/hard/crti.o
 .ARM.attributes
                0x00000022       0x34 C:/ST/STM32CubeIDE_1.16.0/STM32CubeIDE/plugins/com.st.stm32cube.ide.mcu.externaltools.gnu-tools-for-stm32.12.3.rel1.win32_1.0.200.202406191623/tools/bin/../lib/gcc/arm-none-eabi/12.3.1/thumb/v7e-m+fp/hard/crtbegin.o
 .ARM.attributes
                0x00000056       0x34 ./Core/Src/ApplicationCode.o
 .ARM.attributes
                0x0000008a       0x34 ./Core/Src/Button_Driver.o
 .ARM.attributes
                0x000000be       0x34 ./Core/Src/LCD_Driver.o
 .ARM.attributes
                0x000000f2       0x34 ./Core/Src/Tetris_Logic.o
 .ARM.attributes
                0x00000126       0x34 ./Core/Src/Timer_Driver.o
 .ARM.attributes
                0x0000015a       0x34 ./Core/Src/fonts.o
 .ARM.attributes
                0x0000018e       0x34 ./Core/Src/ili9341.o
 .ARM.attributes
                0x000001c2       0x34 ./Core/Src/main.o
 .ARM.attributes
                0x000001f6       0x34 ./Core/Src/stm32f4xx_hal_msp.o
 .ARM.attributes
                0x0000022a       0x34 ./Core/Src/stm32f4xx_it.o
 .ARM.attributes
                0x0000025e       0x34 ./Core/Src/syscalls.o
 .ARM.attributes
                0x00000292       0x34 ./Core/Src/system_stm32f4xx.o
 .ARM.attributes
                0x000002c6       0x21 ./Core/Startup/startup_stm32f429zitx.o
 .ARM.attributes
                0x000002e7       0x34 ./Drivers/STM32F4xx_HAL_Driver/Src/stm32f4xx_hal.o
 .ARM.attributes
                0x0000031b       0x34 ./Drivers/STM32F4xx_HAL_Driver/Src/stm32f4xx_hal_cortex.o
 .ARM.attributes
                0x0000034f       0x34 ./Drivers/STM32F4xx_HAL_Driver/Src/stm32f4xx_hal_exti.o
 .ARM.attributes
                0x00000383       0x34 ./Drivers/STM32F4xx_HAL_Driver/Src/stm32f4xx_hal_gpio.o
 .ARM.attributes
                0x000003b7       0x34 ./Drivers/STM32F4xx_HAL_Driver/Src/stm32f4xx_hal_ltdc.o
 .ARM.attributes
                0x000003eb       0x34 ./Drivers/STM32F4xx_HAL_Driver/Src/stm32f4xx_hal_rcc.o
 .ARM.attributes
                0x0000041f       0x34 ./Drivers/STM32F4xx_HAL_Driver/Src/stm32f4xx_hal_rcc_ex.o
 .ARM.attributes
                0x00000453       0x34 ./Drivers/STM32F4xx_HAL_Driver/Src/stm32f4xx_hal_spi.o
 .ARM.attributes
                0x00000487       0x34 ./Drivers/STM32F4xx_HAL_Driver/Src/stm32f4xx_hal_tim.o
 .ARM.attributes
                0x000004bb       0x34 ./Drivers/STM32F4xx_HAL_Driver/Src/stm32f4xx_hal_tim_ex.o
 .ARM.attributes
                0x000004ef       0x34 C:/ST/STM32CubeIDE_1.16.0/STM32CubeIDE/plugins/com.st.stm32cube.ide.mcu.externaltools.gnu-tools-for-stm32.12.3.rel1.win32_1.0.200.202406191623/tools/bin/../lib/gcc/arm-none-eabi/12.3.1/../../../../arm-none-eabi/lib/thumb/v7e-m+fp/hard\libc_nano.a(libc_a-memset.o)
 .ARM.attributes
                0x00000523       0x34 C:/ST/STM32CubeIDE_1.16.0/STM32CubeIDE/plugins/com.st.stm32cube.ide.mcu.externaltools.gnu-tools-for-stm32.12.3.rel1.win32_1.0.200.202406191623/tools/bin/../lib/gcc/arm-none-eabi/12.3.1/../../../../arm-none-eabi/lib/thumb/v7e-m+fp/hard\libc_nano.a(libc_a-init.o)
 .ARM.attributes
                0x00000557       0x22 C:/ST/STM32CubeIDE_1.16.0/STM32CubeIDE/plugins/com.st.stm32cube.ide.mcu.externaltools.gnu-tools-for-stm32.12.3.rel1.win32_1.0.200.202406191623/tools/bin/../lib/gcc/arm-none-eabi/12.3.1/thumb/v7e-m+fp/hard\libgcc.a(_aeabi_uldivmod.o)
 .ARM.attributes
                0x00000579       0x34 C:/ST/STM32CubeIDE_1.16.0/STM32CubeIDE/plugins/com.st.stm32cube.ide.mcu.externaltools.gnu-tools-for-stm32.12.3.rel1.win32_1.0.200.202406191623/tools/bin/../lib/gcc/arm-none-eabi/12.3.1/thumb/v7e-m+fp/hard\libgcc.a(_udivmoddi4.o)
 .ARM.attributes
                0x000005ad       0x22 C:/ST/STM32CubeIDE_1.16.0/STM32CubeIDE/plugins/com.st.stm32cube.ide.mcu.externaltools.gnu-tools-for-stm32.12.3.rel1.win32_1.0.200.202406191623/tools/bin/../lib/gcc/arm-none-eabi/12.3.1/thumb/v7e-m+fp/hard\libgcc.a(_dvmd_tls.o)
 .ARM.attributes
                0x000005cf       0x22 C:/ST/STM32CubeIDE_1.16.0/STM32CubeIDE/plugins/com.st.stm32cube.ide.mcu.externaltools.gnu-tools-for-stm32.12.3.rel1.win32_1.0.200.202406191623/tools/bin/../lib/gcc/arm-none-eabi/12.3.1/thumb/v7e-m+fp/hard/crtn.o
OUTPUT(ADalwadi_FinalProject.elf elf32-littlearm)
LOAD linker stubs
LOAD C:/ST/STM32CubeIDE_1.16.0/STM32CubeIDE/plugins/com.st.stm32cube.ide.mcu.externaltools.gnu-tools-for-stm32.12.3.rel1.win32_1.0.200.202406191623/tools/bin/../lib/gcc/arm-none-eabi/12.3.1/../../../../arm-none-eabi/lib/thumb/v7e-m+fp/hard\libc.a
LOAD C:/ST/STM32CubeIDE_1.16.0/STM32CubeIDE/plugins/com.st.stm32cube.ide.mcu.externaltools.gnu-tools-for-stm32.12.3.rel1.win32_1.0.200.202406191623/tools/bin/../lib/gcc/arm-none-eabi/12.3.1/../../../../arm-none-eabi/lib/thumb/v7e-m+fp/hard\libm.a
LOAD C:/ST/STM32CubeIDE_1.16.0/STM32CubeIDE/plugins/com.st.stm32cube.ide.mcu.externaltools.gnu-tools-for-stm32.12.3.rel1.win32_1.0.200.202406191623/tools/bin/../lib/gcc/arm-none-eabi/12.3.1/thumb/v7e-m+fp/hard\libgcc.a

.debug_info     0x00000000    0x1046b
 .debug_info    0x00000000      0x523 ./Core/Src/ApplicationCode.o
 .debug_info    0x00000523      0x6c2 ./Core/Src/Button_Driver.o
 .debug_info    0x00000be5      0xe37 ./Core/Src/LCD_Driver.o
 .debug_info    0x00001a1c      0xac4 ./Core/Src/Tetris_Logic.o
 .debug_info    0x000024e0      0x92a ./Core/Src/Timer_Driver.o
 .debug_info    0x00002e0a      0x145 ./Core/Src/fonts.o
 .debug_info    0x00002f4f      0xc85 ./Core/Src/ili9341.o
 .debug_info    0x00003bd4      0x53a ./Core/Src/main.o
 .debug_info    0x0000410e     0x1a5e ./Core/Src/stm32f4xx_hal_msp.o
 .debug_info    0x00005b6c      0x6e1 ./Core/Src/stm32f4xx_it.o
 .debug_info    0x0000624d      0x6a3 ./Core/Src/syscalls.o
 .debug_info    0x000068f0      0x52e ./Core/Src/system_stm32f4xx.o
 .debug_info    0x00006e1e       0x30 ./Core/Startup/startup_stm32f429zitx.o
 .debug_info    0x00006e4e      0x9ba ./Drivers/STM32F4xx_HAL_Driver/Src/stm32f4xx_hal.o
 .debug_info    0x00007808      0xdc2 ./Drivers/STM32F4xx_HAL_Driver/Src/stm32f4xx_hal_cortex.o
 .debug_info    0x000085ca      0x4f4 ./Drivers/STM32F4xx_HAL_Driver/Src/stm32f4xx_hal_exti.o
 .debug_info    0x00008abe      0x6db ./Drivers/STM32F4xx_HAL_Driver/Src/stm32f4xx_hal_gpio.o
 .debug_info    0x00009199     0x1022 ./Drivers/STM32F4xx_HAL_Driver/Src/stm32f4xx_hal_ltdc.o
 .debug_info    0x0000a1bb      0x8c7 ./Drivers/STM32F4xx_HAL_Driver/Src/stm32f4xx_hal_rcc.o
 .debug_info    0x0000aa82      0x64c ./Drivers/STM32F4xx_HAL_Driver/Src/stm32f4xx_hal_rcc_ex.o
 .debug_info    0x0000b0ce     0x1525 ./Drivers/STM32F4xx_HAL_Driver/Src/stm32f4xx_hal_spi.o
 .debug_info    0x0000c5f3     0x299d ./Drivers/STM32F4xx_HAL_Driver/Src/stm32f4xx_hal_tim.o
 .debug_info    0x0000ef90     0x14db ./Drivers/STM32F4xx_HAL_Driver/Src/stm32f4xx_hal_tim_ex.o

.debug_abbrev   0x00000000     0x2cc6
 .debug_abbrev  0x00000000      0x177 ./Core/Src/ApplicationCode.o
 .debug_abbrev  0x00000177      0x1af ./Core/Src/Button_Driver.o
 .debug_abbrev  0x00000326      0x2c7 ./Core/Src/LCD_Driver.o
 .debug_abbrev  0x000005ed      0x1df ./Core/Src/Tetris_Logic.o
 .debug_abbrev  0x000007cc      0x19e ./Core/Src/Timer_Driver.o
 .debug_abbrev  0x0000096a       0xc6 ./Core/Src/fonts.o
 .debug_abbrev  0x00000a30      0x2c9 ./Core/Src/ili9341.o
 .debug_abbrev  0x00000cf9      0x207 ./Core/Src/main.o
 .debug_abbrev  0x00000f00      0x266 ./Core/Src/stm32f4xx_hal_msp.o
 .debug_abbrev  0x00001166      0x192 ./Core/Src/stm32f4xx_it.o
 .debug_abbrev  0x000012f8      0x1b6 ./Core/Src/syscalls.o
 .debug_abbrev  0x000014ae      0x11a ./Core/Src/system_stm32f4xx.o
 .debug_abbrev  0x000015c8       0x24 ./Core/Startup/startup_stm32f429zitx.o
 .debug_abbrev  0x000015ec      0x214 ./Drivers/STM32F4xx_HAL_Driver/Src/stm32f4xx_hal.o
 .debug_abbrev  0x00001800      0x31d ./Drivers/STM32F4xx_HAL_Driver/Src/stm32f4xx_hal_cortex.o
 .debug_abbrev  0x00001b1d      0x1c6 ./Drivers/STM32F4xx_HAL_Driver/Src/stm32f4xx_hal_exti.o
 .debug_abbrev  0x00001ce3      0x1d4 ./Drivers/STM32F4xx_HAL_Driver/Src/stm32f4xx_hal_gpio.o
 .debug_abbrev  0x00001eb7      0x233 ./Drivers/STM32F4xx_HAL_Driver/Src/stm32f4xx_hal_ltdc.o
 .debug_abbrev  0x000020ea      0x2b7 ./Drivers/STM32F4xx_HAL_Driver/Src/stm32f4xx_hal_rcc.o
 .debug_abbrev  0x000023a1      0x1b0 ./Drivers/STM32F4xx_HAL_Driver/Src/stm32f4xx_hal_rcc_ex.o
 .debug_abbrev  0x00002551      0x27a ./Drivers/STM32F4xx_HAL_Driver/Src/stm32f4xx_hal_spi.o
 .debug_abbrev  0x000027cb      0x278 ./Drivers/STM32F4xx_HAL_Driver/Src/stm32f4xx_hal_tim.o
 .debug_abbrev  0x00002a43      0x283 ./Drivers/STM32F4xx_HAL_Driver/Src/stm32f4xx_hal_tim_ex.o

.debug_aranges  0x00000000     0x1050
 .debug_aranges
                0x00000000       0x30 ./Core/Src/ApplicationCode.o
 .debug_aranges
                0x00000030       0x30 ./Core/Src/Button_Driver.o
 .debug_aranges
                0x00000060       0x90 ./Core/Src/LCD_Driver.o
 .debug_aranges
                0x000000f0       0x50 ./Core/Src/Tetris_Logic.o
 .debug_aranges
                0x00000140       0x30 ./Core/Src/Timer_Driver.o
 .debug_aranges
                0x00000170       0x18 ./Core/Src/fonts.o
 .debug_aranges
                0x00000188       0x98 ./Core/Src/ili9341.o
 .debug_aranges
                0x00000220       0x38 ./Core/Src/main.o
 .debug_aranges
                0x00000258       0x70 ./Core/Src/stm32f4xx_hal_msp.o
 .debug_aranges
                0x000002c8       0x68 ./Core/Src/stm32f4xx_it.o
 .debug_aranges
                0x00000330       0xa8 ./Core/Src/syscalls.o
 .debug_aranges
                0x000003d8       0x28 ./Core/Src/system_stm32f4xx.o
 .debug_aranges
                0x00000400       0x28 ./Core/Startup/startup_stm32f429zitx.o
 .debug_aranges
                0x00000428      0x100 ./Drivers/STM32F4xx_HAL_Driver/Src/stm32f4xx_hal.o
 .debug_aranges
                0x00000528      0x130 ./Drivers/STM32F4xx_HAL_Driver/Src/stm32f4xx_hal_cortex.o
 .debug_aranges
                0x00000658       0x60 ./Drivers/STM32F4xx_HAL_Driver/Src/stm32f4xx_hal_exti.o
 .debug_aranges
                0x000006b8       0x58 ./Drivers/STM32F4xx_HAL_Driver/Src/stm32f4xx_hal_gpio.o
 .debug_aranges
                0x00000710      0x158 ./Drivers/STM32F4xx_HAL_Driver/Src/stm32f4xx_hal_ltdc.o
 .debug_aranges
                0x00000868       0x88 ./Drivers/STM32F4xx_HAL_Driver/Src/stm32f4xx_hal_rcc.o
 .debug_aranges
                0x000008f0       0x58 ./Drivers/STM32F4xx_HAL_Driver/Src/stm32f4xx_hal_rcc_ex.o
 .debug_aranges
                0x00000948      0x1d0 ./Drivers/STM32F4xx_HAL_Driver/Src/stm32f4xx_hal_spi.o
 .debug_aranges
                0x00000b18      0x3d0 ./Drivers/STM32F4xx_HAL_Driver/Src/stm32f4xx_hal_tim.o
 .debug_aranges
                0x00000ee8      0x168 ./Drivers/STM32F4xx_HAL_Driver/Src/stm32f4xx_hal_tim_ex.o

.debug_rnglists
                0x00000000      0xc66
 .debug_rnglists
                0x00000000       0x1f ./Core/Src/ApplicationCode.o
 .debug_rnglists
                0x0000001f       0x1f ./Core/Src/Button_Driver.o
 .debug_rnglists
                0x0000003e       0x6d ./Core/Src/LCD_Driver.o
 .debug_rnglists
                0x000000ab       0x3d ./Core/Src/Tetris_Logic.o
 .debug_rnglists
                0x000000e8       0x1f ./Core/Src/Timer_Driver.o
 .debug_rnglists
                0x00000107       0x6f ./Core/Src/ili9341.o
 .debug_rnglists
                0x00000176       0x27 ./Core/Src/main.o
 .debug_rnglists
                0x0000019d       0x53 ./Core/Src/stm32f4xx_hal_msp.o
 .debug_rnglists
                0x000001f0       0x49 ./Core/Src/stm32f4xx_it.o
 .debug_rnglists
                0x00000239       0x79 ./Core/Src/syscalls.o
 .debug_rnglists
                0x000002b2       0x1a ./Core/Src/system_stm32f4xx.o
 .debug_rnglists
                0x000002cc       0x19 ./Core/Startup/startup_stm32f429zitx.o
 .debug_rnglists
                0x000002e5       0xbb ./Drivers/STM32F4xx_HAL_Driver/Src/stm32f4xx_hal.o
 .debug_rnglists
                0x000003a0       0xe0 ./Drivers/STM32F4xx_HAL_Driver/Src/stm32f4xx_hal_cortex.o
 .debug_rnglists
                0x00000480       0x46 ./Drivers/STM32F4xx_HAL_Driver/Src/stm32f4xx_hal_exti.o
 .debug_rnglists
                0x000004c6       0x3f ./Drivers/STM32F4xx_HAL_Driver/Src/stm32f4xx_hal_gpio.o
 .debug_rnglists
                0x00000505      0x10a ./Drivers/STM32F4xx_HAL_Driver/Src/stm32f4xx_hal_ltdc.o
 .debug_rnglists
                0x0000060f       0x66 ./Drivers/STM32F4xx_HAL_Driver/Src/stm32f4xx_hal_rcc.o
 .debug_rnglists
                0x00000675       0x43 ./Drivers/STM32F4xx_HAL_Driver/Src/stm32f4xx_hal_rcc_ex.o
 .debug_rnglists
                0x000006b8      0x16f ./Drivers/STM32F4xx_HAL_Driver/Src/stm32f4xx_hal_spi.o
 .debug_rnglists
                0x00000827      0x31a ./Drivers/STM32F4xx_HAL_Driver/Src/stm32f4xx_hal_tim.o
 .debug_rnglists
                0x00000b41      0x125 ./Drivers/STM32F4xx_HAL_Driver/Src/stm32f4xx_hal_tim_ex.o

.debug_macro    0x00000000    0x26e43
 .debug_macro   0x00000000      0x348 ./Core/Src/ApplicationCode.o
 .debug_macro   0x00000348      0xab4 ./Core/Src/ApplicationCode.o
 .debug_macro   0x00000dfc      0x2ad ./Core/Src/ApplicationCode.o
 .debug_macro   0x000010a9       0x2e ./Core/Src/ApplicationCode.o
 .debug_macro   0x000010d7       0x28 ./Core/Src/ApplicationCode.o
 .debug_macro   0x000010ff       0x22 ./Core/Src/ApplicationCode.o
 .debug_macro   0x00001121       0x8e ./Core/Src/ApplicationCode.o
 .debug_macro   0x000011af       0x51 ./Core/Src/ApplicationCode.o
 .debug_macro   0x00001200      0x103 ./Core/Src/ApplicationCode.o
 .debug_macro   0x00001303       0x6a ./Core/Src/ApplicationCode.o
 .debug_macro   0x0000136d      0x1df ./Core/Src/ApplicationCode.o
 .debug_macro   0x0000154c       0x1c ./Core/Src/ApplicationCode.o
 .debug_macro   0x00001568       0x22 ./Core/Src/ApplicationCode.o
 .debug_macro   0x0000158a       0xfb ./Core/Src/ApplicationCode.o
 .debug_macro   0x00001685     0x1011 ./Core/Src/ApplicationCode.o
 .debug_macro   0x00002696      0x11f ./Core/Src/ApplicationCode.o
 .debug_macro   0x000027b5    0x17fd8 ./Core/Src/ApplicationCode.o
 .debug_macro   0x0001a78d       0x6d ./Core/Src/ApplicationCode.o
 .debug_macro   0x0001a7fa     0x3711 ./Core/Src/ApplicationCode.o
 .debug_macro   0x0001df0b      0x189 ./Core/Src/ApplicationCode.o
 .debug_macro   0x0001e094       0x5c ./Core/Src/ApplicationCode.o
 .debug_macro   0x0001e0f0      0xcba ./Core/Src/ApplicationCode.o
 .debug_macro   0x0001edaa      0x9e9 ./Core/Src/ApplicationCode.o
 .debug_macro   0x0001f793      0x115 ./Core/Src/ApplicationCode.o
 .debug_macro   0x0001f8a8      0x156 ./Core/Src/ApplicationCode.o
 .debug_macro   0x0001f9fe       0xa5 ./Core/Src/ApplicationCode.o
 .debug_macro   0x0001faa3      0x182 ./Core/Src/ApplicationCode.o
 .debug_macro   0x0001fc25      0x287 ./Core/Src/ApplicationCode.o
 .debug_macro   0x0001feac       0x5f ./Core/Src/ApplicationCode.o
 .debug_macro   0x0001ff0b      0x236 ./Core/Src/ApplicationCode.o
 .debug_macro   0x00020141      0x132 ./Core/Src/ApplicationCode.o
 .debug_macro   0x00020273      0x41d ./Core/Src/ApplicationCode.o
 .debug_macro   0x00020690       0x2e ./Core/Src/ApplicationCode.o
 .debug_macro   0x000206be      0x1b5 ./Core/Src/ApplicationCode.o
 .debug_macro   0x00020873       0x22 ./Core/Src/ApplicationCode.o
 .debug_macro   0x00020895       0xd6 ./Core/Src/ApplicationCode.o
 .debug_macro   0x0002096b      0x198 ./Core/Src/ApplicationCode.o
 .debug_macro   0x00020b03       0xd6 ./Core/Src/ApplicationCode.o
 .debug_macro   0x00020bd9      0x127 ./Core/Src/ApplicationCode.o
 .debug_macro   0x00020d00       0xe2 ./Core/Src/ApplicationCode.o
 .debug_macro   0x00020de2       0x89 ./Core/Src/ApplicationCode.o
 .debug_macro   0x00020e6b       0xa4 ./Core/Src/ApplicationCode.o
 .debug_macro   0x00020f0f      0x225 ./Core/Src/ApplicationCode.o
 .debug_macro   0x00021134      0x8ed ./Core/Src/ApplicationCode.o
 .debug_macro   0x00021a21       0x4d ./Core/Src/ApplicationCode.o
 .debug_macro   0x00021a6e      0x134 ./Core/Src/ApplicationCode.o
 .debug_macro   0x00021ba2      0x332 ./Core/Src/ApplicationCode.o
 .debug_macro   0x00021ed4       0x22 ./Core/Src/ApplicationCode.o
 .debug_macro   0x00021ef6      0x179 ./Core/Src/ApplicationCode.o
 .debug_macro   0x0002206f       0x8e ./Core/Src/ApplicationCode.o
 .debug_macro   0x000220fd       0x61 ./Core/Src/ApplicationCode.o
 .debug_macro   0x0002215e       0x2a ./Core/Src/ApplicationCode.o
 .debug_macro   0x00022188       0x43 ./Core/Src/ApplicationCode.o
 .debug_macro   0x000221cb       0x34 ./Core/Src/ApplicationCode.o
 .debug_macro   0x000221ff       0x16 ./Core/Src/ApplicationCode.o
 .debug_macro   0x00022215       0x35 ./Core/Src/ApplicationCode.o
 .debug_macro   0x0002224a      0x369 ./Core/Src/ApplicationCode.o
 .debug_macro   0x000225b3       0x10 ./Core/Src/ApplicationCode.o
 .debug_macro   0x000225c3       0x16 ./Core/Src/ApplicationCode.o
 .debug_macro   0x000225d9       0x43 ./Core/Src/ApplicationCode.o
 .debug_macro   0x0002261c       0x34 ./Core/Src/ApplicationCode.o
 .debug_macro   0x00022650       0x10 ./Core/Src/ApplicationCode.o
 .debug_macro   0x00022660       0x58 ./Core/Src/ApplicationCode.o
 .debug_macro   0x000226b8       0x8e ./Core/Src/ApplicationCode.o
 .debug_macro   0x00022746       0x1c ./Core/Src/ApplicationCode.o
 .debug_macro   0x00022762      0x177 ./Core/Src/ApplicationCode.o
 .debug_macro   0x000228d9       0x16 ./Core/Src/ApplicationCode.o
 .debug_macro   0x000228ef       0x16 ./Core/Src/ApplicationCode.o
 .debug_macro   0x00022905      0x146 ./Core/Src/ApplicationCode.o
 .debug_macro   0x00022a4b       0xb2 ./Core/Src/ApplicationCode.o
 .debug_macro   0x00022afd       0x22 ./Core/Src/ApplicationCode.o
 .debug_macro   0x00022b1f       0x16 ./Core/Src/ApplicationCode.o
 .debug_macro   0x00022b35      0x21a ./Core/Src/Button_Driver.o
 .debug_macro   0x00022d4f       0x1c ./Core/Src/Button_Driver.o
 .debug_macro   0x00022d6b      0x245 ./Core/Src/LCD_Driver.o
 .debug_macro   0x00022fb0      0x320 ./Core/Src/Tetris_Logic.o
 .debug_macro   0x000232d0       0x5b ./Core/Src/Tetris_Logic.o
 .debug_macro   0x0002332b       0x94 ./Core/Src/Tetris_Logic.o
 .debug_macro   0x000233bf       0x57 ./Core/Src/Tetris_Logic.o
 .debug_macro   0x00023416       0x9e ./Core/Src/Tetris_Logic.o
 .debug_macro   0x000234b4      0x10b ./Core/Src/Tetris_Logic.o
 .debug_macro   0x000235bf       0x56 ./Core/Src/Tetris_Logic.o
 .debug_macro   0x00023615      0x17f ./Core/Src/Tetris_Logic.o
 .debug_macro   0x00023794      0x214 ./Core/Src/Timer_Driver.o
 .debug_macro   0x000239a8       0x6d ./Core/Src/fonts.o
 .debug_macro   0x00023a15      0x21a ./Core/Src/ili9341.o
 .debug_macro   0x00023c2f      0x32c ./Core/Src/ili9341.o
 .debug_macro   0x00023f5b      0x357 ./Core/Src/main.o
 .debug_macro   0x000242b2      0x4c8 ./Core/Src/main.o
 .debug_macro   0x0002477a      0x21a ./Core/Src/stm32f4xx_hal_msp.o
 .debug_macro   0x00024994      0x224 ./Core/Src/stm32f4xx_it.o
 .debug_macro   0x00024bb8      0x274 ./Core/Src/syscalls.o
 .debug_macro   0x00024e2c       0x10 ./Core/Src/syscalls.o
 .debug_macro   0x00024e3c       0x10 ./Core/Src/syscalls.o
 .debug_macro   0x00024e4c       0x10 ./Core/Src/syscalls.o
 .debug_macro   0x00024e5c       0x10 ./Core/Src/syscalls.o
 .debug_macro   0x00024e6c       0x1c ./Core/Src/syscalls.o
 .debug_macro   0x00024e88       0x52 ./Core/Src/syscalls.o
 .debug_macro   0x00024eda       0x22 ./Core/Src/syscalls.o
 .debug_macro   0x00024efc       0x10 ./Core/Src/syscalls.o
 .debug_macro   0x00024f0c       0x52 ./Core/Src/syscalls.o
 .debug_macro   0x00024f5e       0xcf ./Core/Src/syscalls.o
 .debug_macro   0x0002502d       0x1c ./Core/Src/syscalls.o
 .debug_macro   0x00025049       0x3d ./Core/Src/syscalls.o
 .debug_macro   0x00025086       0x35 ./Core/Src/syscalls.o
 .debug_macro   0x000250bb      0x12c ./Core/Src/syscalls.o
 .debug_macro   0x000251e7       0x16 ./Core/Src/syscalls.o
 .debug_macro   0x000251fd       0x16 ./Core/Src/syscalls.o
 .debug_macro   0x00025213       0x29 ./Core/Src/syscalls.o
 .debug_macro   0x0002523c       0x10 ./Core/Src/syscalls.o
 .debug_macro   0x0002524c      0x242 ./Core/Src/syscalls.o
 .debug_macro   0x0002548e       0x1c ./Core/Src/syscalls.o
 .debug_macro   0x000254aa       0x10 ./Core/Src/syscalls.o
 .debug_macro   0x000254ba      0x18a ./Core/Src/syscalls.o
 .debug_macro   0x00025644       0x16 ./Core/Src/syscalls.o
 .debug_macro   0x0002565a       0xce ./Core/Src/syscalls.o
 .debug_macro   0x00025728      0x20b ./Core/Src/system_stm32f4xx.o
 .debug_macro   0x00025933      0x26b ./Drivers/STM32F4xx_HAL_Driver/Src/stm32f4xx_hal.o
 .debug_macro   0x00025b9e      0x20b ./Drivers/STM32F4xx_HAL_Driver/Src/stm32f4xx_hal_cortex.o
 .debug_macro   0x00025da9      0x20b ./Drivers/STM32F4xx_HAL_Driver/Src/stm32f4xx_hal_exti.o
 .debug_macro   0x00025fb4      0x211 ./Drivers/STM32F4xx_HAL_Driver/Src/stm32f4xx_hal_gpio.o
 .debug_macro   0x000261c5      0x213 ./Drivers/STM32F4xx_HAL_Driver/Src/stm32f4xx_hal_ltdc.o
 .debug_macro   0x000263d8      0x22f ./Drivers/STM32F4xx_HAL_Driver/Src/stm32f4xx_hal_rcc.o
 .debug_macro   0x00026607      0x20b ./Drivers/STM32F4xx_HAL_Driver/Src/stm32f4xx_hal_rcc_ex.o
 .debug_macro   0x00026812      0x21a ./Drivers/STM32F4xx_HAL_Driver/Src/stm32f4xx_hal_spi.o
 .debug_macro   0x00026a2c      0x20c ./Drivers/STM32F4xx_HAL_Driver/Src/stm32f4xx_hal_tim.o
 .debug_macro   0x00026c38      0x20b ./Drivers/STM32F4xx_HAL_Driver/Src/stm32f4xx_hal_tim_ex.o

.debug_line     0x00000000    0x14898
 .debug_line    0x00000000      0x9de ./Core/Src/ApplicationCode.o
 .debug_line    0x000009de      0x816 ./Core/Src/Button_Driver.o
 .debug_line    0x000011f4      0xb89 ./Core/Src/LCD_Driver.o
 .debug_line    0x00001d7d     0x12d2 ./Core/Src/Tetris_Logic.o
 .debug_line    0x0000304f      0x816 ./Core/Src/Timer_Driver.o
 .debug_line    0x00003865      0x412 ./Core/Src/fonts.o
 .debug_line    0x00003c77      0xa0a ./Core/Src/ili9341.o
 .debug_line    0x00004681      0xa5c ./Core/Src/main.o
 .debug_line    0x000050dd      0x9cc ./Core/Src/stm32f4xx_hal_msp.o
 .debug_line    0x00005aa9      0x8a3 ./Core/Src/stm32f4xx_it.o
 .debug_line    0x0000634c      0x8b2 ./Core/Src/syscalls.o
 .debug_line    0x00006bfe      0x84d ./Core/Src/system_stm32f4xx.o
 .debug_line    0x0000744b       0x7a ./Core/Startup/startup_stm32f429zitx.o
 .debug_line    0x000074c5      0xaec ./Drivers/STM32F4xx_HAL_Driver/Src/stm32f4xx_hal.o
 .debug_line    0x00007fb1      0xda8 ./Drivers/STM32F4xx_HAL_Driver/Src/stm32f4xx_hal_cortex.o
 .debug_line    0x00008d59      0xac2 ./Drivers/STM32F4xx_HAL_Driver/Src/stm32f4xx_hal_exti.o
 .debug_line    0x0000981b      0xc6a ./Drivers/STM32F4xx_HAL_Driver/Src/stm32f4xx_hal_gpio.o
 .debug_line    0x0000a485     0x186d ./Drivers/STM32F4xx_HAL_Driver/Src/stm32f4xx_hal_ltdc.o
 .debug_line    0x0000bcf2      0xe41 ./Drivers/STM32F4xx_HAL_Driver/Src/stm32f4xx_hal_rcc.o
 .debug_line    0x0000cb33      0xc8b ./Drivers/STM32F4xx_HAL_Driver/Src/stm32f4xx_hal_rcc_ex.o
 .debug_line    0x0000d7be     0x1dd4 ./Drivers/STM32F4xx_HAL_Driver/Src/stm32f4xx_hal_spi.o
 .debug_line    0x0000f592     0x385a ./Drivers/STM32F4xx_HAL_Driver/Src/stm32f4xx_hal_tim.o
 .debug_line    0x00012dec     0x1aac ./Drivers/STM32F4xx_HAL_Driver/Src/stm32f4xx_hal_tim_ex.o

.debug_str      0x00000000    0xe1dfa
 .debug_str     0x00000000    0xda998 ./Core/Src/ApplicationCode.o
                              0xdacb4 (size before relaxing)
 .debug_str     0x000da998      0x1ec ./Core/Src/Button_Driver.o
                              0xd6018 (size before relaxing)
 .debug_str     0x000dab84      0x572 ./Core/Src/LCD_Driver.o
                              0xd7482 (size before relaxing)
 .debug_str     0x000db0f6       0xe3 ./Core/Src/Tetris_Logic.o
                              0xda706 (size before relaxing)
 .debug_str     0x000db1d9      0x525 ./Core/Src/Timer_Driver.o
                              0xd5f81 (size before relaxing)
 .debug_str     0x000db6fe       0x36 ./Core/Src/fonts.o
                               0x3db8 (size before relaxing)
 .debug_str     0x000db734      0x33e ./Core/Src/ili9341.o
                              0xd6c03 (size before relaxing)
 .debug_str     0x000dba72     0x1066 ./Core/Src/main.o
                              0xdb7ae (size before relaxing)
 .debug_str     0x000dcad8      0x450 ./Core/Src/stm32f4xx_hal_msp.o
                              0xd7d6f (size before relaxing)
 .debug_str     0x000dcf28       0xf0 ./Core/Src/stm32f4xx_it.o
                              0xd6d55 (size before relaxing)
 .debug_str     0x000dd018     0x20a2 ./Core/Src/syscalls.o
                               0x98ef (size before relaxing)
 .debug_str     0x000df0ba       0xdb ./Core/Src/system_stm32f4xx.o
                              0xd59f5 (size before relaxing)
 .debug_str     0x000df195       0x44 ./Core/Startup/startup_stm32f429zitx.o
                                 0xba (size before relaxing)
 .debug_str     0x000df1d9      0x61c ./Drivers/STM32F4xx_HAL_Driver/Src/stm32f4xx_hal.o
                              0xd6618 (size before relaxing)
 .debug_str     0x000df7f5      0x36b ./Drivers/STM32F4xx_HAL_Driver/Src/stm32f4xx_hal_cortex.o
                              0xd6346 (size before relaxing)
 .debug_str     0x000dfb60      0x1c2 ./Drivers/STM32F4xx_HAL_Driver/Src/stm32f4xx_hal_exti.o
                              0xd5a4e (size before relaxing)
 .debug_str     0x000dfd22       0xcb ./Drivers/STM32F4xx_HAL_Driver/Src/stm32f4xx_hal_gpio.o
                              0xd5b70 (size before relaxing)
 .debug_str     0x000dfded      0x4a5 ./Drivers/STM32F4xx_HAL_Driver/Src/stm32f4xx_hal_ltdc.o
                              0xd6059 (size before relaxing)
 .debug_str     0x000e0292      0x233 ./Drivers/STM32F4xx_HAL_Driver/Src/stm32f4xx_hal_rcc.o
                              0xd5e29 (size before relaxing)
 .debug_str     0x000e04c5      0x133 ./Drivers/STM32F4xx_HAL_Driver/Src/stm32f4xx_hal_rcc_ex.o
                              0xd5bf0 (size before relaxing)
 .debug_str     0x000e05f8      0x556 ./Drivers/STM32F4xx_HAL_Driver/Src/stm32f4xx_hal_spi.o
                              0xd62a0 (size before relaxing)
 .debug_str     0x000e0b4e      0xe19 ./Drivers/STM32F4xx_HAL_Driver/Src/stm32f4xx_hal_tim.o
                              0xd6d6c (size before relaxing)
 .debug_str     0x000e1967      0x493 ./Drivers/STM32F4xx_HAL_Driver/Src/stm32f4xx_hal_tim_ex.o
                              0xd6578 (size before relaxing)

.comment        0x00000000       0x43
 .comment       0x00000000       0x43 ./Core/Src/ApplicationCode.o
                                 0x44 (size before relaxing)
 .comment       0x00000043       0x44 ./Core/Src/Button_Driver.o
 .comment       0x00000043       0x44 ./Core/Src/LCD_Driver.o
 .comment       0x00000043       0x44 ./Core/Src/Tetris_Logic.o
 .comment       0x00000043       0x44 ./Core/Src/Timer_Driver.o
 .comment       0x00000043       0x44 ./Core/Src/fonts.o
 .comment       0x00000043       0x44 ./Core/Src/ili9341.o
 .comment       0x00000043       0x44 ./Core/Src/main.o
 .comment       0x00000043       0x44 ./Core/Src/stm32f4xx_hal_msp.o
 .comment       0x00000043       0x44 ./Core/Src/stm32f4xx_it.o
 .comment       0x00000043       0x44 ./Core/Src/syscalls.o
 .comment       0x00000043       0x44 ./Core/Src/system_stm32f4xx.o
 .comment       0x00000043       0x44 ./Drivers/STM32F4xx_HAL_Driver/Src/stm32f4xx_hal.o
 .comment       0x00000043       0x44 ./Drivers/STM32F4xx_HAL_Driver/Src/stm32f4xx_hal_cortex.o
 .comment       0x00000043       0x44 ./Drivers/STM32F4xx_HAL_Driver/Src/stm32f4xx_hal_exti.o
 .comment       0x00000043       0x44 ./Drivers/STM32F4xx_HAL_Driver/Src/stm32f4xx_hal_gpio.o
 .comment       0x00000043       0x44 ./Drivers/STM32F4xx_HAL_Driver/Src/stm32f4xx_hal_ltdc.o
 .comment       0x00000043       0x44 ./Drivers/STM32F4xx_HAL_Driver/Src/stm32f4xx_hal_rcc.o
 .comment       0x00000043       0x44 ./Drivers/STM32F4xx_HAL_Driver/Src/stm32f4xx_hal_rcc_ex.o
 .comment       0x00000043       0x44 ./Drivers/STM32F4xx_HAL_Driver/Src/stm32f4xx_hal_spi.o
 .comment       0x00000043       0x44 ./Drivers/STM32F4xx_HAL_Driver/Src/stm32f4xx_hal_tim.o
 .comment       0x00000043       0x44 ./Drivers/STM32F4xx_HAL_Driver/Src/stm32f4xx_hal_tim_ex.o

.debug_frame    0x00000000     0x42f0
 .debug_frame   0x00000000       0x74 ./Core/Src/ApplicationCode.o
 .debug_frame   0x00000074       0x7c ./Core/Src/Button_Driver.o
 .debug_frame   0x000000f0      0x22c ./Core/Src/LCD_Driver.o
 .debug_frame   0x0000031c      0x154 ./Core/Src/Tetris_Logic.o
 .debug_frame   0x00000470       0x6c ./Core/Src/Timer_Driver.o
 .debug_frame   0x000004dc      0x228 ./Core/Src/ili9341.o
 .debug_frame   0x00000704       0x8c ./Core/Src/main.o
 .debug_frame   0x00000790      0x1a8 ./Core/Src/stm32f4xx_hal_msp.o
 .debug_frame   0x00000938      0x120 ./Core/Src/stm32f4xx_it.o
 .debug_frame   0x00000a58      0x2ac ./Core/Src/syscalls.o
 .debug_frame   0x00000d04       0x58 ./Core/Src/system_stm32f4xx.o
 .debug_frame   0x00000d5c      0x3b4 ./Drivers/STM32F4xx_HAL_Driver/Src/stm32f4xx_hal.o
 .debug_frame   0x00001110      0x508 ./Drivers/STM32F4xx_HAL_Driver/Src/stm32f4xx_hal_cortex.o
 .debug_frame   0x00001618      0x174 ./Drivers/STM32F4xx_HAL_Driver/Src/stm32f4xx_hal_exti.o
 .debug_frame   0x0000178c      0x14c ./Drivers/STM32F4xx_HAL_Driver/Src/stm32f4xx_hal_gpio.o
 .debug_frame   0x000018d8      0x61c ./Drivers/STM32F4xx_HAL_Driver/Src/stm32f4xx_hal_ltdc.o
 .debug_frame   0x00001ef4      0x1f4 ./Drivers/STM32F4xx_HAL_Driver/Src/stm32f4xx_hal_rcc.o
 .debug_frame   0x000020e8      0x13c ./Drivers/STM32F4xx_HAL_Driver/Src/stm32f4xx_hal_rcc_ex.o
 .debug_frame   0x00002224      0x828 ./Drivers/STM32F4xx_HAL_Driver/Src/stm32f4xx_hal_spi.o
 .debug_frame   0x00002a4c     0x11c0 ./Drivers/STM32F4xx_HAL_Driver/Src/stm32f4xx_hal_tim.o
 .debug_frame   0x00003c0c      0x638 ./Drivers/STM32F4xx_HAL_Driver/Src/stm32f4xx_hal_tim_ex.o
 .debug_frame   0x00004244       0x20 C:/ST/STM32CubeIDE_1.16.0/STM32CubeIDE/plugins/com.st.stm32cube.ide.mcu.externaltools.gnu-tools-for-stm32.12.3.rel1.win32_1.0.200.202406191623/tools/bin/../lib/gcc/arm-none-eabi/12.3.1/../../../../arm-none-eabi/lib/thumb/v7e-m+fp/hard\libc_nano.a(libc_a-memset.o)
 .debug_frame   0x00004264       0x2c C:/ST/STM32CubeIDE_1.16.0/STM32CubeIDE/plugins/com.st.stm32cube.ide.mcu.externaltools.gnu-tools-for-stm32.12.3.rel1.win32_1.0.200.202406191623/tools/bin/../lib/gcc/arm-none-eabi/12.3.1/../../../../arm-none-eabi/lib/thumb/v7e-m+fp/hard\libc_nano.a(libc_a-init.o)
 .debug_frame   0x00004290       0x2c C:/ST/STM32CubeIDE_1.16.0/STM32CubeIDE/plugins/com.st.stm32cube.ide.mcu.externaltools.gnu-tools-for-stm32.12.3.rel1.win32_1.0.200.202406191623/tools/bin/../lib/gcc/arm-none-eabi/12.3.1/thumb/v7e-m+fp/hard\libgcc.a(_aeabi_uldivmod.o)
 .debug_frame   0x000042bc       0x34 C:/ST/STM32CubeIDE_1.16.0/STM32CubeIDE/plugins/com.st.stm32cube.ide.mcu.externaltools.gnu-tools-for-stm32.12.3.rel1.win32_1.0.200.202406191623/tools/bin/../lib/gcc/arm-none-eabi/12.3.1/thumb/v7e-m+fp/hard\libgcc.a(_udivmoddi4.o)

.debug_line_str
                0x00000000       0x9e
 .debug_line_str
                0x00000000       0x9e ./Core/Startup/startup_stm32f429zitx.o
