Archive member included to satisfy reference by file (symbol)

C:/ST/STM32CubeIDE_1.16.0/STM32CubeIDE/plugins/com.st.stm32cube.ide.mcu.externaltools.gnu-tools-for-stm32.12.3.rel1.win32_1.0.200.202406191623/tools/bin/../lib/gcc/arm-none-eabi/12.3.1/../../../../arm-none-eabi/lib/thumb/v7e-m+fp/hard\libc_nano.a(libc_a-exit.o)
                              C:/ST/STM32CubeIDE_1.16.0/STM32CubeIDE/plugins/com.st.stm32cube.ide.mcu.externaltools.gnu-tools-for-stm32.12.3.rel1.win32_1.0.200.202406191623/tools/bin/../lib/gcc/arm-none-eabi/12.3.1/../../../../arm-none-eabi/lib/thumb/v7e-m+fp/hard/crt0.o (exit)
C:/ST/STM32CubeIDE_1.16.0/STM32CubeIDE/plugins/com.st.stm32cube.ide.mcu.externaltools.gnu-tools-for-stm32.12.3.rel1.win32_1.0.200.202406191623/tools/bin/../lib/gcc/arm-none-eabi/12.3.1/../../../../arm-none-eabi/lib/thumb/v7e-m+fp/hard\libc_nano.a(libc_a-findfp.o)
                              C:/ST/STM32CubeIDE_1.16.0/STM32CubeIDE/plugins/com.st.stm32cube.ide.mcu.externaltools.gnu-tools-for-stm32.12.3.rel1.win32_1.0.200.202406191623/tools/bin/../lib/gcc/arm-none-eabi/12.3.1/../../../../arm-none-eabi/lib/thumb/v7e-m+fp/hard\libc_nano.a(libc_a-exit.o) (__stdio_exit_handler)
C:/ST/STM32CubeIDE_1.16.0/STM32CubeIDE/plugins/com.st.stm32cube.ide.mcu.externaltools.gnu-tools-for-stm32.12.3.rel1.win32_1.0.200.202406191623/tools/bin/../lib/gcc/arm-none-eabi/12.3.1/../../../../arm-none-eabi/lib/thumb/v7e-m+fp/hard\libc_nano.a(libc_a-fwalk.o)
                              C:/ST/STM32CubeIDE_1.16.0/STM32CubeIDE/plugins/com.st.stm32cube.ide.mcu.externaltools.gnu-tools-for-stm32.12.3.rel1.win32_1.0.200.202406191623/tools/bin/../lib/gcc/arm-none-eabi/12.3.1/../../../../arm-none-eabi/lib/thumb/v7e-m+fp/hard\libc_nano.a(libc_a-findfp.o) (_fwalk_sglue)
C:/ST/STM32CubeIDE_1.16.0/STM32CubeIDE/plugins/com.st.stm32cube.ide.mcu.externaltools.gnu-tools-for-stm32.12.3.rel1.win32_1.0.200.202406191623/tools/bin/../lib/gcc/arm-none-eabi/12.3.1/../../../../arm-none-eabi/lib/thumb/v7e-m+fp/hard\libc_nano.a(libc_a-stdio.o)
                              C:/ST/STM32CubeIDE_1.16.0/STM32CubeIDE/plugins/com.st.stm32cube.ide.mcu.externaltools.gnu-tools-for-stm32.12.3.rel1.win32_1.0.200.202406191623/tools/bin/../lib/gcc/arm-none-eabi/12.3.1/../../../../arm-none-eabi/lib/thumb/v7e-m+fp/hard\libc_nano.a(libc_a-findfp.o) (__sread)
C:/ST/STM32CubeIDE_1.16.0/STM32CubeIDE/plugins/com.st.stm32cube.ide.mcu.externaltools.gnu-tools-for-stm32.12.3.rel1.win32_1.0.200.202406191623/tools/bin/../lib/gcc/arm-none-eabi/12.3.1/../../../../arm-none-eabi/lib/thumb/v7e-m+fp/hard\libc_nano.a(libc_a-memset.o)
                              C:/ST/STM32CubeIDE_1.16.0/STM32CubeIDE/plugins/com.st.stm32cube.ide.mcu.externaltools.gnu-tools-for-stm32.12.3.rel1.win32_1.0.200.202406191623/tools/bin/../lib/gcc/arm-none-eabi/12.3.1/../../../../arm-none-eabi/lib/thumb/v7e-m+fp/hard/crt0.o (memset)
C:/ST/STM32CubeIDE_1.16.0/STM32CubeIDE/plugins/com.st.stm32cube.ide.mcu.externaltools.gnu-tools-for-stm32.12.3.rel1.win32_1.0.200.202406191623/tools/bin/../lib/gcc/arm-none-eabi/12.3.1/../../../../arm-none-eabi/lib/thumb/v7e-m+fp/hard\libc_nano.a(libc_a-closer.o)
                              C:/ST/STM32CubeIDE_1.16.0/STM32CubeIDE/plugins/com.st.stm32cube.ide.mcu.externaltools.gnu-tools-for-stm32.12.3.rel1.win32_1.0.200.202406191623/tools/bin/../lib/gcc/arm-none-eabi/12.3.1/../../../../arm-none-eabi/lib/thumb/v7e-m+fp/hard\libc_nano.a(libc_a-stdio.o) (_close_r)
C:/ST/STM32CubeIDE_1.16.0/STM32CubeIDE/plugins/com.st.stm32cube.ide.mcu.externaltools.gnu-tools-for-stm32.12.3.rel1.win32_1.0.200.202406191623/tools/bin/../lib/gcc/arm-none-eabi/12.3.1/../../../../arm-none-eabi/lib/thumb/v7e-m+fp/hard\libc_nano.a(libc_a-reent.o)
                              C:/ST/STM32CubeIDE_1.16.0/STM32CubeIDE/plugins/com.st.stm32cube.ide.mcu.externaltools.gnu-tools-for-stm32.12.3.rel1.win32_1.0.200.202406191623/tools/bin/../lib/gcc/arm-none-eabi/12.3.1/../../../../arm-none-eabi/lib/thumb/v7e-m+fp/hard\libc_nano.a(libc_a-closer.o) (errno)
C:/ST/STM32CubeIDE_1.16.0/STM32CubeIDE/plugins/com.st.stm32cube.ide.mcu.externaltools.gnu-tools-for-stm32.12.3.rel1.win32_1.0.200.202406191623/tools/bin/../lib/gcc/arm-none-eabi/12.3.1/../../../../arm-none-eabi/lib/thumb/v7e-m+fp/hard\libc_nano.a(libc_a-impure.o)
                              C:/ST/STM32CubeIDE_1.16.0/STM32CubeIDE/plugins/com.st.stm32cube.ide.mcu.externaltools.gnu-tools-for-stm32.12.3.rel1.win32_1.0.200.202406191623/tools/bin/../lib/gcc/arm-none-eabi/12.3.1/../../../../arm-none-eabi/lib/thumb/v7e-m+fp/hard\libc_nano.a(libc_a-reent.o) (_impure_ptr)
C:/ST/STM32CubeIDE_1.16.0/STM32CubeIDE/plugins/com.st.stm32cube.ide.mcu.externaltools.gnu-tools-for-stm32.12.3.rel1.win32_1.0.200.202406191623/tools/bin/../lib/gcc/arm-none-eabi/12.3.1/../../../../arm-none-eabi/lib/thumb/v7e-m+fp/hard\libc_nano.a(libc_a-lseekr.o)
[...]
Memory Configuration

Name             Origin             Length             Attributes
CCMRAM           0x10000000         0x00010000         xrw
RAM              0x20000000         0x00030000         xrw
FLASH            0x08000000         0x00200000         xr
*default*        0x00000000         0xffffffff

Linker script and memory map

LOAD C:/ST/STM32CubeIDE_1.16.0/STM32CubeIDE/plugins/com.st.stm32cube.ide.mcu.externaltools.gnu-tools-for-stm32.12.3.rel1.win32_1.0.200.202406191623/tools/bin/../lib/gcc/arm-none-eabi/12.3.1/thumb/v7e-m+fp/hard/crti.o
LOAD C:/ST/STM32CubeIDE_1.16.0/STM32CubeIDE/plugins/com.st.stm32cube.ide.mcu.externaltools.gnu-tools-for-stm32.12.3.rel1.win32_1.0.200.202406191623/tools/bin/../lib/gcc/arm-none-eabi/12.3.1/thumb/v7e-m+fp/hard/crtbegin.o
LOAD C:/ST/STM32CubeIDE_1.16.0/STM32CubeIDE/plugins/com.st.stm32cube.ide.mcu.externaltools.gnu-tools-for-stm32.12.3.rel1.win32_1.0.200.202406191623/tools/bin/../lib/gcc/arm-none-eabi/12.3.1/../../../../arm-none-eabi/lib/thumb/v7e-m+fp/hard/crt0.o
LOAD ./Core/Src/ApplicationCode.o
LOAD ./Core/Src/Button_Driver.o
LOAD ./Core/Src/LCD_Driver.o
LOAD ./Core/Src/RNG_Driver.o
LOAD ./Core/Src/Tetris_Logic.o
LOAD ./Core/Src/Timer_Driver.o
LOAD ./Core/Src/fonts.o
LOAD ./Core/Src/ili9341.o
LOAD ./Core/Src/main.o
LOAD ./Core/Src/stm32f4xx_hal_msp.o
LOAD ./Core/Src/stm32f4xx_it.o
LOAD ./Core/Src/stmpe811.o
LOAD ./Core/Src/syscalls.o
LOAD ./Core/Src/sysmem.o
LOAD ./Core/Src/system_stm32f4xx.o
LOAD ./Core/Startup/startup_stm32f429zitx.o
LOAD ./Drivers/STM32F4xx_HAL_Driver/Src/stm32f4xx_hal.o
LOAD ./Drivers/STM32F4xx_HAL_Driver/Src/stm32f4xx_hal_cortex.o
LOAD ./Drivers/STM32F4xx_HAL_Driver/Src/stm32f4xx_hal_dma.o
LOAD ./Drivers/STM32F4xx_HAL_Driver/Src/stm32f4xx_hal_dma_ex.o
LOAD ./Drivers/STM32F4xx_HAL_Driver/Src/stm32f4xx_hal_dsi.o
LOAD ./Drivers/STM32F4xx_HAL_Driver/Src/stm32f4xx_hal_exti.o
LOAD ./Drivers/STM32F4xx_HAL_Driver/Src/stm32f4xx_hal_flash.o
LOAD ./Drivers/STM32F4xx_HAL_Driver/Src/stm32f4xx_hal_flash_ex.o
LOAD ./Drivers/STM32F4xx_HAL_Driver/Src/stm32f4xx_hal_flash_ramfunc.o
LOAD ./Drivers/STM32F4xx_HAL_Driver/Src/stm32f4xx_hal_gpio.o
LOAD ./Drivers/STM32F4xx_HAL_Driver/Src/stm32f4xx_hal_i2c.o
LOAD ./Drivers/STM32F4xx_HAL_Driver/Src/stm32f4xx_hal_i2c_ex.o
LOAD ./Drivers/STM32F4xx_HAL_Driver/Src/stm32f4xx_hal_ltdc.o
LOAD ./Drivers/STM32F4xx_HAL_Driver/Src/stm32f4xx_hal_ltdc_ex.o
LOAD ./Drivers/STM32F4xx_HAL_Driver/Src/stm32f4xx_hal_pwr.o
LOAD ./Drivers/STM32F4xx_HAL_Driver/Src/stm32f4xx_hal_pwr_ex.o
LOAD ./Drivers/STM32F4xx_HAL_Driver/Src/stm32f4xx_hal_rcc.o
LOAD ./Drivers/STM32F4xx_HAL_Driver/Src/stm32f4xx_hal_rcc_ex.o
LOAD ./Drivers/STM32F4xx_HAL_Driver/Src/stm32f4xx_hal_rng.o
LOAD ./Drivers/STM32F4xx_HAL_Driver/Src/stm32f4xx_hal_spi.o
LOAD ./Drivers/STM32F4xx_HAL_Driver/Src/stm32f4xx_hal_tim.o
LOAD ./Drivers/STM32F4xx_HAL_Driver/Src/stm32f4xx_hal_tim_ex.o
START GROUP
LOAD C:/ST/STM32CubeIDE_1.16.0/STM32CubeIDE/plugins/com.st.stm32cube.ide.mcu.externaltools.gnu-tools-for-stm32.12.3.rel1.win32_1.0.200.202406191623/tools/bin/../lib/gcc/arm-none-eabi/12.3.1/../../../../arm-none-eabi/lib/thumb/v7e-m+fp/hard\libc_nano.a
LOAD C:/ST/STM32CubeIDE_1.16.0/STM32CubeIDE/plugins/com.st.stm32cube.ide.mcu.externaltools.gnu-tools-for-stm32.12.3.rel1.win32_1.0.200.202406191623/tools/bin/../lib/gcc/arm-none-eabi/12.3.1/../../../../arm-none-eabi/lib/thumb/v7e-m+fp/hard\libm.a
END GROUP
START GROUP
LOAD C:/ST/STM32CubeIDE_1.16.0/STM32CubeIDE/plugins/com.st.stm32cube.ide.mcu.externaltools.gnu-tools-for-stm32.12.3.rel1.win32_1.0.200.202406191623/tools/bin/../lib/gcc/arm-none-eabi/12.3.1/thumb/v7e-m+fp/hard\libgcc.a
LOAD C:/ST/STM32CubeIDE_1.16.0/STM32CubeIDE/plugins/com.st.stm32cube.ide.mcu.externaltools.gnu-tools-for-stm32.12.3.rel1.win32_1.0.200.202406191623/tools/bin/../lib/gcc/arm-none-eabi/12.3.1/../../../../arm-none-eabi/lib/thumb/v7e-m+fp/hard\libc_nano.a
END GROUP
START GROUP
LOAD C:/ST/STM32CubeIDE_1.16.0/STM32CubeIDE/plugins/com.st.stm32cube.ide.mcu.externaltools.gnu-tools-for-stm32.12.3.rel1.win32_1.0.200.202406191623/tools/bin/../lib/gcc/arm-none-eabi/12.3.1/thumb/v7e-m+fp/hard\libgcc.a
LOAD C:/ST/STM32CubeIDE_1.16.0/STM32CubeIDE/plugins/com.st.stm32cube.ide.mcu.externaltools.gnu-tools-for-stm32.12.3.rel1.win32_1.0.200.202406191623/tools/bin/../lib/gcc/arm-none-eabi/12.3.1/../../../../arm-none-eabi/lib/thumb/v7e-m+fp/hard\libc_nano.a
LOAD C:/ST/STM32CubeIDE_1.16.0/STM32CubeIDE/plugins/com.st.stm32cube.ide.mcu.externaltools.gnu-tools-for-stm32.12.3.rel1.win32_1.0.200.202406191623/tools/bin/../lib/gcc/arm-none-eabi/12.3.1/../../../../arm-none-eabi/lib/thumb/v7e-m+fp/hard\libnosys.a
END GROUP
START GROUP
LOAD C:/ST/STM32CubeIDE_1.16.0/STM32CubeIDE/plugins/com.st.stm32cube.ide.mcu.externaltools.gnu-tools-for-stm32.12.3.rel1.win32_1.0.200.202406191623/tools/bin/../lib/gcc/arm-none-eabi/12.3.1/thumb/v7e-m+fp/hard\libgcc.a
LOAD C:/ST/STM32CubeIDE_1.16.0/STM32CubeIDE/plugins/com.st.stm32cube.ide.mcu.externaltools.gnu-tools-for-stm32.12.3.rel1.win32_1.0.200.202406191623/tools/bin/../lib/gcc/arm-none-eabi/12.3.1/../../../../arm-none-eabi/lib/thumb/v7e-m+fp/hard\libc_nano.a
LOAD C:/ST/STM32CubeIDE_1.16.0/STM32CubeIDE/plugins/com.st.stm32cube.ide.mcu.externaltools.gnu-tools-for-stm32.12.3.rel1.win32_1.0.200.202406191623/tools/bin/../lib/gcc/arm-none-eabi/12.3.1/../../../../arm-none-eabi/lib/thumb/v7e-m+fp/hard\libnosys.a
END GROUP
LOAD C:/ST/STM32CubeIDE_1.16.0/STM32CubeIDE/plugins/com.st.stm32cube.ide.mcu.externaltools.gnu-tools-for-stm32.12.3.rel1.win32_1.0.200.202406191623/tools/bin/../lib/gcc/arm-none-eabi/12.3.1/thumb/v7e-m+fp/hard/crtend.o
LOAD C:/ST/STM32CubeIDE_1.16.0/STM32CubeIDE/plugins/com.st.stm32cube.ide.mcu.externaltools.gnu-tools-for-stm32.12.3.rel1.win32_1.0.200.202406191623/tools/bin/../lib/gcc/arm-none-eabi/12.3.1/thumb/v7e-m+fp/hard/crtn.o
                0x20030000                        _estack = (ORIGIN (RAM) + LENGTH (RAM))
                0x00000200                        _Min_Heap_Size = 0x200
                0x00000400                        _Min_Stack_Size = 0x400

.isr_vector     0x08000000      0x1ac
                0x08000000                        . = ALIGN (0x4)
 *(.isr_vector)
 .isr_vector    0x08000000      0x1ac ./Core/Startup/startup_stm32f429zitx.o
                0x08000000                g_pfnVectors
                0x080001ac                        . = ALIGN (0x4)

.text           0x080001ac     0x5070
                0x080001ac                        . = ALIGN (0x4)
 *(.text)
 .text          0x080001ac       0x40 C:/ST/STM32CubeIDE_1.16.0/STM32CubeIDE/plugins/com.st.stm32cube.ide.mcu.externaltools.gnu-tools-for-stm32.12.3.rel1.win32_1.0.200.202406191623/tools/bin/../lib/gcc/arm-none-eabi/12.3.1/thumb/v7e-m+fp/hard/crtbegin.o
 .text          0x080001ec       0x30 C:/ST/STM32CubeIDE_1.16.0/STM32CubeIDE/plugins/com.st.stm32cube.ide.mcu.externaltools.gnu-tools-for-stm32.12.3.rel1.win32_1.0.200.202406191623/tools/bin/../lib/gcc/arm-none-eabi/12.3.1/thumb/v7e-m+fp/hard\libgcc.a(_aeabi_uldivmod.o)
                0x080001ec                __aeabi_uldivmod
 .text          0x0800021c      0x2bc C:/ST/STM32CubeIDE_1.16.0/STM32CubeIDE/plugins/com.st.stm32cube.ide.mcu.externaltools.gnu-tools-for-stm32.12.3.rel1.win32_1.0.200.202406191623/tools/bin/../lib/gcc/arm-none-eabi/12.3.1/thumb/v7e-m+fp/hard\libgcc.a(_udivmoddi4.o)
                0x0800021c                __udivmoddi4
 .text          0x080004d8        0x4 C:/ST/STM32CubeIDE_1.16.0/STM32CubeIDE/plugins/com.st.stm32cube.ide.mcu.externaltools.gnu-tools-for-stm32.12.3.rel1.win32_1.0.200.202406191623/tools/bin/../lib/gcc/arm-none-eabi/12.3.1/thumb/v7e-m+fp/hard\libgcc.a(_dvmd_tls.o)
                0x080004d8                __aeabi_idiv0
                0x080004d8                __aeabi_ldiv0
 *(.text*)
 .text.ApplicationInit
                0x080004dc       0x26 ./Core/Src/ApplicationCode.o
                0x080004dc                ApplicationInit
 *fill*         0x08000502        0x2 
 .text.LCD_Visual_Demo
                0x08000504       0x64 ./Core/Src/ApplicationCode.o
                0x08000504                LCD_Visual_Demo
 .text.EXTI0_IRQHandler
                0x08000568      0x118 ./Core/Src/ApplicationCode.o
                0x08000568                EXTI0_IRQHandler
 .text.Button_Init_InterruptMode
                0x08000680       0x60 ./Core/Src/Button_Driver.o
                0x08000680                Button_Init_InterruptMode
 .text.LCD_GPIO_Init
                0x080006e0      0x190 ./Core/Src/LCD_Driver.o
                0x080006e0                LCD_GPIO_Init
 .text.LTCD_Layer_Init
                0x08000870       0x80 ./Core/Src/LCD_Driver.o
                0x08000870                LTCD_Layer_Init
 .text.LTCD__Init
                0x080008f0       0xbc ./Core/Src/LCD_Driver.o
                0x080008f0                LTCD__Init
 .text.LCD_Draw_Pixel
                0x080009ac       0x3c ./Core/Src/LCD_Driver.o
                0x080009ac                LCD_Draw_Pixel
 .text.LCD_Draw_Vertical_Line
                0x080009e8       0x4e ./Core/Src/LCD_Driver.o
                0x080009e8                LCD_Draw_Vertical_Line
 .text.LCD_Draw_Horizontal_Line
                0x08000a36       0x4e ./Core/Src/LCD_Driver.o
                0x08000a36                LCD_Draw_Horizontal_Line
 .text.LCD_Clear
                0x08000a84       0x44 ./Core/Src/LCD_Driver.o
                0x08000a84                LCD_Clear
 .text.LCD_SetTextColor
                0x08000ac8       0x20 ./Core/Src/LCD_Driver.o
                0x08000ac8                LCD_SetTextColor
 .text.LCD_SetFont
                0x08000ae8       0x20 ./Core/Src/LCD_Driver.o
                0x08000ae8                LCD_SetFont
 .text.LCD_Draw_Char
                0x08000b08       0xdc ./Core/Src/LCD_Driver.o
                0x08000b08                LCD_Draw_Char
 .text.LCD_DisplayChar
                0x08000be4       0x44 ./Core/Src/LCD_Driver.o
                0x08000be4                LCD_DisplayChar
 .text.LCD_Error_Handler
                0x08000c28        0xc ./Core/Src/LCD_Driver.o
                0x08000c28                LCD_Error_Handler
 .text.RNG_Init
                0x08000c34       0x4c ./Core/Src/RNG_Driver.o
                0x08000c34                RNG_Init
 .text.RNG_DeInit
                0x08000c80       0x1c ./Core/Src/RNG_Driver.o
                0x08000c80                RNG_DeInit
 .text.RNG_GenRandNum
                0x08000c9c       0x5c ./Core/Src/RNG_Driver.o
                0x08000c9c                RNG_GenRandNum
 .text.BuildTetrominoe
                0x08000cf8      0x4b8 ./Core/Src/Tetris_Logic.o
                0x08000cf8                BuildTetrominoe
 .text.ShiftTetrominoe
                0x080011b0      0x33a ./Core/Src/Tetris_Logic.o
                0x080011b0                ShiftTetrominoe
 *fill*         0x080014ea        0x2 
 .text.DrawBoard
                0x080014ec      0x208 ./Core/Src/Tetris_Logic.o
                0x080014ec                DrawBoard
 .text.DrawBlock
                0x080016f4       0x66 ./Core/Src/Tetris_Logic.o
                0x080016f4                DrawBlock
 .text.DrawTetrominoe
                0x0800175a       0x8a ./Core/Src/Tetris_Logic.o
                0x0800175a                DrawTetrominoe
 .text.CheckCollision
                0x080017e4       0xa2 ./Core/Src/Tetris_Logic.o
                0x080017e4                CheckCollision
 .text.InitBoard
                0x08001886       0xc2 ./Core/Src/Tetris_Logic.o
                0x08001886                InitBoard
 .text.SetTetrominoe
                0x08001948      0x10a ./Core/Src/Tetris_Logic.o
                0x08001948                SetTetrominoe
 .text.CheckValidSpawn
                0x08001a52       0x88 ./Core/Src/Tetris_Logic.o
                0x08001a52                CheckValidSpawn
 *fill*         0x08001ada        0x2 
 .text.DrawEndScreen
                0x08001adc       0x74 ./Core/Src/Tetris_Logic.o
                0x08001adc                DrawEndScreen
 .text.CheckOverlap
                0x08001b50       0xa2 ./Core/Src/Tetris_Logic.o
                0x08001b50                CheckOverlap
 .text.CheckRow
                0x08001bf2       0x52 ./Core/Src/Tetris_Logic.o
                0x08001bf2                CheckRow
 .text.CheckTetris
                0x08001c44      0x16e ./Core/Src/Tetris_Logic.o
                0x08001c44                CheckTetris
 .text.NewTetrominoe
                0x08001db2       0x66 ./Core/Src/Tetris_Logic.o
                0x08001db2                NewTetrominoe
 .text.Timer6Init
                0x08001e18       0x7c ./Core/Src/Timer_Driver.o
                0x08001e18                Timer6Init
 .text.ili9341_Init
                0x08001e94      0x294 ./Core/Src/ili9341.o
                0x08001e94                ili9341_Init
 .text.ili9341_Write_Reg
                0x08002128       0x1a ./Core/Src/ili9341.o
                0x08002128                ili9341_Write_Reg
 .text.ili9341_Send_Data
                0x08002142       0x1a ./Core/Src/ili9341.o
                0x08002142                ili9341_Send_Data
 .text.SPI_Init
                0x0800215c       0x74 ./Core/Src/ili9341.o
 .text.SPI_Write
                0x080021d0       0x3c ./Core/Src/ili9341.o
 .text.SPI_Error
                0x0800220c       0x18 ./Core/Src/ili9341.o
 .text.SPI_MspInit
                0x08002224       0x74 ./Core/Src/ili9341.o
 .text.LCD_IO_Init
                0x08002298       0xf0 ./Core/Src/ili9341.o
                0x08002298                LCD_IO_Init
 .text.LCD_IO_WriteData
                0x08002388       0x44 ./Core/Src/ili9341.o
                0x08002388                LCD_IO_WriteData
 .text.LCD_IO_WriteReg
                0x080023cc       0x44 ./Core/Src/ili9341.o
                0x080023cc                LCD_IO_WriteReg
 .text.LCD_Delay
                0x08002410       0x16 ./Core/Src/ili9341.o
                0x08002410                LCD_Delay
 .text.main     0x08002426       0x20 ./Core/Src/main.o
                0x08002426                main
 *fill*         0x08002446        0x2 
 .text.SystemClockOverride
                0x08002448       0x80 ./Core/Src/main.o
                0x08002448                SystemClockOverride
 .text.Error_Handler
                0x080024c8        0xc ./Core/Src/main.o
                0x080024c8                Error_Handler
 .text.HAL_MspInit
                0x080024d4       0x50 ./Core/Src/stm32f4xx_hal_msp.o
                0x080024d4                HAL_MspInit
 .text.HAL_LTDC_MspInit
                0x08002524      0x250 ./Core/Src/stm32f4xx_hal_msp.o
                0x08002524                HAL_LTDC_MspInit
 .text.HAL_RNG_MspInit
                0x08002774       0x44 ./Core/Src/stm32f4xx_hal_msp.o
                0x08002774                HAL_RNG_MspInit
 .text.HAL_RNG_MspDeInit
                0x080027b8       0x34 ./Core/Src/stm32f4xx_hal_msp.o
                0x080027b8                HAL_RNG_MspDeInit
 .text.HAL_SPI_MspInit
                0x080027ec       0x90 ./Core/Src/stm32f4xx_hal_msp.o
                0x080027ec                HAL_SPI_MspInit
 .text.HAL_SPI_MspDeInit
                0x0800287c       0x3c ./Core/Src/stm32f4xx_hal_msp.o
                0x0800287c                HAL_SPI_MspDeInit
 .text.HAL_TIM_Base_MspInit
                0x080028b8       0x50 ./Core/Src/stm32f4xx_hal_msp.o
                0x080028b8                HAL_TIM_Base_MspInit
 .text.NMI_Handler
                0x08002908        0x8 ./Core/Src/stm32f4xx_it.o
                0x08002908                NMI_Handler
 .text.HardFault_Handler
                0x08002910        0x8 ./Core/Src/stm32f4xx_it.o
                0x08002910                HardFault_Handler
 .text.MemManage_Handler
                0x08002918        0x8 ./Core/Src/stm32f4xx_it.o
                0x08002918                MemManage_Handler
 .text.BusFault_Handler
                0x08002920        0x8 ./Core/Src/stm32f4xx_it.o
                0x08002920                BusFault_Handler
 .text.UsageFault_Handler
                0x08002928        0x8 ./Core/Src/stm32f4xx_it.o
                0x08002928                UsageFault_Handler
 .text.SVC_Handler
                0x08002930        0xe ./Core/Src/stm32f4xx_it.o
                0x08002930                SVC_Handler
 .text.DebugMon_Handler
                0x0800293e        0xe ./Core/Src/stm32f4xx_it.o
                0x0800293e                DebugMon_Handler
 .text.PendSV_Handler
                0x0800294c        0xe ./Core/Src/stm32f4xx_it.o
                0x0800294c                PendSV_Handler
 .text.SysTick_Handler
                0x0800295a        0xc ./Core/Src/stm32f4xx_it.o
                0x0800295a                SysTick_Handler
 *fill*         0x08002966        0x2 
 .text.TIM6_DAC_IRQHandler
                0x08002968       0x14 ./Core/Src/stm32f4xx_it.o
                0x08002968                TIM6_DAC_IRQHandler
 .text.initialise_monitor_handles
                0x0800297c        0xe ./Core/Src/syscalls.o
                0x0800297c                initialise_monitor_handles
 *fill*         0x0800298a        0x2 
 .text.SystemInit
                0x0800298c       0x24 ./Core/Src/system_stm32f4xx.o
                0x0800298c                SystemInit
 .text.Reset_Handler
                0x080029b0       0x50 ./Core/Startup/startup_stm32f429zitx.o
                0x080029b0                Reset_Handler
 .text.Default_Handler
                0x08002a00        0x2 ./Core/Startup/startup_stm32f429zitx.o
                0x08002a00                RTC_Alarm_IRQHandler
                0x08002a00                HASH_RNG_IRQHandler
                0x08002a00                EXTI2_IRQHandler
                0x08002a00                TIM8_CC_IRQHandler
                0x08002a00                UART8_IRQHandler
                0x08002a00                SPI4_IRQHandler
                0x08002a00                TIM1_CC_IRQHandler
                0x08002a00                DMA2_Stream5_IRQHandler
                0x08002a00                DMA1_Stream5_IRQHandler
                0x08002a00                PVD_IRQHandler
                0x08002a00                SDIO_IRQHandler
                0x08002a00                TAMP_STAMP_IRQHandler
                0x08002a00                CAN2_RX1_IRQHandler
                0x08002a00                EXTI3_IRQHandler
                0x08002a00                TIM8_TRG_COM_TIM14_IRQHandler
                0x08002a00                TIM1_UP_TIM10_IRQHandler
                0x08002a00                TIM8_UP_TIM13_IRQHandler
                0x08002a00                I2C3_ER_IRQHandler
                0x08002a00                I2C2_EV_IRQHandler
                0x08002a00                DMA1_Stream2_IRQHandler
                0x08002a00                CAN1_RX0_IRQHandler
                0x08002a00                FPU_IRQHandler
                0x08002a00                OTG_HS_WKUP_IRQHandler
                0x08002a00                LTDC_ER_IRQHandler
                0x08002a00                CAN2_SCE_IRQHandler
                0x08002a00                DMA2_Stream2_IRQHandler
                0x08002a00                SPI1_IRQHandler
                0x08002a00                TIM1_BRK_TIM9_IRQHandler
                0x08002a00                DCMI_IRQHandler
                0x08002a00                CAN2_RX0_IRQHandler
                0x08002a00                DMA2_Stream3_IRQHandler
                0x08002a00                USART6_IRQHandler
                0x08002a00                USART3_IRQHandler
                0x08002a00                CAN1_RX1_IRQHandler
                0x08002a00                UART5_IRQHandler
                0x08002a00                DMA2_Stream0_IRQHandler
                0x08002a00                TIM4_IRQHandler
                0x08002a00                I2C1_EV_IRQHandler
                0x08002a00                DMA1_Stream6_IRQHandler
                0x08002a00                DMA1_Stream1_IRQHandler
                0x08002a00                UART4_IRQHandler
                0x08002a00                TIM3_IRQHandler
                0x08002a00                RCC_IRQHandler
                0x08002a00                TIM8_BRK_TIM12_IRQHandler
                0x08002a00                Default_Handler
                0x08002a00                EXTI15_10_IRQHandler
                0x08002a00                ADC_IRQHandler
                0x08002a00                DMA1_Stream7_IRQHandler
                0x08002a00                SPI5_IRQHandler
                0x08002a00                TIM7_IRQHandler
                0x08002a00                CAN2_TX_IRQHandler
                0x08002a00                TIM5_IRQHandler
                0x08002a00                DMA2_Stream7_IRQHandler
                0x08002a00                I2C3_EV_IRQHandler
                0x08002a00                EXTI9_5_IRQHandler
                0x08002a00                RTC_WKUP_IRQHandler
                0x08002a00                LTDC_IRQHandler
                0x08002a00                ETH_WKUP_IRQHandler
                0x08002a00                SPI2_IRQHandler
                0x08002a00                OTG_HS_EP1_IN_IRQHandler
                0x08002a00                DMA1_Stream0_IRQHandler
                0x08002a00                CAN1_TX_IRQHandler
                0x08002a00                EXTI4_IRQHandler
                0x08002a00                ETH_IRQHandler
                0x08002a00                OTG_HS_EP1_OUT_IRQHandler
                0x08002a00                WWDG_IRQHandler
                0x08002a00                SPI6_IRQHandler
                0x08002a00                TIM2_IRQHandler
                0x08002a00                OTG_FS_WKUP_IRQHandler
                0x08002a00                TIM1_TRG_COM_TIM11_IRQHandler
                0x08002a00                OTG_HS_IRQHandler
                0x08002a00                DMA2D_IRQHandler
                0x08002a00                EXTI1_IRQHandler
                0x08002a00                UART7_IRQHandler
                0x08002a00                USART2_IRQHandler
                0x08002a00                I2C2_ER_IRQHandler
                0x08002a00                DMA2_Stream1_IRQHandler
                0x08002a00                CAN1_SCE_IRQHandler
                0x08002a00                FLASH_IRQHandler
                0x08002a00                DMA2_Stream4_IRQHandler
                0x08002a00                USART1_IRQHandler
                0x08002a00                OTG_FS_IRQHandler
                0x08002a00                SPI3_IRQHandler
                0x08002a00                DMA1_Stream4_IRQHandler
                0x08002a00                I2C1_ER_IRQHandler
                0x08002a00                FMC_IRQHandler
                0x08002a00                DMA2_Stream6_IRQHandler
                0x08002a00                SAI1_IRQHandler
                0x08002a00                DMA1_Stream3_IRQHandler
 *fill*         0x08002a02        0x2 
 .text.HAL_Init
                0x08002a04       0x44 ./Drivers/STM32F4xx_HAL_Driver/Src/stm32f4xx_hal.o
                0x08002a04                HAL_Init
 .text.HAL_InitTick
                0x08002a48       0x60 ./Drivers/STM32F4xx_HAL_Driver/Src/stm32f4xx_hal.o
                0x08002a48                HAL_InitTick
 .text.HAL_IncTick
                0x08002aa8       0x28 ./Drivers/STM32F4xx_HAL_Driver/Src/stm32f4xx_hal.o
                0x08002aa8                HAL_IncTick
 .text.HAL_GetTick
                0x08002ad0       0x18 ./Drivers/STM32F4xx_HAL_Driver/Src/stm32f4xx_hal.o
                0x08002ad0                HAL_GetTick
 .text.HAL_Delay
                0x08002ae8       0x48 ./Drivers/STM32F4xx_HAL_Driver/Src/stm32f4xx_hal.o
                0x08002ae8                HAL_Delay
 .text.__NVIC_SetPriorityGrouping
                0x08002b30       0x48 ./Drivers/STM32F4xx_HAL_Driver/Src/stm32f4xx_hal_cortex.o
 .text.__NVIC_GetPriorityGrouping
                0x08002b78       0x1c ./Drivers/STM32F4xx_HAL_Driver/Src/stm32f4xx_hal_cortex.o
 .text.__NVIC_EnableIRQ
                0x08002b94       0x3c ./Drivers/STM32F4xx_HAL_Driver/Src/stm32f4xx_hal_cortex.o
 .text.__NVIC_DisableIRQ
                0x08002bd0       0x48 ./Drivers/STM32F4xx_HAL_Driver/Src/stm32f4xx_hal_cortex.o
 .text.__NVIC_SetPriority
                0x08002c18       0x54 ./Drivers/STM32F4xx_HAL_Driver/Src/stm32f4xx_hal_cortex.o
 .text.NVIC_EncodePriority
                0x08002c6c       0x66 ./Drivers/STM32F4xx_HAL_Driver/Src/stm32f4xx_hal_cortex.o
 *fill*         0x08002cd2        0x2 
 .text.SysTick_Config
                0x08002cd4       0x44 ./Drivers/STM32F4xx_HAL_Driver/Src/stm32f4xx_hal_cortex.o
 .text.HAL_NVIC_SetPriorityGrouping
                0x08002d18       0x16 ./Drivers/STM32F4xx_HAL_Driver/Src/stm32f4xx_hal_cortex.o
                0x08002d18                HAL_NVIC_SetPriorityGrouping
 .text.HAL_NVIC_SetPriority
                0x08002d2e       0x38 ./Drivers/STM32F4xx_HAL_Driver/Src/stm32f4xx_hal_cortex.o
                0x08002d2e                HAL_NVIC_SetPriority
 .text.HAL_NVIC_EnableIRQ
                0x08002d66       0x1c ./Drivers/STM32F4xx_HAL_Driver/Src/stm32f4xx_hal_cortex.o
                0x08002d66                HAL_NVIC_EnableIRQ
 .text.HAL_NVIC_DisableIRQ
                0x08002d82       0x1c ./Drivers/STM32F4xx_HAL_Driver/Src/stm32f4xx_hal_cortex.o
                0x08002d82                HAL_NVIC_DisableIRQ
 .text.HAL_SYSTICK_Config
                0x08002d9e       0x18 ./Drivers/STM32F4xx_HAL_Driver/Src/stm32f4xx_hal_cortex.o
                0x08002d9e                HAL_SYSTICK_Config
 *fill*         0x08002db6        0x2 
 .text.HAL_EXTI_ClearPending
                0x08002db8       0x30 ./Drivers/STM32F4xx_HAL_Driver/Src/stm32f4xx_hal_exti.o
                0x08002db8                HAL_EXTI_ClearPending
 .text.HAL_GPIO_Init
                0x08002de8      0x358 ./Drivers/STM32F4xx_HAL_Driver/Src/stm32f4xx_hal_gpio.o
                0x08002de8                HAL_GPIO_Init
 .text.HAL_GPIO_DeInit
                0x08003140      0x218 ./Drivers/STM32F4xx_HAL_Driver/Src/stm32f4xx_hal_gpio.o
                0x08003140                HAL_GPIO_DeInit
 .text.HAL_GPIO_WritePin
                0x08003358       0x32 ./Drivers/STM32F4xx_HAL_Driver/Src/stm32f4xx_hal_gpio.o
                0x08003358                HAL_GPIO_WritePin
 *fill*         0x0800338a        0x2 
 .text.HAL_LTDC_Init
                0x0800338c      0x1a0 ./Drivers/STM32F4xx_HAL_Driver/Src/stm32f4xx_hal_ltdc.o
                0x0800338c                HAL_LTDC_Init
 .text.HAL_LTDC_ConfigLayer
                0x0800352c       0x7c ./Drivers/STM32F4xx_HAL_Driver/Src/stm32f4xx_hal_ltdc.o
                0x0800352c                HAL_LTDC_ConfigLayer
 .text.LTDC_SetConfig
                0x080035a8      0x32e ./Drivers/STM32F4xx_HAL_Driver/Src/stm32f4xx_hal_ltdc.o
 *fill*         0x080038d6        0x2 
 .text.HAL_RCC_OscConfig
                0x080038d8      0x4f0 ./Drivers/STM32F4xx_HAL_Driver/Src/stm32f4xx_hal_rcc.o
                0x080038d8                HAL_RCC_OscConfig
 .text.HAL_RCC_ClockConfig
                0x08003dc8      0x1cc ./Drivers/STM32F4xx_HAL_Driver/Src/stm32f4xx_hal_rcc.o
                0x08003dc8                HAL_RCC_ClockConfig
 .text.HAL_RCC_GetSysClockFreq
                0x08003f94      0x20c ./Drivers/STM32F4xx_HAL_Driver/Src/stm32f4xx_hal_rcc.o
                0x08003f94                HAL_RCC_GetSysClockFreq
 .text.HAL_RCCEx_PeriphCLKConfig
                0x080041a0      0x380 ./Drivers/STM32F4xx_HAL_Driver/Src/stm32f4xx_hal_rcc_ex.o
                0x080041a0                HAL_RCCEx_PeriphCLKConfig
 .text.HAL_RNG_Init
                0x08004520       0x54 ./Drivers/STM32F4xx_HAL_Driver/Src/stm32f4xx_hal_rng.o
                0x08004520                HAL_RNG_Init
 .text.HAL_RNG_DeInit
                0x08004574       0x54 ./Drivers/STM32F4xx_HAL_Driver/Src/stm32f4xx_hal_rng.o
                0x08004574                HAL_RNG_DeInit
 .text.HAL_RNG_GenerateRandomNumber
                0x080045c8       0xac ./Drivers/STM32F4xx_HAL_Driver/Src/stm32f4xx_hal_rng.o
                0x080045c8                HAL_RNG_GenerateRandomNumber
 .text.HAL_SPI_Init
                0x08004674      0x112 ./Drivers/STM32F4xx_HAL_Driver/Src/stm32f4xx_hal_spi.o
                0x08004674                HAL_SPI_Init
 .text.HAL_SPI_DeInit
                0x08004786       0x50 ./Drivers/STM32F4xx_HAL_Driver/Src/stm32f4xx_hal_spi.o
                0x08004786                HAL_SPI_DeInit
 .text.HAL_SPI_Transmit
                0x080047d6      0x288 ./Drivers/STM32F4xx_HAL_Driver/Src/stm32f4xx_hal_spi.o
                0x080047d6                HAL_SPI_Transmit
 .text.HAL_SPI_GetState
                0x08004a5e       0x1c ./Drivers/STM32F4xx_HAL_Driver/Src/stm32f4xx_hal_spi.o
                0x08004a5e                HAL_SPI_GetState
 *fill*         0x08004a7a        0x2 
 .text.SPI_WaitFlagStateUntilTimeout
                0x08004a7c      0x110 ./Drivers/STM32F4xx_HAL_Driver/Src/stm32f4xx_hal_spi.o
 .text.SPI_EndRxTxTransaction
                0x08004b8c       0xa8 ./Drivers/STM32F4xx_HAL_Driver/Src/stm32f4xx_hal_spi.o
 .text.HAL_TIM_Base_Init
                0x08004c34       0x9e ./Drivers/STM32F4xx_HAL_Driver/Src/stm32f4xx_hal_tim.o
                0x08004c34                HAL_TIM_Base_Init
 .text.HAL_TIM_IRQHandler
                0x08004cd2      0x1e0 ./Drivers/STM32F4xx_HAL_Driver/Src/stm32f4xx_hal_tim.o
                0x08004cd2                HAL_TIM_IRQHandler
 .text.HAL_TIM_PeriodElapsedCallback
                0x08004eb2       0x14 ./Drivers/STM32F4xx_HAL_Driver/Src/stm32f4xx_hal_tim.o
                0x08004eb2                HAL_TIM_PeriodElapsedCallback
 .text.HAL_TIM_OC_DelayElapsedCallback
                0x08004ec6       0x14 ./Drivers/STM32F4xx_HAL_Driver/Src/stm32f4xx_hal_tim.o
                0x08004ec6                HAL_TIM_OC_DelayElapsedCallback
 .text.HAL_TIM_IC_CaptureCallback
                0x08004eda       0x14 ./Drivers/STM32F4xx_HAL_Driver/Src/stm32f4xx_hal_tim.o
                0x08004eda                HAL_TIM_IC_CaptureCallback
 .text.HAL_TIM_PWM_PulseFinishedCallback
                0x08004eee       0x14 ./Drivers/STM32F4xx_HAL_Driver/Src/stm32f4xx_hal_tim.o
                0x08004eee                HAL_TIM_PWM_PulseFinishedCallback
 .text.HAL_TIM_TriggerCallback
                0x08004f02       0x14 ./Drivers/STM32F4xx_HAL_Driver/Src/stm32f4xx_hal_tim.o
                0x08004f02                HAL_TIM_TriggerCallback
 *fill*         0x08004f16        0x2 
 .text.TIM_Base_SetConfig
                0x08004f18      0x158 ./Drivers/STM32F4xx_HAL_Driver/Src/stm32f4xx_hal_tim.o
                0x08004f18                TIM_Base_SetConfig
 .text.HAL_TIMEx_MasterConfigSynchronization
                0x08005070       0xf8 ./Drivers/STM32F4xx_HAL_Driver/Src/stm32f4xx_hal_tim_ex.o
                0x08005070                HAL_TIMEx_MasterConfigSynchronization
 .text.HAL_TIMEx_CommutCallback
                0x08005168       0x14 ./Drivers/STM32F4xx_HAL_Driver/Src/stm32f4xx_hal_tim_ex.o
                0x08005168                HAL_TIMEx_CommutCallback
 .text.HAL_TIMEx_BreakCallback
                0x0800517c       0x14 ./Drivers/STM32F4xx_HAL_Driver/Src/stm32f4xx_hal_tim_ex.o
                0x0800517c                HAL_TIMEx_BreakCallback
 .text.memset   0x08005190       0x10 C:/ST/STM32CubeIDE_1.16.0/STM32CubeIDE/plugins/com.st.stm32cube.ide.mcu.externaltools.gnu-tools-for-stm32.12.3.rel1.win32_1.0.200.202406191623/tools/bin/../lib/gcc/arm-none-eabi/12.3.1/../../../../arm-none-eabi/lib/thumb/v7e-m+fp/hard\libc_nano.a(libc_a-memset.o)
                0x08005190                memset
 .text.__libc_init_array
                0x080051a0       0x48 C:/ST/STM32CubeIDE_1.16.0/STM32CubeIDE/plugins/com.st.stm32cube.ide.mcu.externaltools.gnu-tools-for-stm32.12.3.rel1.win32_1.0.200.202406191623/tools/bin/../lib/gcc/arm-none-eabi/12.3.1/../../../../arm-none-eabi/lib/thumb/v7e-m+fp/hard\libc_nano.a(libc_a-init.o)
                0x080051a0                __libc_init_array
 .text.memcpy   0x080051e8       0x1c C:/ST/STM32CubeIDE_1.16.0/STM32CubeIDE/plugins/com.st.stm32cube.ide.mcu.externaltools.gnu-tools-for-stm32.12.3.rel1.win32_1.0.200.202406191623/tools/bin/../lib/gcc/arm-none-eabi/12.3.1/../../../../arm-none-eabi/lib/thumb/v7e-m+fp/hard\libc_nano.a(libc_a-memcpy-stub.o)
                0x080051e8                memcpy
 *(.glue_7)
 .glue_7        0x08005204        0x0 linker stubs
 *(.glue_7t)
 .glue_7t       0x08005204        0x0 linker stubs
 *(.eh_frame)
 .eh_frame      0x08005204        0x0 C:/ST/STM32CubeIDE_1.16.0/STM32CubeIDE/plugins/com.st.stm32cube.ide.mcu.externaltools.gnu-tools-for-stm32.12.3.rel1.win32_1.0.200.202406191623/tools/bin/../lib/gcc/arm-none-eabi/12.3.1/thumb/v7e-m+fp/hard/crtbegin.o
 *(.init)
 .init          0x08005204        0x4 C:/ST/STM32CubeIDE_1.16.0/STM32CubeIDE/plugins/com.st.stm32cube.ide.mcu.externaltools.gnu-tools-for-stm32.12.3.rel1.win32_1.0.200.202406191623/tools/bin/../lib/gcc/arm-none-eabi/12.3.1/thumb/v7e-m+fp/hard/crti.o
                0x08005204                _init
 .init          0x08005208        0x8 C:/ST/STM32CubeIDE_1.16.0/STM32CubeIDE/plugins/com.st.stm32cube.ide.mcu.externaltools.gnu-tools-for-stm32.12.3.rel1.win32_1.0.200.202406191623/tools/bin/../lib/gcc/arm-none-eabi/12.3.1/thumb/v7e-m+fp/hard/crtn.o
 *(.fini)
 .fini          0x08005210        0x4 C:/ST/STM32CubeIDE_1.16.0/STM32CubeIDE/plugins/com.st.stm32cube.ide.mcu.externaltools.gnu-tools-for-stm32.12.3.rel1.win32_1.0.200.202406191623/tools/bin/../lib/gcc/arm-none-eabi/12.3.1/thumb/v7e-m+fp/hard/crti.o
                0x08005210                _fini
 .fini          0x08005214        0x8 C:/ST/STM32CubeIDE_1.16.0/STM32CubeIDE/plugins/com.st.stm32cube.ide.mcu.externaltools.gnu-tools-for-stm32.12.3.rel1.win32_1.0.200.202406191623/tools/bin/../lib/gcc/arm-none-eabi/12.3.1/thumb/v7e-m+fp/hard/crtn.o
                0x0800521c                        . = ALIGN (0x4)
                0x0800521c                        _etext = .

.vfp11_veneer   0x0800521c        0x0
 .vfp11_veneer  0x0800521c        0x0 linker stubs

.v4_bx          0x0800521c        0x0
 .v4_bx         0x0800521c        0x0 linker stubs

.iplt           0x0800521c        0x0
 .iplt          0x0800521c        0x0 C:/ST/STM32CubeIDE_1.16.0/STM32CubeIDE/plugins/com.st.stm32cube.ide.mcu.externaltools.gnu-tools-for-stm32.12.3.rel1.win32_1.0.200.202406191623/tools/bin/../lib/gcc/arm-none-eabi/12.3.1/thumb/v7e-m+fp/hard/crtbegin.o

.rodata         0x0800521c     0x125c
                0x0800521c                        . = ALIGN (0x4)
 *(.rodata)
 .rodata        0x0800521c       0x79 ./Core/Src/Tetris_Logic.o
 *(.rodata*)
 *fill*         0x08005295        0x3 
 .rodata.ASCII16x24_Table
                0x08005298     0x11d0 ./Core/Src/fonts.o
                0x08005298                ASCII16x24_Table
 .rodata.AHBPrescTable
                0x08006468       0x10 ./Core/Src/system_stm32f4xx.o
                0x08006468                AHBPrescTable
                0x08006478                        . = ALIGN (0x4)

.ARM.extab      0x08006478        0x0
                0x08006478                        . = ALIGN (0x4)
 *(.ARM.extab* .gnu.linkonce.armextab.*)
                0x08006478                        . = ALIGN (0x4)

.ARM            0x08006478        0x8
                0x08006478                        . = ALIGN (0x4)
                0x08006478                        __exidx_start = .
 *(.ARM.exidx*)
 .ARM.exidx     0x08006478        0x8 C:/ST/STM32CubeIDE_1.16.0/STM32CubeIDE/plugins/com.st.stm32cube.ide.mcu.externaltools.gnu-tools-for-stm32.12.3.rel1.win32_1.0.200.202406191623/tools/bin/../lib/gcc/arm-none-eabi/12.3.1/thumb/v7e-m+fp/hard\libgcc.a(_udivmoddi4.o)
                0x08006480                        __exidx_end = .
                0x08006480                        . = ALIGN (0x4)

.preinit_array  0x08006480        0x0
                0x08006480                        . = ALIGN (0x4)
                0x08006480                        PROVIDE (__preinit_array_start = .)
 *(.preinit_array*)
                0x08006480                        PROVIDE (__preinit_array_end = .)
                0x08006480                        . = ALIGN (0x4)

.init_array     0x08006480        0x4
                0x08006480                        . = ALIGN (0x4)
                0x08006480                        PROVIDE (__init_array_start = .)
 *(SORT_BY_NAME(.init_array.*))
 *(.init_array*)
 .init_array    0x08006480        0x4 C:/ST/STM32CubeIDE_1.16.0/STM32CubeIDE/plugins/com.st.stm32cube.ide.mcu.externaltools.gnu-tools-for-stm32.12.3.rel1.win32_1.0.200.202406191623/tools/bin/../lib/gcc/arm-none-eabi/12.3.1/thumb/v7e-m+fp/hard/crtbegin.o
                0x08006484                        PROVIDE (__init_array_end = .)
                0x08006484                        . = ALIGN (0x4)

.fini_array     0x08006484        0x4
                0x08006484                        . = ALIGN (0x4)
                [!provide]                        PROVIDE (__fini_array_start = .)
 *(SORT_BY_NAME(.fini_array.*))
 *(.fini_array*)
 .fini_array    0x08006484        0x4 C:/ST/STM32CubeIDE_1.16.0/STM32CubeIDE/plugins/com.st.stm32cube.ide.mcu.externaltools.gnu-tools-for-stm32.12.3.rel1.win32_1.0.200.202406191623/tools/bin/../lib/gcc/arm-none-eabi/12.3.1/thumb/v7e-m+fp/hard/crtbegin.o
                [!provide]                        PROVIDE (__fini_array_end = .)
                0x08006488                        . = ALIGN (0x4)
                0x08006488                        _sidata = LOADADDR (.data)

.rel.dyn        0x08006488        0x0
 .rel.iplt      0x08006488        0x0 C:/ST/STM32CubeIDE_1.16.0/STM32CubeIDE/plugins/com.st.stm32cube.ide.mcu.externaltools.gnu-tools-for-stm32.12.3.rel1.win32_1.0.200.202406191623/tools/bin/../lib/gcc/arm-none-eabi/12.3.1/thumb/v7e-m+fp/hard/crtbegin.o

.data           0x20000000       0x1c load address 0x08006488
                0x20000000                        . = ALIGN (0x4)
                0x20000000                        _sdata = .
 *(.data)
 *(.data*)
 .data.CurrentTextColor
                0x20000000        0x2 ./Core/Src/LCD_Driver.o
 *fill*         0x20000002        0x2 
 .data.Font16x24
                0x20000004        0x8 ./Core/Src/fonts.o
                0x20000004                Font16x24
 .data.SpiTimeout
                0x2000000c        0x4 ./Core/Src/ili9341.o
                0x2000000c                SpiTimeout
 .data.SystemCoreClock
                0x20000010        0x4 ./Core/Src/system_stm32f4xx.o
                0x20000010                SystemCoreClock
 .data.uwTickPrio
                0x20000014        0x4 ./Drivers/STM32F4xx_HAL_Driver/Src/stm32f4xx_hal.o
                0x20000014                uwTickPrio
 .data.uwTickFreq
                0x20000018        0x1 ./Drivers/STM32F4xx_HAL_Driver/Src/stm32f4xx_hal.o
                0x20000018                uwTickFreq
 *(.RamFunc)
 *(.RamFunc*)
                0x2000001c                        . = ALIGN (0x4)
 *fill*         0x20000019        0x3 
                0x2000001c                        _edata = .
                0x080064a4                        _siccmram = LOADADDR (.ccmram)

.igot.plt       0x2000001c        0x0 load address 0x080064a4
 .igot.plt      0x2000001c        0x0 C:/ST/STM32CubeIDE_1.16.0/STM32CubeIDE/plugins/com.st.stm32cube.ide.mcu.externaltools.gnu-tools-for-stm32.12.3.rel1.win32_1.0.200.202406191623/tools/bin/../lib/gcc/arm-none-eabi/12.3.1/thumb/v7e-m+fp/hard/crtbegin.o

.ccmram         0x10000000        0x0 load address 0x080064a4
                0x10000000                        . = ALIGN (0x4)
                0x10000000                        _sccmram = .
 *(.ccmram)
 *(.ccmram*)
                0x10000000                        . = ALIGN (0x4)
                0x10000000                        _eccmram = .
                0x10000000                        . = ALIGN (0x4)

.bss            0x2000001c    0x25a78
                0x2000001c                        _sbss = .
                0x2000001c                        __bss_start__ = _sbss
 *(.bss)
 .bss           0x2000001c       0x1c C:/ST/STM32CubeIDE_1.16.0/STM32CubeIDE/plugins/com.st.stm32cube.ide.mcu.externaltools.gnu-tools-for-stm32.12.3.rel1.win32_1.0.200.202406191623/tools/bin/../lib/gcc/arm-none-eabi/12.3.1/thumb/v7e-m+fp/hard/crtbegin.o
 *(.bss*)
 .bss.tetrominoe
                0x20000038       0x1a ./Core/Src/ApplicationCode.o
 *fill*         0x20000052        0x2 
 .bss.board     0x20000054       0xa8 ./Core/Src/ApplicationCode.o
 .bss.hltdc     0x200000fc       0xa8 ./Core/Src/LCD_Driver.o
 .bss.PeriphClkInitStruct
                0x200001a4       0x30 ./Core/Src/LCD_Driver.o
 .bss.LCD_Currentfonts
                0x200001d4        0x4 ./Core/Src/LCD_Driver.o
 .bss.frameBuffer
                0x200001d8    0x25800 ./Core/Src/LCD_Driver.o
                0x200001d8                frameBuffer
 .bss.hrng      0x200259d8       0x10 ./Core/Src/RNG_Driver.o
                0x200259d8                hrng
 .bss.randNum   0x200259e8        0x4 ./Core/Src/RNG_Driver.o
                0x200259e8                randNum
 .bss.htim6     0x200259ec       0x48 ./Core/Src/Timer_Driver.o
                0x200259ec                htim6
 .bss.SpiHandle
                0x20025a34       0x58 ./Core/Src/ili9341.o
 .bss.Is_LCD_IO_Initialized
                0x20025a8c        0x1 ./Core/Src/ili9341.o
 *fill*         0x20025a8d        0x3 
 .bss.uwTick    0x20025a90        0x4 ./Drivers/STM32F4xx_HAL_Driver/Src/stm32f4xx_hal.o
                0x20025a90                uwTick
 *(COMMON)
                0x20025a94                        . = ALIGN (0x4)
                0x20025a94                        _ebss = .
                0x20025a94                        __bss_end__ = _ebss

._user_heap_stack
                0x20025a94      0x604
                0x20025a98                        . = ALIGN (0x8)
 *fill*         0x20025a94        0x4 
                [!provide]                        PROVIDE (end = .)
                0x20025a98                        PROVIDE (_end = .)
                0x20025c98                        . = (. + _Min_Heap_Size)
 *fill*         0x20025a98      0x200 
                0x20026098                        . = (. + _Min_Stack_Size)
 *fill*         0x20025c98      0x400 
                0x20026098                        . = ALIGN (0x8)

/DISCARD/
 libc.a(*)
 libm.a(*)
 libgcc.a(*)

.ARM.attributes
                0x00000000       0x30
 *(.ARM.attributes)
 .ARM.attributes
                0x00000000       0x22 C:/ST/STM32CubeIDE_1.16.0/STM32CubeIDE/plugins/com.st.stm32cube.ide.mcu.externaltools.gnu-tools-for-stm32.12.3.rel1.win32_1.0.200.202406191623/tools/bin/../lib/gcc/arm-none-eabi/12.3.1/thumb/v7e-m+fp/hard/crti.o
 .ARM.attributes
                0x00000022       0x34 C:/ST/STM32CubeIDE_1.16.0/STM32CubeIDE/plugins/com.st.stm32cube.ide.mcu.externaltools.gnu-tools-for-stm32.12.3.rel1.win32_1.0.200.202406191623/tools/bin/../lib/gcc/arm-none-eabi/12.3.1/thumb/v7e-m+fp/hard/crtbegin.o
 .ARM.attributes
                0x00000056       0x34 ./Core/Src/ApplicationCode.o
 .ARM.attributes
                0x0000008a       0x34 ./Core/Src/Button_Driver.o
 .ARM.attributes
                0x000000be       0x34 ./Core/Src/LCD_Driver.o
 .ARM.attributes
                0x000000f2       0x34 ./Core/Src/RNG_Driver.o
 .ARM.attributes
                0x00000126       0x34 ./Core/Src/Tetris_Logic.o
 .ARM.attributes
                0x0000015a       0x34 ./Core/Src/Timer_Driver.o
 .ARM.attributes
                0x0000018e       0x34 ./Core/Src/fonts.o
 .ARM.attributes
                0x000001c2       0x34 ./Core/Src/ili9341.o
 .ARM.attributes
                0x000001f6       0x34 ./Core/Src/main.o
 .ARM.attributes
                0x0000022a       0x34 ./Core/Src/stm32f4xx_hal_msp.o
 .ARM.attributes
                0x0000025e       0x34 ./Core/Src/stm32f4xx_it.o
 .ARM.attributes
                0x00000292       0x34 ./Core/Src/syscalls.o
 .ARM.attributes
                0x000002c6       0x34 ./Core/Src/system_stm32f4xx.o
 .ARM.attributes
                0x000002fa       0x21 ./Core/Startup/startup_stm32f429zitx.o
 .ARM.attributes
                0x0000031b       0x34 ./Drivers/STM32F4xx_HAL_Driver/Src/stm32f4xx_hal.o
 .ARM.attributes
                0x0000034f       0x34 ./Drivers/STM32F4xx_HAL_Driver/Src/stm32f4xx_hal_cortex.o
 .ARM.attributes
                0x00000383       0x34 ./Drivers/STM32F4xx_HAL_Driver/Src/stm32f4xx_hal_exti.o
 .ARM.attributes
                0x000003b7       0x34 ./Drivers/STM32F4xx_HAL_Driver/Src/stm32f4xx_hal_gpio.o
 .ARM.attributes
                0x000003eb       0x34 ./Drivers/STM32F4xx_HAL_Driver/Src/stm32f4xx_hal_ltdc.o
 .ARM.attributes
                0x0000041f       0x34 ./Drivers/STM32F4xx_HAL_Driver/Src/stm32f4xx_hal_rcc.o
 .ARM.attributes
                0x00000453       0x34 ./Drivers/STM32F4xx_HAL_Driver/Src/stm32f4xx_hal_rcc_ex.o
 .ARM.attributes
                0x00000487       0x34 ./Drivers/STM32F4xx_HAL_Driver/Src/stm32f4xx_hal_rng.o
 .ARM.attributes
                0x000004bb       0x34 ./Drivers/STM32F4xx_HAL_Driver/Src/stm32f4xx_hal_spi.o
 .ARM.attributes
                0x000004ef       0x34 ./Drivers/STM32F4xx_HAL_Driver/Src/stm32f4xx_hal_tim.o
 .ARM.attributes
                0x00000523       0x34 ./Drivers/STM32F4xx_HAL_Driver/Src/stm32f4xx_hal_tim_ex.o
 .ARM.attributes
                0x00000557       0x34 C:/ST/STM32CubeIDE_1.16.0/STM32CubeIDE/plugins/com.st.stm32cube.ide.mcu.externaltools.gnu-tools-for-stm32.12.3.rel1.win32_1.0.200.202406191623/tools/bin/../lib/gcc/arm-none-eabi/12.3.1/../../../../arm-none-eabi/lib/thumb/v7e-m+fp/hard\libc_nano.a(libc_a-memset.o)
 .ARM.attributes
                0x0000058b       0x34 C:/ST/STM32CubeIDE_1.16.0/STM32CubeIDE/plugins/com.st.stm32cube.ide.mcu.externaltools.gnu-tools-for-stm32.12.3.rel1.win32_1.0.200.202406191623/tools/bin/../lib/gcc/arm-none-eabi/12.3.1/../../../../arm-none-eabi/lib/thumb/v7e-m+fp/hard\libc_nano.a(libc_a-init.o)
 .ARM.attributes
                0x000005bf       0x34 C:/ST/STM32CubeIDE_1.16.0/STM32CubeIDE/plugins/com.st.stm32cube.ide.mcu.externaltools.gnu-tools-for-stm32.12.3.rel1.win32_1.0.200.202406191623/tools/bin/../lib/gcc/arm-none-eabi/12.3.1/../../../../arm-none-eabi/lib/thumb/v7e-m+fp/hard\libc_nano.a(libc_a-memcpy-stub.o)
 .ARM.attributes
                0x000005f3       0x22 C:/ST/STM32CubeIDE_1.16.0/STM32CubeIDE/plugins/com.st.stm32cube.ide.mcu.externaltools.gnu-tools-for-stm32.12.3.rel1.win32_1.0.200.202406191623/tools/bin/../lib/gcc/arm-none-eabi/12.3.1/thumb/v7e-m+fp/hard\libgcc.a(_aeabi_uldivmod.o)
 .ARM.attributes
                0x00000615       0x34 C:/ST/STM32CubeIDE_1.16.0/STM32CubeIDE/plugins/com.st.stm32cube.ide.mcu.externaltools.gnu-tools-for-stm32.12.3.rel1.win32_1.0.200.202406191623/tools/bin/../lib/gcc/arm-none-eabi/12.3.1/thumb/v7e-m+fp/hard\libgcc.a(_udivmoddi4.o)
 .ARM.attributes
                0x00000649       0x22 C:/ST/STM32CubeIDE_1.16.0/STM32CubeIDE/plugins/com.st.stm32cube.ide.mcu.externaltools.gnu-tools-for-stm32.12.3.rel1.win32_1.0.200.202406191623/tools/bin/../lib/gcc/arm-none-eabi/12.3.1/thumb/v7e-m+fp/hard\libgcc.a(_dvmd_tls.o)
 .ARM.attributes
                0x0000066b       0x22 C:/ST/STM32CubeIDE_1.16.0/STM32CubeIDE/plugins/com.st.stm32cube.ide.mcu.externaltools.gnu-tools-for-stm32.12.3.rel1.win32_1.0.200.202406191623/tools/bin/../lib/gcc/arm-none-eabi/12.3.1/thumb/v7e-m+fp/hard/crtn.o
OUTPUT(ADalwadi_FinalProject.elf elf32-littlearm)
LOAD linker stubs
LOAD C:/ST/STM32CubeIDE_1.16.0/STM32CubeIDE/plugins/com.st.stm32cube.ide.mcu.externaltools.gnu-tools-for-stm32.12.3.rel1.win32_1.0.200.202406191623/tools/bin/../lib/gcc/arm-none-eabi/12.3.1/../../../../arm-none-eabi/lib/thumb/v7e-m+fp/hard\libc.a
LOAD C:/ST/STM32CubeIDE_1.16.0/STM32CubeIDE/plugins/com.st.stm32cube.ide.mcu.externaltools.gnu-tools-for-stm32.12.3.rel1.win32_1.0.200.202406191623/tools/bin/../lib/gcc/arm-none-eabi/12.3.1/../../../../arm-none-eabi/lib/thumb/v7e-m+fp/hard\libm.a
LOAD C:/ST/STM32CubeIDE_1.16.0/STM32CubeIDE/plugins/com.st.stm32cube.ide.mcu.externaltools.gnu-tools-for-stm32.12.3.rel1.win32_1.0.200.202406191623/tools/bin/../lib/gcc/arm-none-eabi/12.3.1/thumb/v7e-m+fp/hard\libgcc.a

.debug_info     0x00000000    0x11234
 .debug_info    0x00000000      0x5be ./Core/Src/ApplicationCode.o
 .debug_info    0x000005be      0x6c2 ./Core/Src/Button_Driver.o
 .debug_info    0x00000c80      0xe37 ./Core/Src/LCD_Driver.o
 .debug_info    0x00001ab7      0x43f ./Core/Src/RNG_Driver.o
 .debug_info    0x00001ef6      0xf2e ./Core/Src/Tetris_Logic.o
 .debug_info    0x00002e24      0x92a ./Core/Src/Timer_Driver.o
 .debug_info    0x0000374e      0x145 ./Core/Src/fonts.o
 .debug_info    0x00003893      0xc85 ./Core/Src/ili9341.o
 .debug_info    0x00004518      0x52c ./Core/Src/main.o
 .debug_info    0x00004a44     0x1a5e ./Core/Src/stm32f4xx_hal_msp.o
 .debug_info    0x000064a2      0x6e1 ./Core/Src/stm32f4xx_it.o
 .debug_info    0x00006b83      0x6a3 ./Core/Src/syscalls.o
 .debug_info    0x00007226      0x52e ./Core/Src/system_stm32f4xx.o
 .debug_info    0x00007754       0x30 ./Core/Startup/startup_stm32f429zitx.o
 .debug_info    0x00007784      0x9ba ./Drivers/STM32F4xx_HAL_Driver/Src/stm32f4xx_hal.o
 .debug_info    0x0000813e      0xdc2 ./Drivers/STM32F4xx_HAL_Driver/Src/stm32f4xx_hal_cortex.o
 .debug_info    0x00008f00      0x4f4 ./Drivers/STM32F4xx_HAL_Driver/Src/stm32f4xx_hal_exti.o
 .debug_info    0x000093f4      0x6db ./Drivers/STM32F4xx_HAL_Driver/Src/stm32f4xx_hal_gpio.o
 .debug_info    0x00009acf     0x1022 ./Drivers/STM32F4xx_HAL_Driver/Src/stm32f4xx_hal_ltdc.o
 .debug_info    0x0000aaf1      0x8c7 ./Drivers/STM32F4xx_HAL_Driver/Src/stm32f4xx_hal_rcc.o
 .debug_info    0x0000b3b8      0x64c ./Drivers/STM32F4xx_HAL_Driver/Src/stm32f4xx_hal_rcc_ex.o
 .debug_info    0x0000ba04      0x493 ./Drivers/STM32F4xx_HAL_Driver/Src/stm32f4xx_hal_rng.o
 .debug_info    0x0000be97     0x1525 ./Drivers/STM32F4xx_HAL_Driver/Src/stm32f4xx_hal_spi.o
 .debug_info    0x0000d3bc     0x299d ./Drivers/STM32F4xx_HAL_Driver/Src/stm32f4xx_hal_tim.o
 .debug_info    0x0000fd59     0x14db ./Drivers/STM32F4xx_HAL_Driver/Src/stm32f4xx_hal_tim_ex.o

.debug_abbrev   0x00000000     0x3070
 .debug_abbrev  0x00000000      0x18d ./Core/Src/ApplicationCode.o
 .debug_abbrev  0x0000018d      0x1af ./Core/Src/Button_Driver.o
 .debug_abbrev  0x0000033c      0x2c7 ./Core/Src/LCD_Driver.o
 .debug_abbrev  0x00000603      0x18f ./Core/Src/RNG_Driver.o
 .debug_abbrev  0x00000792      0x238 ./Core/Src/Tetris_Logic.o
 .debug_abbrev  0x000009ca      0x19e ./Core/Src/Timer_Driver.o
 .debug_abbrev  0x00000b68       0xc6 ./Core/Src/fonts.o
 .debug_abbrev  0x00000c2e      0x2c9 ./Core/Src/ili9341.o
 .debug_abbrev  0x00000ef7      0x1ef ./Core/Src/main.o
 .debug_abbrev  0x000010e6      0x266 ./Core/Src/stm32f4xx_hal_msp.o
 .debug_abbrev  0x0000134c      0x192 ./Core/Src/stm32f4xx_it.o
 .debug_abbrev  0x000014de      0x1b6 ./Core/Src/syscalls.o
 .debug_abbrev  0x00001694      0x11a ./Core/Src/system_stm32f4xx.o
 .debug_abbrev  0x000017ae       0x24 ./Core/Startup/startup_stm32f429zitx.o
 .debug_abbrev  0x000017d2      0x214 ./Drivers/STM32F4xx_HAL_Driver/Src/stm32f4xx_hal.o
 .debug_abbrev  0x000019e6      0x31d ./Drivers/STM32F4xx_HAL_Driver/Src/stm32f4xx_hal_cortex.o
 .debug_abbrev  0x00001d03      0x1c6 ./Drivers/STM32F4xx_HAL_Driver/Src/stm32f4xx_hal_exti.o
 .debug_abbrev  0x00001ec9      0x1d4 ./Drivers/STM32F4xx_HAL_Driver/Src/stm32f4xx_hal_gpio.o
 .debug_abbrev  0x0000209d      0x233 ./Drivers/STM32F4xx_HAL_Driver/Src/stm32f4xx_hal_ltdc.o
 .debug_abbrev  0x000022d0      0x2b7 ./Drivers/STM32F4xx_HAL_Driver/Src/stm32f4xx_hal_rcc.o
 .debug_abbrev  0x00002587      0x1b0 ./Drivers/STM32F4xx_HAL_Driver/Src/stm32f4xx_hal_rcc_ex.o
 .debug_abbrev  0x00002737      0x1c4 ./Drivers/STM32F4xx_HAL_Driver/Src/stm32f4xx_hal_rng.o
 .debug_abbrev  0x000028fb      0x27a ./Drivers/STM32F4xx_HAL_Driver/Src/stm32f4xx_hal_spi.o
 .debug_abbrev  0x00002b75      0x278 ./Drivers/STM32F4xx_HAL_Driver/Src/stm32f4xx_hal_tim.o
 .debug_abbrev  0x00002ded      0x283 ./Drivers/STM32F4xx_HAL_Driver/Src/stm32f4xx_hal_tim_ex.o

.debug_aranges  0x00000000     0x1150
 .debug_aranges
                0x00000000       0x30 ./Core/Src/ApplicationCode.o
 .debug_aranges
                0x00000030       0x30 ./Core/Src/Button_Driver.o
 .debug_aranges
                0x00000060       0x90 ./Core/Src/LCD_Driver.o
 .debug_aranges
                0x000000f0       0x30 ./Core/Src/RNG_Driver.o
 .debug_aranges
                0x00000120       0x98 ./Core/Src/Tetris_Logic.o
 .debug_aranges
                0x000001b8       0x30 ./Core/Src/Timer_Driver.o
 .debug_aranges
                0x000001e8       0x18 ./Core/Src/fonts.o
 .debug_aranges
                0x00000200       0x98 ./Core/Src/ili9341.o
 .debug_aranges
                0x00000298       0x38 ./Core/Src/main.o
 .debug_aranges
                0x000002d0       0x70 ./Core/Src/stm32f4xx_hal_msp.o
 .debug_aranges
                0x00000340       0x68 ./Core/Src/stm32f4xx_it.o
 .debug_aranges
                0x000003a8       0xa8 ./Core/Src/syscalls.o
 .debug_aranges
                0x00000450       0x28 ./Core/Src/system_stm32f4xx.o
 .debug_aranges
                0x00000478       0x28 ./Core/Startup/startup_stm32f429zitx.o
 .debug_aranges
                0x000004a0      0x100 ./Drivers/STM32F4xx_HAL_Driver/Src/stm32f4xx_hal.o
 .debug_aranges
                0x000005a0      0x130 ./Drivers/STM32F4xx_HAL_Driver/Src/stm32f4xx_hal_cortex.o
 .debug_aranges
                0x000006d0       0x60 ./Drivers/STM32F4xx_HAL_Driver/Src/stm32f4xx_hal_exti.o
 .debug_aranges
                0x00000730       0x58 ./Drivers/STM32F4xx_HAL_Driver/Src/stm32f4xx_hal_gpio.o
 .debug_aranges
                0x00000788      0x158 ./Drivers/STM32F4xx_HAL_Driver/Src/stm32f4xx_hal_ltdc.o
 .debug_aranges
                0x000008e0       0x88 ./Drivers/STM32F4xx_HAL_Driver/Src/stm32f4xx_hal_rcc.o
 .debug_aranges
                0x00000968       0x58 ./Drivers/STM32F4xx_HAL_Driver/Src/stm32f4xx_hal_rcc_ex.o
 .debug_aranges
                0x000009c0       0x88 ./Drivers/STM32F4xx_HAL_Driver/Src/stm32f4xx_hal_rng.o
 .debug_aranges
                0x00000a48      0x1d0 ./Drivers/STM32F4xx_HAL_Driver/Src/stm32f4xx_hal_spi.o
 .debug_aranges
                0x00000c18      0x3d0 ./Drivers/STM32F4xx_HAL_Driver/Src/stm32f4xx_hal_tim.o
 .debug_aranges
                0x00000fe8      0x168 ./Drivers/STM32F4xx_HAL_Driver/Src/stm32f4xx_hal_tim_ex.o

.debug_rnglists
                0x00000000      0xd25
 .debug_rnglists
                0x00000000       0x20 ./Core/Src/ApplicationCode.o
 .debug_rnglists
                0x00000020       0x1f ./Core/Src/Button_Driver.o
 .debug_rnglists
                0x0000003f       0x6d ./Core/Src/LCD_Driver.o
 .debug_rnglists
                0x000000ac       0x1f ./Core/Src/RNG_Driver.o
 .debug_rnglists
                0x000000cb       0x79 ./Core/Src/Tetris_Logic.o
 .debug_rnglists
                0x00000144       0x1f ./Core/Src/Timer_Driver.o
 .debug_rnglists
                0x00000163       0x6f ./Core/Src/ili9341.o
 .debug_rnglists
                0x000001d2       0x27 ./Core/Src/main.o
 .debug_rnglists
                0x000001f9       0x53 ./Core/Src/stm32f4xx_hal_msp.o
 .debug_rnglists
                0x0000024c       0x49 ./Core/Src/stm32f4xx_it.o
 .debug_rnglists
                0x00000295       0x79 ./Core/Src/syscalls.o
 .debug_rnglists
                0x0000030e       0x1a ./Core/Src/system_stm32f4xx.o
 .debug_rnglists
                0x00000328       0x19 ./Core/Startup/startup_stm32f429zitx.o
 .debug_rnglists
                0x00000341       0xbb ./Drivers/STM32F4xx_HAL_Driver/Src/stm32f4xx_hal.o
 .debug_rnglists
                0x000003fc       0xe0 ./Drivers/STM32F4xx_HAL_Driver/Src/stm32f4xx_hal_cortex.o
 .debug_rnglists
                0x000004dc       0x46 ./Drivers/STM32F4xx_HAL_Driver/Src/stm32f4xx_hal_exti.o
 .debug_rnglists
                0x00000522       0x3f ./Drivers/STM32F4xx_HAL_Driver/Src/stm32f4xx_hal_gpio.o
 .debug_rnglists
                0x00000561      0x10a ./Drivers/STM32F4xx_HAL_Driver/Src/stm32f4xx_hal_ltdc.o
 .debug_rnglists
                0x0000066b       0x66 ./Drivers/STM32F4xx_HAL_Driver/Src/stm32f4xx_hal_rcc.o
 .debug_rnglists
                0x000006d1       0x43 ./Drivers/STM32F4xx_HAL_Driver/Src/stm32f4xx_hal_rcc_ex.o
 .debug_rnglists
                0x00000714       0x63 ./Drivers/STM32F4xx_HAL_Driver/Src/stm32f4xx_hal_rng.o
 .debug_rnglists
                0x00000777      0x16f ./Drivers/STM32F4xx_HAL_Driver/Src/stm32f4xx_hal_spi.o
 .debug_rnglists
                0x000008e6      0x31a ./Drivers/STM32F4xx_HAL_Driver/Src/stm32f4xx_hal_tim.o
 .debug_rnglists
                0x00000c00      0x125 ./Drivers/STM32F4xx_HAL_Driver/Src/stm32f4xx_hal_tim_ex.o

.debug_macro    0x00000000    0x272b2
 .debug_macro   0x00000000      0x351 ./Core/Src/ApplicationCode.o
 .debug_macro   0x00000351      0xab4 ./Core/Src/ApplicationCode.o
 .debug_macro   0x00000e05      0x2ad ./Core/Src/ApplicationCode.o
 .debug_macro   0x000010b2       0x2e ./Core/Src/ApplicationCode.o
 .debug_macro   0x000010e0       0x28 ./Core/Src/ApplicationCode.o
 .debug_macro   0x00001108       0x22 ./Core/Src/ApplicationCode.o
 .debug_macro   0x0000112a       0x8e ./Core/Src/ApplicationCode.o
 .debug_macro   0x000011b8       0x51 ./Core/Src/ApplicationCode.o
 .debug_macro   0x00001209      0x103 ./Core/Src/ApplicationCode.o
 .debug_macro   0x0000130c       0x6a ./Core/Src/ApplicationCode.o
 .debug_macro   0x00001376      0x1df ./Core/Src/ApplicationCode.o
 .debug_macro   0x00001555       0x1c ./Core/Src/ApplicationCode.o
 .debug_macro   0x00001571       0x22 ./Core/Src/ApplicationCode.o
 .debug_macro   0x00001593       0xfb ./Core/Src/ApplicationCode.o
 .debug_macro   0x0000168e     0x1011 ./Core/Src/ApplicationCode.o
 .debug_macro   0x0000269f      0x11f ./Core/Src/ApplicationCode.o
 .debug_macro   0x000027be    0x17fd8 ./Core/Src/ApplicationCode.o
 .debug_macro   0x0001a796       0x6d ./Core/Src/ApplicationCode.o
 .debug_macro   0x0001a803     0x3711 ./Core/Src/ApplicationCode.o
 .debug_macro   0x0001df14      0x189 ./Core/Src/ApplicationCode.o
 .debug_macro   0x0001e09d       0x5c ./Core/Src/ApplicationCode.o
 .debug_macro   0x0001e0f9      0xcba ./Core/Src/ApplicationCode.o
 .debug_macro   0x0001edb3      0x9e9 ./Core/Src/ApplicationCode.o
 .debug_macro   0x0001f79c      0x115 ./Core/Src/ApplicationCode.o
 .debug_macro   0x0001f8b1      0x156 ./Core/Src/ApplicationCode.o
 .debug_macro   0x0001fa07       0xa5 ./Core/Src/ApplicationCode.o
 .debug_macro   0x0001faac      0x182 ./Core/Src/ApplicationCode.o
 .debug_macro   0x0001fc2e      0x287 ./Core/Src/ApplicationCode.o
 .debug_macro   0x0001feb5       0x5f ./Core/Src/ApplicationCode.o
 .debug_macro   0x0001ff14      0x236 ./Core/Src/ApplicationCode.o
 .debug_macro   0x0002014a      0x132 ./Core/Src/ApplicationCode.o
 .debug_macro   0x0002027c      0x41d ./Core/Src/ApplicationCode.o
 .debug_macro   0x00020699       0x2e ./Core/Src/ApplicationCode.o
 .debug_macro   0x000206c7      0x1b5 ./Core/Src/ApplicationCode.o
 .debug_macro   0x0002087c       0x22 ./Core/Src/ApplicationCode.o
 .debug_macro   0x0002089e       0xd6 ./Core/Src/ApplicationCode.o
 .debug_macro   0x00020974      0x198 ./Core/Src/ApplicationCode.o
 .debug_macro   0x00020b0c       0xd6 ./Core/Src/ApplicationCode.o
 .debug_macro   0x00020be2      0x127 ./Core/Src/ApplicationCode.o
 .debug_macro   0x00020d09       0xe2 ./Core/Src/ApplicationCode.o
 .debug_macro   0x00020deb       0x89 ./Core/Src/ApplicationCode.o
 .debug_macro   0x00020e74       0xa4 ./Core/Src/ApplicationCode.o
 .debug_macro   0x00020f18      0x225 ./Core/Src/ApplicationCode.o
 .debug_macro   0x0002113d      0x8ed ./Core/Src/ApplicationCode.o
 .debug_macro   0x00021a2a       0x4d ./Core/Src/ApplicationCode.o
 .debug_macro   0x00021a77      0x134 ./Core/Src/ApplicationCode.o
 .debug_macro   0x00021bab      0x332 ./Core/Src/ApplicationCode.o
 .debug_macro   0x00021edd       0x22 ./Core/Src/ApplicationCode.o
 .debug_macro   0x00021eff      0x179 ./Core/Src/ApplicationCode.o
 .debug_macro   0x00022078       0x8e ./Core/Src/ApplicationCode.o
 .debug_macro   0x00022106       0x61 ./Core/Src/ApplicationCode.o
 .debug_macro   0x00022167       0x2a ./Core/Src/ApplicationCode.o
 .debug_macro   0x00022191       0x43 ./Core/Src/ApplicationCode.o
 .debug_macro   0x000221d4       0x34 ./Core/Src/ApplicationCode.o
 .debug_macro   0x00022208       0x16 ./Core/Src/ApplicationCode.o
 .debug_macro   0x0002221e       0x35 ./Core/Src/ApplicationCode.o
 .debug_macro   0x00022253      0x369 ./Core/Src/ApplicationCode.o
 .debug_macro   0x000225bc       0x10 ./Core/Src/ApplicationCode.o
 .debug_macro   0x000225cc       0x16 ./Core/Src/ApplicationCode.o
 .debug_macro   0x000225e2       0x43 ./Core/Src/ApplicationCode.o
 .debug_macro   0x00022625       0x34 ./Core/Src/ApplicationCode.o
 .debug_macro   0x00022659       0x10 ./Core/Src/ApplicationCode.o
 .debug_macro   0x00022669       0x58 ./Core/Src/ApplicationCode.o
 .debug_macro   0x000226c1       0x8e ./Core/Src/ApplicationCode.o
 .debug_macro   0x0002274f       0x1c ./Core/Src/ApplicationCode.o
 .debug_macro   0x0002276b      0x177 ./Core/Src/ApplicationCode.o
 .debug_macro   0x000228e2       0x16 ./Core/Src/ApplicationCode.o
 .debug_macro   0x000228f8       0x16 ./Core/Src/ApplicationCode.o
 .debug_macro   0x0002290e      0x146 ./Core/Src/ApplicationCode.o
 .debug_macro   0x00022a54       0x1c ./Core/Src/ApplicationCode.o
 .debug_macro   0x00022a70       0xa0 ./Core/Src/ApplicationCode.o
 .debug_macro   0x00022b10       0x22 ./Core/Src/ApplicationCode.o
 .debug_macro   0x00022b32       0x16 ./Core/Src/ApplicationCode.o
 .debug_macro   0x00022b48      0x21a ./Core/Src/Button_Driver.o
 .debug_macro   0x00022d62       0x1c ./Core/Src/Button_Driver.o
 .debug_macro   0x00022d7e      0x245 ./Core/Src/LCD_Driver.o
 .debug_macro   0x00022fc3      0x223 ./Core/Src/RNG_Driver.o
 .debug_macro   0x000231e6       0x16 ./Core/Src/RNG_Driver.o
 .debug_macro   0x000231fc      0x329 ./Core/Src/Tetris_Logic.o
 .debug_macro   0x00023525       0x5b ./Core/Src/Tetris_Logic.o
 .debug_macro   0x00023580       0x94 ./Core/Src/Tetris_Logic.o
 .debug_macro   0x00023614       0x57 ./Core/Src/Tetris_Logic.o
 .debug_macro   0x0002366b       0x9e ./Core/Src/Tetris_Logic.o
 .debug_macro   0x00023709      0x10b ./Core/Src/Tetris_Logic.o
 .debug_macro   0x00023814       0x56 ./Core/Src/Tetris_Logic.o
 .debug_macro   0x0002386a      0x17f ./Core/Src/Tetris_Logic.o
 .debug_macro   0x000239e9      0x214 ./Core/Src/Timer_Driver.o
 .debug_macro   0x00023bfd       0x6d ./Core/Src/fonts.o
 .debug_macro   0x00023c6a      0x21a ./Core/Src/ili9341.o
 .debug_macro   0x00023e84      0x32c ./Core/Src/ili9341.o
 .debug_macro   0x000241b0      0x360 ./Core/Src/main.o
 .debug_macro   0x00024510      0x4c8 ./Core/Src/main.o
 .debug_macro   0x000249d8      0x21a ./Core/Src/stm32f4xx_hal_msp.o
 .debug_macro   0x00024bf2      0x224 ./Core/Src/stm32f4xx_it.o
 .debug_macro   0x00024e16      0x274 ./Core/Src/syscalls.o
 .debug_macro   0x0002508a       0x10 ./Core/Src/syscalls.o
 .debug_macro   0x0002509a       0x10 ./Core/Src/syscalls.o
 .debug_macro   0x000250aa       0x10 ./Core/Src/syscalls.o
 .debug_macro   0x000250ba       0x10 ./Core/Src/syscalls.o
 .debug_macro   0x000250ca       0x1c ./Core/Src/syscalls.o
 .debug_macro   0x000250e6       0x52 ./Core/Src/syscalls.o
 .debug_macro   0x00025138       0x22 ./Core/Src/syscalls.o
 .debug_macro   0x0002515a       0x10 ./Core/Src/syscalls.o
 .debug_macro   0x0002516a       0x52 ./Core/Src/syscalls.o
 .debug_macro   0x000251bc       0xcf ./Core/Src/syscalls.o
 .debug_macro   0x0002528b       0x1c ./Core/Src/syscalls.o
 .debug_macro   0x000252a7       0x3d ./Core/Src/syscalls.o
 .debug_macro   0x000252e4       0x35 ./Core/Src/syscalls.o
 .debug_macro   0x00025319      0x12c ./Core/Src/syscalls.o
 .debug_macro   0x00025445       0x16 ./Core/Src/syscalls.o
 .debug_macro   0x0002545b       0x16 ./Core/Src/syscalls.o
 .debug_macro   0x00025471       0x29 ./Core/Src/syscalls.o
 .debug_macro   0x0002549a       0x10 ./Core/Src/syscalls.o
 .debug_macro   0x000254aa      0x242 ./Core/Src/syscalls.o
 .debug_macro   0x000256ec       0x1c ./Core/Src/syscalls.o
 .debug_macro   0x00025708       0x10 ./Core/Src/syscalls.o
 .debug_macro   0x00025718      0x18a ./Core/Src/syscalls.o
 .debug_macro   0x000258a2       0x16 ./Core/Src/syscalls.o
 .debug_macro   0x000258b8       0xce ./Core/Src/syscalls.o
 .debug_macro   0x00025986      0x20b ./Core/Src/system_stm32f4xx.o
 .debug_macro   0x00025b91      0x26b ./Drivers/STM32F4xx_HAL_Driver/Src/stm32f4xx_hal.o
 .debug_macro   0x00025dfc      0x20b ./Drivers/STM32F4xx_HAL_Driver/Src/stm32f4xx_hal_cortex.o
 .debug_macro   0x00026007      0x20b ./Drivers/STM32F4xx_HAL_Driver/Src/stm32f4xx_hal_exti.o
 .debug_macro   0x00026212      0x211 ./Drivers/STM32F4xx_HAL_Driver/Src/stm32f4xx_hal_gpio.o
 .debug_macro   0x00026423      0x213 ./Drivers/STM32F4xx_HAL_Driver/Src/stm32f4xx_hal_ltdc.o
 .debug_macro   0x00026636      0x22f ./Drivers/STM32F4xx_HAL_Driver/Src/stm32f4xx_hal_rcc.o
 .debug_macro   0x00026865      0x20b ./Drivers/STM32F4xx_HAL_Driver/Src/stm32f4xx_hal_rcc_ex.o
 .debug_macro   0x00026a70      0x211 ./Drivers/STM32F4xx_HAL_Driver/Src/stm32f4xx_hal_rng.o
 .debug_macro   0x00026c81      0x21a ./Drivers/STM32F4xx_HAL_Driver/Src/stm32f4xx_hal_spi.o
 .debug_macro   0x00026e9b      0x20c ./Drivers/STM32F4xx_HAL_Driver/Src/stm32f4xx_hal_tim.o
 .debug_macro   0x000270a7      0x20b ./Drivers/STM32F4xx_HAL_Driver/Src/stm32f4xx_hal_tim_ex.o

.debug_line     0x00000000    0x15f2f
 .debug_line    0x00000000      0xa01 ./Core/Src/ApplicationCode.o
 .debug_line    0x00000a01      0x816 ./Core/Src/Button_Driver.o
 .debug_line    0x00001217      0xb89 ./Core/Src/LCD_Driver.o
 .debug_line    0x00001da0      0x852 ./Core/Src/RNG_Driver.o
 .debug_line    0x000025f2     0x16a0 ./Core/Src/Tetris_Logic.o
 .debug_line    0x00003c92      0x816 ./Core/Src/Timer_Driver.o
 .debug_line    0x000044a8      0x412 ./Core/Src/fonts.o
 .debug_line    0x000048ba      0xa0a ./Core/Src/ili9341.o
 .debug_line    0x000052c4      0xa6b ./Core/Src/main.o
 .debug_line    0x00005d2f      0x9cc ./Core/Src/stm32f4xx_hal_msp.o
 .debug_line    0x000066fb      0x8a3 ./Core/Src/stm32f4xx_it.o
 .debug_line    0x00006f9e      0x8b2 ./Core/Src/syscalls.o
 .debug_line    0x00007850      0x84d ./Core/Src/system_stm32f4xx.o
 .debug_line    0x0000809d       0x7a ./Core/Startup/startup_stm32f429zitx.o
 .debug_line    0x00008117      0xaec ./Drivers/STM32F4xx_HAL_Driver/Src/stm32f4xx_hal.o
 .debug_line    0x00008c03      0xda8 ./Drivers/STM32F4xx_HAL_Driver/Src/stm32f4xx_hal_cortex.o
 .debug_line    0x000099ab      0xac2 ./Drivers/STM32F4xx_HAL_Driver/Src/stm32f4xx_hal_exti.o
 .debug_line    0x0000a46d      0xc6a ./Drivers/STM32F4xx_HAL_Driver/Src/stm32f4xx_hal_gpio.o
 .debug_line    0x0000b0d7     0x186d ./Drivers/STM32F4xx_HAL_Driver/Src/stm32f4xx_hal_ltdc.o
 .debug_line    0x0000c944      0xe41 ./Drivers/STM32F4xx_HAL_Driver/Src/stm32f4xx_hal_rcc.o
 .debug_line    0x0000d785      0xc8b ./Drivers/STM32F4xx_HAL_Driver/Src/stm32f4xx_hal_rcc_ex.o
 .debug_line    0x0000e410      0xa45 ./Drivers/STM32F4xx_HAL_Driver/Src/stm32f4xx_hal_rng.o
 .debug_line    0x0000ee55     0x1dd4 ./Drivers/STM32F4xx_HAL_Driver/Src/stm32f4xx_hal_spi.o
 .debug_line    0x00010c29     0x385a ./Drivers/STM32F4xx_HAL_Driver/Src/stm32f4xx_hal_tim.o
 .debug_line    0x00014483     0x1aac ./Drivers/STM32F4xx_HAL_Driver/Src/stm32f4xx_hal_tim_ex.o

.debug_str      0x00000000    0xe2048
 .debug_str     0x00000000    0xda9c2 ./Core/Src/ApplicationCode.o
                              0xdacf0 (size before relaxing)
 .debug_str     0x000da9c2      0x1ec ./Core/Src/Button_Driver.o
                              0xd6018 (size before relaxing)
 .debug_str     0x000dabae      0x572 ./Core/Src/LCD_Driver.o
                              0xd7482 (size before relaxing)
 .debug_str     0x000db120      0x106 ./Core/Src/RNG_Driver.o
                              0xd5b22 (size before relaxing)
 .debug_str     0x000db226      0x16f ./Core/Src/Tetris_Logic.o
                              0xda7d1 (size before relaxing)
 .debug_str     0x000db395      0x525 ./Core/Src/Timer_Driver.o
                              0xd5f81 (size before relaxing)
 .debug_str     0x000db8ba       0x36 ./Core/Src/fonts.o
                               0x3db8 (size before relaxing)
 .debug_str     0x000db8f0      0x33e ./Core/Src/ili9341.o
                              0xd6c03 (size before relaxing)
 .debug_str     0x000dbc2e     0x1066 ./Core/Src/main.o
                              0xdb7ad (size before relaxing)
 .debug_str     0x000dcc94      0x3a6 ./Core/Src/stm32f4xx_hal_msp.o
                              0xd7d6f (size before relaxing)
 .debug_str     0x000dd03a       0xf0 ./Core/Src/stm32f4xx_it.o
                              0xd6d55 (size before relaxing)
 .debug_str     0x000dd12a     0x20a2 ./Core/Src/syscalls.o
                               0x98ef (size before relaxing)
 .debug_str     0x000df1cc       0xdb ./Core/Src/system_stm32f4xx.o
                              0xd59f5 (size before relaxing)
 .debug_str     0x000df2a7       0x44 ./Core/Startup/startup_stm32f429zitx.o
                                 0xba (size before relaxing)
 .debug_str     0x000df2eb      0x61c ./Drivers/STM32F4xx_HAL_Driver/Src/stm32f4xx_hal.o
                              0xd6618 (size before relaxing)
 .debug_str     0x000df907      0x36b ./Drivers/STM32F4xx_HAL_Driver/Src/stm32f4xx_hal_cortex.o
                              0xd6346 (size before relaxing)
 .debug_str     0x000dfc72      0x1c2 ./Drivers/STM32F4xx_HAL_Driver/Src/stm32f4xx_hal_exti.o
                              0xd5a4e (size before relaxing)
 .debug_str     0x000dfe34       0xcb ./Drivers/STM32F4xx_HAL_Driver/Src/stm32f4xx_hal_gpio.o
                              0xd5b70 (size before relaxing)
 .debug_str     0x000dfeff      0x4a5 ./Drivers/STM32F4xx_HAL_Driver/Src/stm32f4xx_hal_ltdc.o
                              0xd6059 (size before relaxing)
 .debug_str     0x000e03a4      0x233 ./Drivers/STM32F4xx_HAL_Driver/Src/stm32f4xx_hal_rcc.o
                              0xd5e29 (size before relaxing)
 .debug_str     0x000e05d7      0x133 ./Drivers/STM32F4xx_HAL_Driver/Src/stm32f4xx_hal_rcc_ex.o
                              0xd5bf0 (size before relaxing)
 .debug_str     0x000e070a      0x143 ./Drivers/STM32F4xx_HAL_Driver/Src/stm32f4xx_hal_rng.o
                              0xd5ae2 (size before relaxing)
 .debug_str     0x000e084d      0x54f ./Drivers/STM32F4xx_HAL_Driver/Src/stm32f4xx_hal_spi.o
                              0xd62a0 (size before relaxing)
 .debug_str     0x000e0d9c      0xe19 ./Drivers/STM32F4xx_HAL_Driver/Src/stm32f4xx_hal_tim.o
                              0xd6d6c (size before relaxing)
 .debug_str     0x000e1bb5      0x493 ./Drivers/STM32F4xx_HAL_Driver/Src/stm32f4xx_hal_tim_ex.o
                              0xd6578 (size before relaxing)

.comment        0x00000000       0x43
 .comment       0x00000000       0x43 ./Core/Src/ApplicationCode.o
                                 0x44 (size before relaxing)
 .comment       0x00000043       0x44 ./Core/Src/Button_Driver.o
 .comment       0x00000043       0x44 ./Core/Src/LCD_Driver.o
 .comment       0x00000043       0x44 ./Core/Src/RNG_Driver.o
 .comment       0x00000043       0x44 ./Core/Src/Tetris_Logic.o
 .comment       0x00000043       0x44 ./Core/Src/Timer_Driver.o
 .comment       0x00000043       0x44 ./Core/Src/fonts.o
 .comment       0x00000043       0x44 ./Core/Src/ili9341.o
 .comment       0x00000043       0x44 ./Core/Src/main.o
 .comment       0x00000043       0x44 ./Core/Src/stm32f4xx_hal_msp.o
 .comment       0x00000043       0x44 ./Core/Src/stm32f4xx_it.o
 .comment       0x00000043       0x44 ./Core/Src/syscalls.o
 .comment       0x00000043       0x44 ./Core/Src/system_stm32f4xx.o
 .comment       0x00000043       0x44 ./Drivers/STM32F4xx_HAL_Driver/Src/stm32f4xx_hal.o
 .comment       0x00000043       0x44 ./Drivers/STM32F4xx_HAL_Driver/Src/stm32f4xx_hal_cortex.o
 .comment       0x00000043       0x44 ./Drivers/STM32F4xx_HAL_Driver/Src/stm32f4xx_hal_exti.o
 .comment       0x00000043       0x44 ./Drivers/STM32F4xx_HAL_Driver/Src/stm32f4xx_hal_gpio.o
 .comment       0x00000043       0x44 ./Drivers/STM32F4xx_HAL_Driver/Src/stm32f4xx_hal_ltdc.o
 .comment       0x00000043       0x44 ./Drivers/STM32F4xx_HAL_Driver/Src/stm32f4xx_hal_rcc.o
 .comment       0x00000043       0x44 ./Drivers/STM32F4xx_HAL_Driver/Src/stm32f4xx_hal_rcc_ex.o
 .comment       0x00000043       0x44 ./Drivers/STM32F4xx_HAL_Driver/Src/stm32f4xx_hal_rng.o
 .comment       0x00000043       0x44 ./Drivers/STM32F4xx_HAL_Driver/Src/stm32f4xx_hal_spi.o
 .comment       0x00000043       0x44 ./Drivers/STM32F4xx_HAL_Driver/Src/stm32f4xx_hal_tim.o
 .comment       0x00000043       0x44 ./Drivers/STM32F4xx_HAL_Driver/Src/stm32f4xx_hal_tim_ex.o

.debug_frame    0x00000000     0x4790
 .debug_frame   0x00000000       0x88 ./Core/Src/ApplicationCode.o
 .debug_frame   0x00000088       0x7c ./Core/Src/Button_Driver.o
 .debug_frame   0x00000104      0x22c ./Core/Src/LCD_Driver.o
 .debug_frame   0x00000330       0x74 ./Core/Src/RNG_Driver.o
 .debug_frame   0x000003a4      0x318 ./Core/Src/Tetris_Logic.o
 .debug_frame   0x000006bc       0x6c ./Core/Src/Timer_Driver.o
 .debug_frame   0x00000728      0x228 ./Core/Src/ili9341.o
 .debug_frame   0x00000950       0x8c ./Core/Src/main.o
 .debug_frame   0x000009dc      0x1a8 ./Core/Src/stm32f4xx_hal_msp.o
 .debug_frame   0x00000b84      0x120 ./Core/Src/stm32f4xx_it.o
 .debug_frame   0x00000ca4      0x2ac ./Core/Src/syscalls.o
 .debug_frame   0x00000f50       0x58 ./Core/Src/system_stm32f4xx.o
 .debug_frame   0x00000fa8      0x3b4 ./Drivers/STM32F4xx_HAL_Driver/Src/stm32f4xx_hal.o
 .debug_frame   0x0000135c      0x508 ./Drivers/STM32F4xx_HAL_Driver/Src/stm32f4xx_hal_cortex.o
 .debug_frame   0x00001864      0x174 ./Drivers/STM32F4xx_HAL_Driver/Src/stm32f4xx_hal_exti.o
 .debug_frame   0x000019d8      0x14c ./Drivers/STM32F4xx_HAL_Driver/Src/stm32f4xx_hal_gpio.o
 .debug_frame   0x00001b24      0x61c ./Drivers/STM32F4xx_HAL_Driver/Src/stm32f4xx_hal_ltdc.o
 .debug_frame   0x00002140      0x1f4 ./Drivers/STM32F4xx_HAL_Driver/Src/stm32f4xx_hal_rcc.o
 .debug_frame   0x00002334      0x13c ./Drivers/STM32F4xx_HAL_Driver/Src/stm32f4xx_hal_rcc_ex.o
 .debug_frame   0x00002470      0x22c ./Drivers/STM32F4xx_HAL_Driver/Src/stm32f4xx_hal_rng.o
 .debug_frame   0x0000269c      0x828 ./Drivers/STM32F4xx_HAL_Driver/Src/stm32f4xx_hal_spi.o
 .debug_frame   0x00002ec4     0x11c0 ./Drivers/STM32F4xx_HAL_Driver/Src/stm32f4xx_hal_tim.o
 .debug_frame   0x00004084      0x638 ./Drivers/STM32F4xx_HAL_Driver/Src/stm32f4xx_hal_tim_ex.o
 .debug_frame   0x000046bc       0x20 C:/ST/STM32CubeIDE_1.16.0/STM32CubeIDE/plugins/com.st.stm32cube.ide.mcu.externaltools.gnu-tools-for-stm32.12.3.rel1.win32_1.0.200.202406191623/tools/bin/../lib/gcc/arm-none-eabi/12.3.1/../../../../arm-none-eabi/lib/thumb/v7e-m+fp/hard\libc_nano.a(libc_a-memset.o)
 .debug_frame   0x000046dc       0x2c C:/ST/STM32CubeIDE_1.16.0/STM32CubeIDE/plugins/com.st.stm32cube.ide.mcu.externaltools.gnu-tools-for-stm32.12.3.rel1.win32_1.0.200.202406191623/tools/bin/../lib/gcc/arm-none-eabi/12.3.1/../../../../arm-none-eabi/lib/thumb/v7e-m+fp/hard\libc_nano.a(libc_a-init.o)
 .debug_frame   0x00004708       0x28 C:/ST/STM32CubeIDE_1.16.0/STM32CubeIDE/plugins/com.st.stm32cube.ide.mcu.externaltools.gnu-tools-for-stm32.12.3.rel1.win32_1.0.200.202406191623/tools/bin/../lib/gcc/arm-none-eabi/12.3.1/../../../../arm-none-eabi/lib/thumb/v7e-m+fp/hard\libc_nano.a(libc_a-memcpy-stub.o)
 .debug_frame   0x00004730       0x2c C:/ST/STM32CubeIDE_1.16.0/STM32CubeIDE/plugins/com.st.stm32cube.ide.mcu.externaltools.gnu-tools-for-stm32.12.3.rel1.win32_1.0.200.202406191623/tools/bin/../lib/gcc/arm-none-eabi/12.3.1/thumb/v7e-m+fp/hard\libgcc.a(_aeabi_uldivmod.o)
 .debug_frame   0x0000475c       0x34 C:/ST/STM32CubeIDE_1.16.0/STM32CubeIDE/plugins/com.st.stm32cube.ide.mcu.externaltools.gnu-tools-for-stm32.12.3.rel1.win32_1.0.200.202406191623/tools/bin/../lib/gcc/arm-none-eabi/12.3.1/thumb/v7e-m+fp/hard\libgcc.a(_udivmoddi4.o)

.debug_line_str
                0x00000000       0x9e
 .debug_line_str
                0x00000000       0x9e ./Core/Startup/startup_stm32f429zitx.o
